ARM Linker, 5.03 [Build 76] [MDK-ARM Standard]

==============================================================================

Section Cross References

    main.o(.text) refers to dev.o(.text) for RCC_Configuration
    main.o(.text) refers to deal.o(.text) for PowerUp
    main.o(.text) refers to stm32f10x_gpio.o(.text) for GPIO_SetBits
    main.o(.text) refers to main.o(.data) for Com3first
    main.o(.text) refers to main.o(.bss) for RxQUE3
    stm32f10x_it.o(.text) refers to stm32f10x_rtc.o(.text) for RTC_GetITStatus
    stm32f10x_it.o(.text) refers to stm32f10x_gpio.o(.text) for GPIO_SetBits
    stm32f10x_it.o(.text) refers to stm32f10x_usart.o(.text) for USART_GetITStatus
    stm32f10x_it.o(.text) refers to dev.o(.text) for USART3send
    stm32f10x_it.o(.text) refers to stm32f10x_adc.o(.text) for ADC_GetConversionValue
    stm32f10x_it.o(.text) refers to main.o(.data) for TimingDelay
    stm32f10x_it.o(.text) refers to main.o(.bss) for RxQUE3
    dev.o(.text) refers to stm32f10x_rcc.o(.text) for RCC_HSICmd
    dev.o(.text) refers to stm32f10x_flash.o(.text) for FLASH_PrefetchBufferCmd
    dev.o(.text) refers to stm32f10x_pwr.o(.text) for PWR_BackupAccessCmd
    dev.o(.text) refers to misc.o(.text) for NVIC_SetVectorTable
    dev.o(.text) refers to stm32f10x_gpio.o(.text) for GPIO_Init
    dev.o(.text) refers to stm32f10x_adc.o(.text) for ADC_Init
    dev.o(.text) refers to stm32f10x_rtc.o(.text) for RTC_WaitForSynchro
    dev.o(.text) refers to stm32f10x_bkp.o(.text) for BKP_TamperPinCmd
    dev.o(.text) refers to stm32f10x_usart.o(.text) for USART_Init
    dev.o(.text) refers to main.o(.data) for ADCTure
    dev.o(.text) refers to main.o(.bss) for ADCConvertedValue
    dev.o(.text) refers to stm32f10x_tim.o(.text) for TIM_Cmd
    dev.o(.text) refers to stm32f10x_iwdg.o(.text) for IWDG_WriteAccessCmd
    dev.o(.text) refers to deal.o(.text) for PowerDown
    dev.o(.text) refers to system_stm32f10x.o(.data) for SystemCoreClock
    deal.o(.text) refers to _printf_percent.o(.ARM.Collect$$_printf_percent$$00000000) for _printf_percent
    deal.o(.text) refers to _printf_d.o(.ARM.Collect$$_printf_percent$$00000009) for _printf_d
    deal.o(.text) refers to _printf_dec.o(.text) for _printf_int_dec
    deal.o(.text) refers to dev.o(.text) for NumOfQue
    deal.o(.text) refers to rt_memclr.o(.text) for __aeabi_memclr
    deal.o(.text) refers to stm32f10x_gpio.o(.text) for GPIO_SetBits
    deal.o(.text) refers to rt_memcpy_w.o(.text) for __aeabi_memcpy4
    deal.o(.text) refers to rt_memclr_w.o(.text) for __aeabi_memclr4
    deal.o(.text) refers to noretval__2sprintf.o(.text) for __2sprintf
    deal.o(.text) refers to strlen.o(.text) for strlen
    deal.o(.text) refers to strstr.o(.text) for strstr
    deal.o(.text) refers to stm32f10x_bkp.o(.text) for BKP_WriteBackupRegister
    deal.o(.text) refers to stm32f10x_pwr.o(.text) for PWR_EnterSTANDBYMode
    deal.o(.text) refers to stm32f10x_usart.o(.text) for USART_ITConfig
    deal.o(.text) refers to main.o(.bss) for RxQUE3
    deal.o(.text) refers to main.o(.data) for Rx2len
    deal.o(.text) refers to deal.o(.constdata) for .constdata
    stm32f10x_adc.o(.text) refers to stm32f10x_rcc.o(.text) for RCC_APB2PeriphResetCmd
    stm32f10x_bkp.o(.text) refers to stm32f10x_rcc.o(.text) for RCC_BackupResetCmd
    stm32f10x_can.o(.text) refers to stm32f10x_rcc.o(.text) for RCC_APB1PeriphResetCmd
    stm32f10x_cec.o(.text) refers to stm32f10x_rcc.o(.text) for RCC_APB1PeriphResetCmd
    stm32f10x_dac.o(.text) refers to stm32f10x_rcc.o(.text) for RCC_APB1PeriphResetCmd
    stm32f10x_gpio.o(.text) refers to stm32f10x_rcc.o(.text) for RCC_APB2PeriphResetCmd
    stm32f10x_i2c.o(.text) refers to stm32f10x_rcc.o(.text) for RCC_APB1PeriphResetCmd
    stm32f10x_pwr.o(.text) refers to stm32f10x_rcc.o(.text) for RCC_APB1PeriphResetCmd
    stm32f10x_rcc.o(.text) refers to stm32f10x_rcc.o(.data) for APBAHBPrescTable
    stm32f10x_spi.o(.text) refers to stm32f10x_rcc.o(.text) for RCC_APB2PeriphResetCmd
    stm32f10x_tim.o(.text) refers to stm32f10x_rcc.o(.text) for RCC_APB2PeriphResetCmd
    stm32f10x_usart.o(.text) refers to stm32f10x_rcc.o(.text) for RCC_APB2PeriphResetCmd
    stm32f10x_wwdg.o(.text) refers to stm32f10x_rcc.o(.text) for RCC_APB1PeriphResetCmd
    startup_stm32f10x_md_vl.o(STACK) refers (Special) to system_stm32f10x.o(.text) for SystemInit
    startup_stm32f10x_md_vl.o(STACK) refers (Special) to heapauxi.o(.text) for __use_two_region_memory
    startup_stm32f10x_md_vl.o(HEAP) refers (Special) to system_stm32f10x.o(.text) for SystemInit
    startup_stm32f10x_md_vl.o(HEAP) refers (Special) to heapauxi.o(.text) for __use_two_region_memory
    startup_stm32f10x_md_vl.o(RESET) refers (Special) to system_stm32f10x.o(.text) for SystemInit
    startup_stm32f10x_md_vl.o(RESET) refers (Special) to heapauxi.o(.text) for __use_two_region_memory
[...]
    libshutdown.o(.ARM.Collect$$libshutdown$$00000000) refers (Special) to libshutdown2.o(.ARM.Collect$$libshutdown$$0000000B) for __rt_lib_shutdown_user_alloc_1
    sys_command.o(.text) refers (Special) to use_no_semi.o(.text) for __I$use$semihosting
    sys_command.o(.text) refers (Special) to indicate_semi.o(.text) for __semihosting_library_function
    defsig_rtmem_outer.o(.text) refers to defsig_rtmem_inner.o(.text) for __rt_SIGRTMEM_inner
    defsig_rtmem_outer.o(.text) refers to defsig_exit.o(.text) for __sig_exit
    defsig_rtmem_formal.o(.text) refers to rt_raise.o(.text) for __rt_raise
    rt_raise.o(.text) refers to __raise.o(.text) for __raise
    rt_raise.o(.text) refers to sys_exit.o(.text) for _sys_exit
    defsig_exit.o(.text) refers to sys_exit.o(.text) for _sys_exit
    defsig_rtmem_inner.o(.text) refers to defsig_general.o(.text) for __default_signal_display
    __raise.o(.text) refers to defsig.o(CL$$defsig) for __default_signal_handler
    defsig_general.o(.text) refers to sys_wrch.o(.text) for _ttywrch
    sys_wrch.o(.text) refers (Special) to use_no_semi.o(.text) for __I$use$semihosting
    sys_wrch.o(.text) refers (Special) to indicate_semi.o(.text) for __semihosting_library_function
    defsig.o(CL$$defsig) refers to defsig_rtmem_inner.o(.text) for __rt_SIGRTMEM_inner
    defsig_abrt_inner.o(.text) refers to defsig_general.o(.text) for __default_signal_display
    defsig_fpe_inner.o(.text) refers to defsig_general.o(.text) for __default_signal_display
    defsig_rtred_inner.o(.text) refers to defsig_general.o(.text) for __default_signal_display
    defsig_stak_inner.o(.text) refers to defsig_general.o(.text) for __default_signal_display
    defsig_pvfn_inner.o(.text) refers to defsig_general.o(.text) for __default_signal_display
    defsig_cppl_inner.o(.text) refers to defsig_general.o(.text) for __default_signal_display
    defsig_segv_inner.o(.text) refers to defsig_general.o(.text) for __default_signal_display
    defsig_other.o(.text) refers to defsig_general.o(.text) for __default_signal_display


==============================================================================

Removing Unused input sections from the image.

    Removing stm32f10x_can.o(.text), (2540 bytes).
    Removing stm32f10x_cec.o(.text), (288 bytes).
    Removing stm32f10x_crc.o(.text), (72 bytes).
    Removing stm32f10x_dac.o(.text), (528 bytes).
    Removing stm32f10x_dbgmcu.o(.text), (48 bytes).
    Removing stm32f10x_dma.o(.text), (592 bytes).
    Removing stm32f10x_exti.o(.text), (284 bytes).
    Removing stm32f10x_i2c.o(.text), (1028 bytes).
    Removing stm32f10x_sdio.o(.text), (472 bytes).
    Removing stm32f10x_spi.o(.text), (780 bytes).
    Removing stm32f10x_wwdg.o(.text), (136 bytes).
    Removing core_cm3.o(.emb_text), (32 bytes).

12 unused section(s) (total 6800 bytes) removed from the image.

==============================================================================

Image Symbol Table

    Local Symbols

    Symbol Name                              Value     Ov Type        Size  Object(Section)

    ../clib/angel/boardlib.s                 0x00000000   Number         0  boardinit3.o ABSOLUTE
    ../clib/angel/boardlib.s                 0x00000000   Number         0  boardshut.o ABSOLUTE
    ../clib/angel/boardlib.s                 0x00000000   Number         0  boardinit1.o ABSOLUTE
    ../clib/angel/boardlib.s                 0x00000000   Number         0  boardinit2.o ABSOLUTE
    ../clib/angel/handlers.s                 0x00000000   Number         0  __scatter_zi.o ABSOLUTE
    ../clib/angel/handlers.s                 0x00000000   Number         0  __scatter_copy.o ABSOLUTE
    ../clib/angel/kernel.s                   0x00000000   Number         0  rtentry4.o ABSOLUTE
    ../clib/angel/kernel.s                   0x00000000   Number         0  rtexit2.o ABSOLUTE
    ../clib/angel/kernel.s                   0x00000000   Number         0  rtentry2.o ABSOLUTE
    ../clib/angel/kernel.s                   0x00000000   Number         0  rtentry.o ABSOLUTE
    ../clib/angel/kernel.s                   0x00000000   Number         0  rtexit.o ABSOLUTE
    ../clib/angel/rt.s                       0x00000000   Number         0  rt_raise.o ABSOLUTE
    ../clib/angel/scatter.s                  0x00000000   Number         0  __scatter.o ABSOLUTE
    ../clib/angel/startup.s                  0x00000000   Number         0  __main.o ABSOLUTE
    ../clib/angel/sys.s                      0x00000000   Number         0  libspace.o ABSOLUTE
    ../clib/angel/sys.s                      0x00000000   Number         0  indicate_semi.o ABSOLUTE
    ../clib/angel/sys.s                      0x00000000   Number         0  use_no_semi.o ABSOLUTE
    ../clib/angel/sys.s                      0x00000000   Number         0  sys_stackheap_outer.o ABSOLUTE
    ../clib/angel/sysapp.c                   0x00000000   Number         0  sys_exit.o ABSOLUTE
    ../clib/angel/sysapp.c                   0x00000000   Number         0  sys_command.o ABSOLUTE
    ../clib/angel/sysapp.c                   0x00000000   Number         0  sys_wrch.o ABSOLUTE
    ../clib/armsys.c                         0x00000000   Number         0  no_argv.o ABSOLUTE
    ../clib/armsys.c                         0x00000000   Number         0  argv_veneer.o ABSOLUTE
    ../clib/armsys.c                         0x00000000   Number         0  argv_veneer.o ABSOLUTE
    ../clib/armsys.c                         0x00000000   Number         0  _get_argv_nomalloc.o ABSOLUTE
    ../clib/heapalloc.c                      0x00000000   Number         0  hrguard.o ABSOLUTE
    ../clib/heapaux.c                        0x00000000   Number         0  heapauxi.o ABSOLUTE
    ../clib/libinit.s                        0x00000000   Number         0  libshutdown.o ABSOLUTE
    ../clib/libinit.s                        0x00000000   Number         0  libinit2.o ABSOLUTE
    ../clib/libinit.s                        0x00000000   Number         0  libinit.o ABSOLUTE
    ../clib/libinit.s                        0x00000000   Number         0  libshutdown2.o ABSOLUTE
    ../clib/memcpset.s                       0x00000000   Number         0  rt_memclr_w.o ABSOLUTE
    ../clib/memcpset.s                       0x00000000   Number         0  rt_memcpy_w.o ABSOLUTE
    ../clib/memcpset.s                       0x00000000   Number         0  rt_memclr.o ABSOLUTE
    ../clib/printf.c                         0x00000000   Number         0  _sputc.o ABSOLUTE
    ../clib/printf.c                         0x00000000   Number         0  _printf_char_common.o ABSOLUTE
    ../clib/printf.c                         0x00000000   Number         0  __printf_ss_wp.o ABSOLUTE
    ../clib/printf.c                         0x00000000   Number         0  _printf_dec.o ABSOLUTE
    ../clib/printf.c                         0x00000000   Number         0  noretval__2sprintf.o ABSOLUTE
    ../clib/printf.c                         0x00000000   Number         0  __printf_flags.o ABSOLUTE
    ../clib/printf.c                         0x00000000   Number         0  __printf_ss.o ABSOLUTE
    ../clib/printf.c                         0x00000000   Number         0  __printf.o ABSOLUTE
    ../clib/printf.c                         0x00000000   Number         0  __printf_wp.o ABSOLUTE
    ../clib/printf.c                         0x00000000   Number         0  __printf_flags_wp.o ABSOLUTE
    ../clib/printf.c                         0x00000000   Number         0  __printf_flags_ss_wp.o ABSOLUTE
    ../clib/printf.c                         0x00000000   Number         0  __printf_nopercent.o ABSOLUTE
    ../clib/printf.c                         0x00000000   Number         0  __2sprintf.o ABSOLUTE
    ../clib/printf.c                         0x00000000   Number         0  __printf_flags_ss.o ABSOLUTE
    ../clib/printf.c                         0x00000000   Number         0  _printf_intcommon.o ABSOLUTE
    ../clib/printf_percent.s                 0x00000000   Number         0  _printf_percent_end.o ABSOLUTE
    ../clib/printf_percent.s                 0x00000000   Number         0  _printf_percent.o ABSOLUTE
    ../clib/printf_percent.s                 0x00000000   Number         0  _printf_d.o ABSOLUTE
    ../clib/signal.c                         0x00000000   Number         0  defsig_cppl_inner.o ABSOLUTE
    ../clib/signal.c                         0x00000000   Number         0  defsig_pvfn_inner.o ABSOLUTE
    ../clib/signal.c                         0x00000000   Number         0  defsig_stak_inner.o ABSOLUTE
    ../clib/signal.c                         0x00000000   Number         0  defsig_rtred_inner.o ABSOLUTE
    ../clib/signal.c                         0x00000000   Number         0  defsig_fpe_inner.o ABSOLUTE
    ../clib/signal.c                         0x00000000   Number         0  defsig_abrt_inner.o ABSOLUTE
    ../clib/signal.c                         0x00000000   Number         0  defsig_general.o ABSOLUTE
    ../clib/signal.c                         0x00000000   Number         0  __raise.o ABSOLUTE
    ../clib/signal.c                         0x00000000   Number         0  defsig_rtmem_inner.o ABSOLUTE
    ../clib/signal.c                         0x00000000   Number         0  defsig_exit.o ABSOLUTE
    ../clib/signal.c                         0x00000000   Number         0  defsig_rtmem_formal.o ABSOLUTE
    ../clib/signal.c                         0x00000000   Number         0  defsig_rtmem_outer.o ABSOLUTE
    ../clib/signal.c                         0x00000000   Number         0  defsig_other.o ABSOLUTE
    ../clib/signal.c                         0x00000000   Number         0  defsig_segv_inner.o ABSOLUTE
    ../clib/signal.s                         0x00000000   Number         0  defsig.o ABSOLUTE
    ../clib/stdlib.c                         0x00000000   Number         0  exit.o ABSOLUTE
    ../clib/string.c                         0x00000000   Number         0  strstr.o ABSOLUTE
    ../clib/string.c                         0x00000000   Number         0  strlen.o ABSOLUTE
    ../fplib/fpinit.s                        0x00000000   Number         0  fpinit.o ABSOLUTE
    ..\..\Libraries\CMSIS\CM3\CoreSupport\core_cm3.c 0x00000000   Number         0  core_cm3.o ABSOLUTE
    ..\..\Libraries\CMSIS\CM3\DeviceSupport\ST\STM32F10x\startup\arm\startup_stm32f10x_md_vl.s 0x00000000   Number         0  startup_stm32f10x_md_vl.o ABSOLUTE
    ..\..\Libraries\STM32F10x_StdPeriph_Driver\src\misc.c 0x00000000   Number         0  misc.o ABSOLUTE
    ..\..\Libraries\STM32F10x_StdPeriph_Driver\src\stm32f10x_adc.c 0x00000000   Number         0  stm32f10x_adc.o ABSOLUTE
    ..\..\Libraries\STM32F10x_StdPeriph_Driver\src\stm32f10x_bkp.c 0x00000000   Number         0  stm32f10x_bkp.o ABSOLUTE
    ..\..\Libraries\STM32F10x_StdPeriph_Driver\src\stm32f10x_can.c 0x00000000   Number         0  stm32f10x_can.o ABSOLUTE
    ..\..\Libraries\STM32F10x_StdPeriph_Driver\src\stm32f10x_cec.c 0x00000000   Number         0  stm32f10x_cec.o ABSOLUTE
    ..\..\Libraries\STM32F10x_StdPeriph_Driver\src\stm32f10x_crc.c 0x00000000   Number         0  stm32f10x_crc.o ABSOLUTE
    ..\..\Libraries\STM32F10x_StdPeriph_Driver\src\stm32f10x_dac.c 0x00000000   Number         0  stm32f10x_dac.o ABSOLUTE
    ..\..\Libraries\STM32F10x_StdPeriph_Driver\src\stm32f10x_dbgmcu.c 0x00000000   Number         0  stm32f10x_dbgmcu.o ABSOLUTE
    ..\..\Libraries\STM32F10x_StdPeriph_Driver\src\stm32f10x_dma.c 0x00000000   Number         0  stm32f10x_dma.o ABSOLUTE
    ..\..\Libraries\STM32F10x_StdPeriph_Driver\src\stm32f10x_exti.c 0x00000000   Number         0  stm32f10x_exti.o ABSOLUTE
    ..\..\Libraries\STM32F10x_StdPeriph_Driver\src\stm32f10x_flash.c 0x00000000   Number         0  stm32f10x_flash.o ABSOLUTE
    ..\..\Libraries\STM32F10x_StdPeriph_Driver\src\stm32f10x_gpio.c 0x00000000   Number         0  stm32f10x_gpio.o ABSOLUTE
    ..\..\Libraries\STM32F10x_StdPeriph_Driver\src\stm32f10x_i2c.c 0x00000000   Number         0  stm32f10x_i2c.o ABSOLUTE
    ..\..\Libraries\STM32F10x_StdPeriph_Driver\src\stm32f10x_iwdg.c 0x00000000   Number         0  stm32f10x_iwdg.o ABSOLUTE
    ..\..\Libraries\STM32F10x_StdPeriph_Driver\src\stm32f10x_pwr.c 0x00000000   Number         0  stm32f10x_pwr.o ABSOLUTE
    ..\..\Libraries\STM32F10x_StdPeriph_Driver\src\stm32f10x_rcc.c 0x00000000   Number         0  stm32f10x_rcc.o ABSOLUTE
    ..\..\Libraries\STM32F10x_StdPeriph_Driver\src\stm32f10x_rtc.c 0x00000000   Number         0  stm32f10x_rtc.o ABSOLUTE
    ..\..\Libraries\STM32F10x_StdPeriph_Driver\src\stm32f10x_sdio.c 0x00000000   Number         0  stm32f10x_sdio.o ABSOLUTE
    ..\..\Libraries\STM32F10x_StdPeriph_Driver\src\stm32f10x_spi.c 0x00000000   Number         0  stm32f10x_spi.o ABSOLUTE
    ..\..\Libraries\STM32F10x_StdPeriph_Driver\src\stm32f10x_tim.c 0x00000000   Number         0  stm32f10x_tim.o ABSOLUTE
    ..\..\Libraries\STM32F10x_StdPeriph_Driver\src\stm32f10x_usart.c 0x00000000   Number         0  stm32f10x_usart.o ABSOLUTE
    ..\..\Libraries\STM32F10x_StdPeriph_Driver\src\stm32f10x_wwdg.c 0x00000000   Number         0  stm32f10x_wwdg.o ABSOLUTE
    ..\..\User\SRC\deal.c                    0x00000000   Number         0  deal.o ABSOLUTE
    ..\..\User\SRC\dev.c                     0x00000000   Number         0  dev.o ABSOLUTE
    ..\..\User\SRC\main.c                    0x00000000   Number         0  main.o ABSOLUTE
    ..\..\User\SRC\stm32f10x_it.c            0x00000000   Number         0  stm32f10x_it.o ABSOLUTE
    ..\..\User\SRC\system_stm32f10x.c        0x00000000   Number         0  system_stm32f10x.o ABSOLUTE
    ..\\..\\Libraries\\CMSIS\\CM3\\CoreSupport\\core_cm3.c 0x00000000   Number         0  core_cm3.o ABSOLUTE
    dc.s                                     0x00000000   Number         0  dc.o ABSOLUTE
    RESET                                    0x08000000   Section      288  startup_stm32f10x_md_vl.o(RESET)
    !!!main                                  0x08000120   Section        8  __main.o(!!!main)
    !!!scatter                               0x08000128   Section       52  __scatter.o(!!!scatter)
    !!handler_copy                           0x0800015c   Section       26  __scatter_copy.o(!!handler_copy)
    !!handler_zi                             0x08000178   Section       28  __scatter_zi.o(!!handler_zi)
    .ARM.Collect$$_printf_percent$$00000000  0x08000194   Section        0  _printf_percent.o(.ARM.Collect$$_printf_percent$$00000000)
    .ARM.Collect$$_printf_percent$$00000009  0x08000194   Section        6  _printf_d.o(.ARM.Collect$$_printf_percent$$00000009)
    .ARM.Collect$$_printf_percent$$00000017  0x0800019a   Section        4  _printf_percent_end.o(.ARM.Collect$$_printf_percent$$00000017)
    .ARM.Collect$$libinit$$00000000          0x0800019e   Section        2  libinit.o(.ARM.Collect$$libinit$$00000000)
    .ARM.Collect$$libinit$$00000002          0x080001a0   Section        0  libinit2.o(.ARM.Collect$$libinit$$00000002)
    .ARM.Collect$$libinit$$00000008          0x080001a0   Section        0  libinit2.o(.ARM.Collect$$libinit$$00000008)
    .ARM.Collect$$libinit$$0000000A          0x080001a0   Section        0  libinit2.o(.ARM.Collect$$libinit$$0000000A)
    .ARM.Collect$$libinit$$0000000C          0x080001a0   Section        0  libinit2.o(.ARM.Collect$$libinit$$0000000C)
    .ARM.Collect$$libinit$$0000000F          0x080001a0   Section        0  libinit2.o(.ARM.Collect$$libinit$$0000000F)
    .ARM.Collect$$libinit$$00000011          0x080001a0   Section        0  libinit2.o(.ARM.Collect$$libinit$$00000011)
    .ARM.Collect$$libinit$$00000013          0x080001a0   Section        0  libinit2.o(.ARM.Collect$$libinit$$00000013)
    .ARM.Collect$$libinit$$00000015          0x080001a0   Section        0  libinit2.o(.ARM.Collect$$libinit$$00000015)
    .ARM.Collect$$libinit$$00000017          0x080001a0   Section        0  libinit2.o(.ARM.Collect$$libinit$$00000017)
    .ARM.Collect$$libinit$$00000019          0x080001a0   Section        0  libinit2.o(.ARM.Collect$$libinit$$00000019)
    .ARM.Collect$$libinit$$0000001B          0x080001a0   Section        0  libinit2.o(.ARM.Collect$$libinit$$0000001B)
    .ARM.Collect$$libinit$$0000001D          0x080001a0   Section        0  libinit2.o(.ARM.Collect$$libinit$$0000001D)
    .ARM.Collect$$libinit$$0000001F          0x080001a0   Section        0  libinit2.o(.ARM.Collect$$libinit$$0000001F)
    .ARM.Collect$$libinit$$00000021          0x080001a0   Section        0  libinit2.o(.ARM.Collect$$libinit$$00000021)
    .ARM.Collect$$libinit$$00000023          0x080001a0   Section        0  libinit2.o(.ARM.Collect$$libinit$$00000023)
    .ARM.Collect$$libinit$$0000002A          0x080001a0   Section        0  libinit2.o(.ARM.Collect$$libinit$$0000002A)
    .ARM.Collect$$libinit$$0000002C          0x080001a0   Section        0  libinit2.o(.ARM.Collect$$libinit$$0000002C)
    .ARM.Collect$$libinit$$0000002E          0x080001a0   Section        0  libinit2.o(.ARM.Collect$$libinit$$0000002E)
    .ARM.Collect$$libinit$$00000030          0x080001a0   Section        0  libinit2.o(.ARM.Collect$$libinit$$00000030)
    .ARM.Collect$$libinit$$00000031          0x080001a0   Section        2  libinit2.o(.ARM.Collect$$libinit$$00000031)
    .ARM.Collect$$libshutdown$$00000000      0x080001a2   Section        2  libshutdown.o(.ARM.Collect$$libshutdown$$00000000)
    .ARM.Collect$$libshutdown$$00000003      0x080001a4   Section        0  libshutdown2.o(.ARM.Collect$$libshutdown$$00000003)
    .ARM.Collect$$libshutdown$$00000006      0x080001a4   Section        0  libshutdown2.o(.ARM.Collect$$libshutdown$$00000006)
    .ARM.Collect$$libshutdown$$00000009      0x080001a4   Section        0  libshutdown2.o(.ARM.Collect$$libshutdown$$00000009)
    .ARM.Collect$$libshutdown$$0000000B      0x080001a4   Section        0  libshutdown2.o(.ARM.Collect$$libshutdown$$0000000B)
    .ARM.Collect$$libshutdown$$0000000E      0x080001a4   Section        0  libshutdown2.o(.ARM.Collect$$libshutdown$$0000000E)
    .ARM.Collect$$libshutdown$$0000000F      0x080001a4   Section        2  libshutdown2.o(.ARM.Collect$$libshutdown$$0000000F)
    .ARM.Collect$$rtentry$$00000000          0x080001a6   Section        0  rtentry.o(.ARM.Collect$$rtentry$$00000000)
    .ARM.Collect$$rtentry$$00000002          0x080001a6   Section        0  rtentry2.o(.ARM.Collect$$rtentry$$00000002)
    .ARM.Collect$$rtentry$$00000004          0x080001a6   Section        6  rtentry4.o(.ARM.Collect$$rtentry$$00000004)
    .ARM.Collect$$rtentry$$00000009          0x080001ac   Section        0  rtentry2.o(.ARM.Collect$$rtentry$$00000009)
    .ARM.Collect$$rtentry$$0000000A          0x080001ac   Section        4  rtentry2.o(.ARM.Collect$$rtentry$$0000000A)
    .ARM.Collect$$rtentry$$0000000C          0x080001b0   Section        0  rtentry2.o(.ARM.Collect$$rtentry$$0000000C)
    .ARM.Collect$$rtentry$$0000000D          0x080001b0   Section        8  rtentry2.o(.ARM.Collect$$rtentry$$0000000D)
    .ARM.Collect$$rtexit$$00000000           0x080001b8   Section        2  rtexit.o(.ARM.Collect$$rtexit$$00000000)
    .ARM.Collect$$rtexit$$00000002           0x080001ba   Section        0  rtexit2.o(.ARM.Collect$$rtexit$$00000002)
    .ARM.Collect$$rtexit$$00000003           0x080001ba   Section        4  rtexit2.o(.ARM.Collect$$rtexit$$00000003)
    .ARM.Collect$$rtexit$$00000004           0x080001be   Section        6  rtexit2.o(.ARM.Collect$$rtexit$$00000004)
    .text                                    0x080001c4   Section        0  main.o(.text)
    NVIC_SystemReset                         0x080002a3   Thumb Code    26  main.o(.text)
    .text                                    0x080002f4   Section        0  stm32f10x_it.o(.text)
    .text                                    0x080005d0   Section        0  dev.o(.text)
    NVIC_SetPriority                         0x080005d1   Thumb Code    32  dev.o(.text)
    .text                                    0x080010e4   Section        0  deal.o(.text)
    .text                                    0x080016f8   Section        0  misc.o(.text)
    .text                                    0x080017d4   Section        0  stm32f10x_adc.o(.text)
    .text                                    0x08001c24   Section        0  stm32f10x_bkp.o(.text)
    .text                                    0x08001ce8   Section        0  stm32f10x_flash.o(.text)
    .text                                    0x080022a4   Section        0  stm32f10x_gpio.o(.text)
    .text                                    0x080025fc   Section        0  stm32f10x_iwdg.o(.text)
    .text                                    0x0800263c   Section        0  stm32f10x_pwr.o(.text)
    .text                                    0x08002708   Section        0  stm32f10x_rcc.o(.text)
    .text                                    0x08002acc   Section        0  stm32f10x_rtc.o(.text)
    .text                                    0x08002c10   Section        0  stm32f10x_tim.o(.text)
    TI4_Config                               0x080030b7   Thumb Code   130  stm32f10x_tim.o(.text)
    TI3_Config                               0x0800314b   Thumb Code   122  stm32f10x_tim.o(.text)
    TI2_Config                               0x080031df   Thumb Code   130  stm32f10x_tim.o(.text)
    TI1_Config                               0x08003273   Thumb Code   108  stm32f10x_tim.o(.text)
    .text                                    0x08003a2c   Section        0  stm32f10x_usart.o(.text)
    .text                                    0x08003e34   Section       56  startup_stm32f10x_md_vl.o(.text)
    .text                                    0x08003e6c   Section        0  system_stm32f10x.o(.text)
    SetSysClockTo24                          0x08003e6d   Thumb Code   276  system_stm32f10x.o(.text)
    SetSysClock                              0x08003f81   Thumb Code     8  system_stm32f10x.o(.text)
    .text                                    0x08004084   Section        0  noretval__2sprintf.o(.text)
    .text                                    0x080040ac   Section        0  __printf.o(.text)
    .text                                    0x08004114   Section        0  _printf_dec.o(.text)
    .text                                    0x0800418c   Section        0  strstr.o(.text)
    .text                                    0x080041b0   Section        0  strlen.o(.text)
    .text                                    0x080041ee   Section      100  rt_memcpy_w.o(.text)
    .text                                    0x08004252   Section       68  rt_memclr.o(.text)
    .text                                    0x08004296   Section       78  rt_memclr_w.o(.text)
    .text                                    0x080042e4   Section        0  heapauxi.o(.text)
    .text                                    0x080042ea   Section        0  _printf_intcommon.o(.text)
    .text                                    0x080043a4   Section        0  _printf_char_common.o(.text)
    _printf_input_char                       0x080043a5   Thumb Code    10  _printf_char_common.o(.text)
    .text                                    0x080043d4   Section        0  _sputc.o(.text)
    .text                                    0x080043de   Section       74  sys_stackheap_outer.o(.text)
    .text                                    0x08004428   Section        0  exit.o(.text)
    .text                                    0x08004434   Section        8  libspace.o(.text)
    .text                                    0x0800443c   Section        0  sys_exit.o(.text)
    .text                                    0x08004448   Section        2  use_no_semi.o(.text)
    .text                                    0x0800444a   Section        0  indicate_semi.o(.text)
    .constdata                               0x0800444c   Section       50  deal.o(.constdata)
    .data                                    0x20000000   Section       40  main.o(.data)
    .data                                    0x20000028   Section       20  stm32f10x_rcc.o(.data)
    APBAHBPrescTable                         0x20000028   Data          16  stm32f10x_rcc.o(.data)
    ADCPrescTable                            0x20000038   Data           4  stm32f10x_rcc.o(.data)
    .data                                    0x2000003c   Section       20  system_stm32f10x.o(.data)
    .bss                                     0x20000050   Section      450  main.o(.bss)
    .bss                                     0x20000214   Section       96  libspace.o(.bss)
    HEAP                                     0x20000278   Section      512  startup_stm32f10x_md_vl.o(HEAP)
    Heap_Mem                                 0x20000278   Data         512  startup_stm32f10x_md_vl.o(HEAP)
    STACK                                    0x20000478   Section     1024  startup_stm32f10x_md_vl.o(STACK)
    Stack_Mem                                0x20000478   Data        1024  startup_stm32f10x_md_vl.o(STACK)
    __initial_sp                             0x20000878   Data           0  startup_stm32f10x_md_vl.o(STACK)

    Global Symbols

    Symbol Name                              Value     Ov Type        Size  Object(Section)

    BuildAttributes$$THM_ISAv4$P$D$K$B$S$PE$A:L22UL41UL21$X:L11$S22US41US21$IEEE1$IW$USESV6$~STKCKD$USESV7$~SHL$OSPACE$ROPI$EBA8$UX$STANDARDLIB$REQ8$PRES8$EABIv2 0x00000000   Number         0  anon$$obj.o ABSOLUTE
    __ARM_use_no_argv                        0x00000000   Number         0  main.o ABSOLUTE
    __ARM_exceptions_init                     - Undefined Weak Reference
    __alloca_initialize                       - Undefined Weak Reference
    __cpp_initialize__aeabi_                  - Undefined Weak Reference
    __cxa_finalize                            - Undefined Weak Reference
    __rt_locale                               - Undefined Weak Reference
    __sigvec_lookup                           - Undefined Weak Reference
    _atexit_init                              - Undefined Weak Reference
    _call_atexit_fns                          - Undefined Weak Reference
    _clock_init                               - Undefined Weak Reference
    _fp_trap_init                             - Undefined Weak Reference
    _fp_trap_shutdown                         - Undefined Weak Reference
    _get_lc_collate                           - Undefined Weak Reference
    _get_lc_ctype                             - Undefined Weak Reference
    _get_lc_monetary                          - Undefined Weak Reference
    _get_lc_numeric                           - Undefined Weak Reference
    _get_lc_time                              - Undefined Weak Reference
    _getenv_init                              - Undefined Weak Reference
    _handle_redirection                       - Undefined Weak Reference
    _init_alloc                               - Undefined Weak Reference
    _init_user_alloc                          - Undefined Weak Reference
    _initio                                   - Undefined Weak Reference
    _printf_post_padding                      - Undefined Weak Reference
    _printf_pre_padding                       - Undefined Weak Reference
    _printf_truncate_signed                   - Undefined Weak Reference
    _printf_truncate_unsigned                 - Undefined Weak Reference
    _rand_init                                - Undefined Weak Reference
    _signal_finish                            - Undefined Weak Reference
    _signal_init                              - Undefined Weak Reference
    _terminate_alloc                          - Undefined Weak Reference
    _terminate_user_alloc                     - Undefined Weak Reference
    _terminateio                              - Undefined Weak Reference
    __Vectors_Size                           0x00000120   Number         0  startup_stm32f10x_md_vl.o ABSOLUTE
    __Vectors                                0x08000000   Data           4  startup_stm32f10x_md_vl.o(RESET)
    __Vectors_End                            0x08000120   Data           0  startup_stm32f10x_md_vl.o(RESET)
    __main                                   0x08000121   Thumb Code     8  __main.o(!!!main)
    __scatterload                            0x08000129   Thumb Code     0  __scatter.o(!!!scatter)
    __scatterload_rt2                        0x08000129   Thumb Code    44  __scatter.o(!!!scatter)
    __scatterload_rt2_thumb_only             0x08000129   Thumb Code     0  __scatter.o(!!!scatter)
    __scatterload_null                       0x08000137   Thumb Code     0  __scatter.o(!!!scatter)
    __scatterload_copy                       0x0800015d   Thumb Code    26  __scatter_copy.o(!!handler_copy)
    __scatterload_zeroinit                   0x08000179   Thumb Code    28  __scatter_zi.o(!!handler_zi)
    _printf_d                                0x08000195   Thumb Code     0  _printf_d.o(.ARM.Collect$$_printf_percent$$00000009)
    _printf_percent                          0x08000195   Thumb Code     0  _printf_percent.o(.ARM.Collect$$_printf_percent$$00000000)
    _printf_percent_end                      0x0800019b   Thumb Code     0  _printf_percent_end.o(.ARM.Collect$$_printf_percent$$00000017)
    __rt_lib_init                            0x0800019f   Thumb Code     0  libinit.o(.ARM.Collect$$libinit$$00000000)
    __rt_lib_init_alloca_1                   0x080001a1   Thumb Code     0  libinit2.o(.ARM.Collect$$libinit$$0000002C)
    __rt_lib_init_argv_1                     0x080001a1   Thumb Code     0  libinit2.o(.ARM.Collect$$libinit$$0000002A)
    __rt_lib_init_atexit_1                   0x080001a1   Thumb Code     0  libinit2.o(.ARM.Collect$$libinit$$00000019)
    __rt_lib_init_clock_1                    0x080001a1   Thumb Code     0  libinit2.o(.ARM.Collect$$libinit$$0000001F)
    __rt_lib_init_cpp_1                      0x080001a1   Thumb Code     0  libinit2.o(.ARM.Collect$$libinit$$00000030)
    __rt_lib_init_exceptions_1               0x080001a1   Thumb Code     0  libinit2.o(.ARM.Collect$$libinit$$0000002E)
    __rt_lib_init_fp_1                       0x080001a1   Thumb Code     0  libinit2.o(.ARM.Collect$$libinit$$00000002)
    __rt_lib_init_fp_trap_1                  0x080001a1   Thumb Code     0  libinit2.o(.ARM.Collect$$libinit$$0000001D)
    __rt_lib_init_getenv_1                   0x080001a1   Thumb Code     0  libinit2.o(.ARM.Collect$$libinit$$00000021)
    __rt_lib_init_heap_1                     0x080001a1   Thumb Code     0  libinit2.o(.ARM.Collect$$libinit$$00000008)
    __rt_lib_init_lc_collate_1               0x080001a1   Thumb Code     0  libinit2.o(.ARM.Collect$$libinit$$0000000F)
    __rt_lib_init_lc_ctype_1                 0x080001a1   Thumb Code     0  libinit2.o(.ARM.Collect$$libinit$$00000011)
    __rt_lib_init_lc_monetary_1              0x080001a1   Thumb Code     0  libinit2.o(.ARM.Collect$$libinit$$00000013)
    __rt_lib_init_lc_numeric_1               0x080001a1   Thumb Code     0  libinit2.o(.ARM.Collect$$libinit$$00000015)
    __rt_lib_init_lc_time_1                  0x080001a1   Thumb Code     0  libinit2.o(.ARM.Collect$$libinit$$00000017)
    __rt_lib_init_rand_1                     0x080001a1   Thumb Code     0  libinit2.o(.ARM.Collect$$libinit$$0000000C)
    __rt_lib_init_return                     0x080001a1   Thumb Code     0  libinit2.o(.ARM.Collect$$libinit$$00000031)
    __rt_lib_init_signal_1                   0x080001a1   Thumb Code     0  libinit2.o(.ARM.Collect$$libinit$$0000001B)
    __rt_lib_init_stdio_1                    0x080001a1   Thumb Code     0  libinit2.o(.ARM.Collect$$libinit$$00000023)
    __rt_lib_init_user_alloc_1               0x080001a1   Thumb Code     0  libinit2.o(.ARM.Collect$$libinit$$0000000A)
    __rt_lib_shutdown                        0x080001a3   Thumb Code     0  libshutdown.o(.ARM.Collect$$libshutdown$$00000000)
    __rt_lib_shutdown_fp_trap_1              0x080001a5   Thumb Code     0  libshutdown2.o(.ARM.Collect$$libshutdown$$00000006)
    __rt_lib_shutdown_heap_1                 0x080001a5   Thumb Code     0  libshutdown2.o(.ARM.Collect$$libshutdown$$0000000E)
    __rt_lib_shutdown_return                 0x080001a5   Thumb Code     0  libshutdown2.o(.ARM.Collect$$libshutdown$$0000000F)
    __rt_lib_shutdown_signal_1               0x080001a5   Thumb Code     0  libshutdown2.o(.ARM.Collect$$libshutdown$$00000009)
    __rt_lib_shutdown_stdio_1                0x080001a5   Thumb Code     0  libshutdown2.o(.ARM.Collect$$libshutdown$$00000003)
    __rt_lib_shutdown_user_alloc_1           0x080001a5   Thumb Code     0  libshutdown2.o(.ARM.Collect$$libshutdown$$0000000B)
    __rt_entry                               0x080001a7   Thumb Code     0  rtentry.o(.ARM.Collect$$rtentry$$00000000)
    __rt_entry_presh_1                       0x080001a7   Thumb Code     0  rtentry2.o(.ARM.Collect$$rtentry$$00000002)
    __rt_entry_sh                            0x080001a7   Thumb Code     0  rtentry4.o(.ARM.Collect$$rtentry$$00000004)
    __rt_entry_li                            0x080001ad   Thumb Code     0  rtentry2.o(.ARM.Collect$$rtentry$$0000000A)
    __rt_entry_postsh_1                      0x080001ad   Thumb Code     0  rtentry2.o(.ARM.Collect$$rtentry$$00000009)
    __rt_entry_main                          0x080001b1   Thumb Code     0  rtentry2.o(.ARM.Collect$$rtentry$$0000000D)
    __rt_entry_postli_1                      0x080001b1   Thumb Code     0  rtentry2.o(.ARM.Collect$$rtentry$$0000000C)
    __rt_exit                                0x080001b9   Thumb Code     0  rtexit.o(.ARM.Collect$$rtexit$$00000000)
    __rt_exit_ls                             0x080001bb   Thumb Code     0  rtexit2.o(.ARM.Collect$$rtexit$$00000003)
    __rt_exit_prels_1                        0x080001bb   Thumb Code     0  rtexit2.o(.ARM.Collect$$rtexit$$00000002)
    __rt_exit_exit                           0x080001bf   Thumb Code     0  rtexit2.o(.ARM.Collect$$rtexit$$00000004)
    PWR_EnterSLEEPMode                       0x080001c5   Thumb Code    10  main.o(.text)
    main                                     0x080001cf   Thumb Code   212  main.o(.text)
    NMI_Handler                              0x080002f5   Thumb Code     2  stm32f10x_it.o(.text)
    HardFault_Handler                        0x080002f7   Thumb Code     4  stm32f10x_it.o(.text)
    MemManage_Handler                        0x080002fb   Thumb Code     4  stm32f10x_it.o(.text)
    BusFault_Handler                         0x080002ff   Thumb Code     4  stm32f10x_it.o(.text)
    UsageFault_Handler                       0x08000303   Thumb Code     4  stm32f10x_it.o(.text)
    SVC_Handler                              0x08000307   Thumb Code     2  stm32f10x_it.o(.text)
    DebugMon_Handler                         0x08000309   Thumb Code     2  stm32f10x_it.o(.text)
    PendSV_Handler                           0x0800030b   Thumb Code     2  stm32f10x_it.o(.text)
    SysTick_Handler                          0x0800030d   Thumb Code    12  stm32f10x_it.o(.text)
    RTC_IRQHandler                           0x08000319   Thumb Code   104  stm32f10x_it.o(.text)
    USART1_IRQHandler                        0x08000381   Thumb Code    84  stm32f10x_it.o(.text)
    USART2_IRQHandler                        0x080003d5   Thumb Code   120  stm32f10x_it.o(.text)
    USART3_IRQHandler                        0x0800044d   Thumb Code   170  stm32f10x_it.o(.text)
    ADC1_IRQHandler                          0x080004f7   Thumb Code   116  stm32f10x_it.o(.text)
    InitQue                                  0x080005f1   Thumb Code    28  dev.o(.text)
    IsFull                                   0x0800060d   Thumb Code    36  dev.o(.text)
    InsertQue                                0x08000631   Thumb Code    50  dev.o(.text)
    IsEmpty                                  0x08000663   Thumb Code    22  dev.o(.text)
    OutQue                                   0x08000679   Thumb Code   282  dev.o(.text)
    AllOutQue                                0x08000793   Thumb Code   126  dev.o(.text)
    NumOfQue                                 0x08000811   Thumb Code    74  dev.o(.text)
    RCC_Configuration                        0x0800085b   Thumb Code   178  dev.o(.text)
    NVIC_Configuration                       0x0800090d   Thumb Code   180  dev.o(.text)
    GPIO_Configuration                       0x080009c1   Thumb Code   272  dev.o(.text)
    ADC_Configuration                        0x08000ad1   Thumb Code   122  dev.o(.text)
    Hex2Bcd                                  0x08000b4b   Thumb Code    26  dev.o(.text)
    ADC_Getvalue                             0x08000b65   Thumb Code   202  dev.o(.text)
    RTC_Configuration                        0x08000c2f   Thumb Code    98  dev.o(.text)
    USART_Configuration                      0x08000c91   Thumb Code   152  dev.o(.text)
    SetUartState                             0x08000d29   Thumb Code   182  dev.o(.text)
    UARTsend                                 0x08000ddf   Thumb Code    14  dev.o(.text)
    iRDAsend                                 0x08000ded   Thumb Code    14  dev.o(.text)
    USART1send                               0x08000dfb   Thumb Code   110  dev.o(.text)
    PWM_Enable                               0x08000e69   Thumb Code    12  dev.o(.text)
    USART2send                               0x08000e75   Thumb Code   114  dev.o(.text)
    USART3send                               0x08000ee7   Thumb Code    28  dev.o(.text)
    BLsend                                   0x08000f03   Thumb Code    60  dev.o(.text)
    TIM_Configuration                        0x08000f3f   Thumb Code    98  dev.o(.text)
    PWM_Disable                              0x08000fa1   Thumb Code    14  dev.o(.text)
    IWDG_Configuration                       0x08000faf   Thumb Code    52  dev.o(.text)
    Check_Rst                                0x08000fe3   Thumb Code    78  dev.o(.text)
    SysTick_Configuration                    0x08001031   Thumb Code    78  dev.o(.text)
    Delay                                    0x0800107f   Thumb Code    24  dev.o(.text)
    Bcd2Hex                                  0x08001097   Thumb Code    20  dev.o(.text)
    CheckHE                                  0x080010e5   Thumb Code   118  deal.o(.text)
    CheckSum                                 0x0800115b   Thumb Code    60  deal.o(.text)
    Set_BL_Exit                              0x08001197   Thumb Code    38  deal.o(.text)
    Set_BL_Enter                             0x080011bd   Thumb Code    38  deal.o(.text)
    Set_BL                                   0x080011e3   Thumb Code   162  deal.o(.text)
    PowerDown                                0x08001285   Thumb Code    50  deal.o(.text)
    Set_Sys                                  0x080012b7   Thumb Code   306  deal.o(.text)
    Send_req                                 0x080013e9   Thumb Code   128  deal.o(.text)
    GetTime                                  0x08001469   Thumb Code    26  deal.o(.text)
    Send_HB                                  0x08001483   Thumb Code   284  deal.o(.text)
    PowerUp                                  0x0800159f   Thumb Code    30  deal.o(.text)
    Req_Irda                                 0x080015bd   Thumb Code    76  deal.o(.text)
    Req_BL                                   0x08001609   Thumb Code   144  deal.o(.text)
    Check_BLlink                             0x08001699   Thumb Code    80  deal.o(.text)
    NVIC_PriorityGroupConfig                 0x080016f9   Thumb Code    10  misc.o(.text)
    NVIC_Init                                0x08001703   Thumb Code   102  misc.o(.text)
    NVIC_SetVectorTable                      0x08001769   Thumb Code    14  misc.o(.text)
    NVIC_SystemLPConfig                      0x08001777   Thumb Code    34  misc.o(.text)
    SysTick_CLKSourceConfig                  0x08001799   Thumb Code    40  misc.o(.text)
    ADC_DeInit                               0x080017d5   Thumb Code    78  stm32f10x_adc.o(.text)
    ADC_Init                                 0x08001823   Thumb Code    70  stm32f10x_adc.o(.text)
    ADC_StructInit                           0x08001869   Thumb Code    18  stm32f10x_adc.o(.text)
    ADC_Cmd                                  0x0800187b   Thumb Code    22  stm32f10x_adc.o(.text)
    ADC_DMACmd                               0x08001891   Thumb Code    22  stm32f10x_adc.o(.text)
    ADC_ITConfig                             0x080018a7   Thumb Code    24  stm32f10x_adc.o(.text)
    ADC_ResetCalibration                     0x080018bf   Thumb Code    10  stm32f10x_adc.o(.text)
    ADC_GetResetCalibrationStatus            0x080018c9   Thumb Code    20  stm32f10x_adc.o(.text)
    ADC_StartCalibration                     0x080018dd   Thumb Code    10  stm32f10x_adc.o(.text)
    ADC_GetCalibrationStatus                 0x080018e7   Thumb Code    20  stm32f10x_adc.o(.text)
    ADC_SoftwareStartConvCmd                 0x080018fb   Thumb Code    22  stm32f10x_adc.o(.text)
    ADC_GetSoftwareStartConvStatus           0x08001911   Thumb Code    20  stm32f10x_adc.o(.text)
    ADC_DiscModeChannelCountConfig           0x08001925   Thumb Code    24  stm32f10x_adc.o(.text)
    ADC_DiscModeCmd                          0x0800193d   Thumb Code    22  stm32f10x_adc.o(.text)
    ADC_RegularChannelConfig                 0x08001953   Thumb Code   184  stm32f10x_adc.o(.text)
    ADC_ExternalTrigConvCmd                  0x08001a0b   Thumb Code    22  stm32f10x_adc.o(.text)
    ADC_GetConversionValue                   0x08001a21   Thumb Code     8  stm32f10x_adc.o(.text)
    ADC_GetDualModeConversionValue           0x08001a29   Thumb Code     8  stm32f10x_adc.o(.text)
    ADC_AutoInjectedConvCmd                  0x08001a31   Thumb Code    22  stm32f10x_adc.o(.text)
    ADC_InjectedDiscModeCmd                  0x08001a47   Thumb Code    22  stm32f10x_adc.o(.text)
    ADC_ExternalTrigInjectedConvConfig       0x08001a5d   Thumb Code    16  stm32f10x_adc.o(.text)
    ADC_ExternalTrigInjectedConvCmd          0x08001a6d   Thumb Code    22  stm32f10x_adc.o(.text)
    ADC_SoftwareStartInjectedConvCmd         0x08001a83   Thumb Code    22  stm32f10x_adc.o(.text)
    ADC_GetSoftwareStartInjectedConvCmdStatus 0x08001a99   Thumb Code    20  stm32f10x_adc.o(.text)
    ADC_InjectedChannelConfig                0x08001aad   Thumb Code   130  stm32f10x_adc.o(.text)
    ADC_InjectedSequencerLengthConfig        0x08001b2f   Thumb Code    24  stm32f10x_adc.o(.text)
    ADC_SetInjectedOffset                    0x08001b47   Thumb Code    20  stm32f10x_adc.o(.text)
    ADC_GetInjectedConversionValue           0x08001b5b   Thumb Code    28  stm32f10x_adc.o(.text)
    ADC_AnalogWatchdogCmd                    0x08001b77   Thumb Code    16  stm32f10x_adc.o(.text)
    ADC_AnalogWatchdogThresholdsConfig       0x08001b87   Thumb Code     6  stm32f10x_adc.o(.text)
    ADC_AnalogWatchdogSingleChannelConfig    0x08001b8d   Thumb Code    16  stm32f10x_adc.o(.text)
    ADC_TempSensorVrefintCmd                 0x08001b9d   Thumb Code    64  stm32f10x_adc.o(.text)
    ADC_GetFlagStatus                        0x08001bdd   Thumb Code    18  stm32f10x_adc.o(.text)
    ADC_ClearFlag                            0x08001bef   Thumb Code     6  stm32f10x_adc.o(.text)
    ADC_GetITStatus                          0x08001bf5   Thumb Code    36  stm32f10x_adc.o(.text)
    ADC_ClearITPendingBit                    0x08001c19   Thumb Code    10  stm32f10x_adc.o(.text)
    BKP_DeInit                               0x08001c25   Thumb Code    16  stm32f10x_bkp.o(.text)
    BKP_TamperPinLevelConfig                 0x08001c35   Thumb Code     6  stm32f10x_bkp.o(.text)
    BKP_TamperPinCmd                         0x08001c3b   Thumb Code     8  stm32f10x_bkp.o(.text)
    BKP_ITConfig                             0x08001c43   Thumb Code     8  stm32f10x_bkp.o(.text)
    BKP_RTCOutputConfig                      0x08001c4b   Thumb Code    22  stm32f10x_bkp.o(.text)
    BKP_SetRTCCalibrationValue               0x08001c61   Thumb Code    22  stm32f10x_bkp.o(.text)
    BKP_WriteBackupRegister                  0x08001c77   Thumb Code    24  stm32f10x_bkp.o(.text)
    BKP_ReadBackupRegister                   0x08001c8f   Thumb Code    26  stm32f10x_bkp.o(.text)
    BKP_GetFlagStatus                        0x08001ca9   Thumb Code    10  stm32f10x_bkp.o(.text)
    BKP_ClearFlag                            0x08001cb3   Thumb Code    18  stm32f10x_bkp.o(.text)
    BKP_GetITStatus                          0x08001cc5   Thumb Code    10  stm32f10x_bkp.o(.text)
    BKP_ClearITPendingBit                    0x08001ccf   Thumb Code    18  stm32f10x_bkp.o(.text)
    FLASH_SetLatency                         0x08001ce9   Thumb Code    18  stm32f10x_flash.o(.text)
    FLASH_HalfCycleAccessCmd                 0x08001cfb   Thumb Code    22  stm32f10x_flash.o(.text)
    FLASH_PrefetchBufferCmd                  0x08001d11   Thumb Code    22  stm32f10x_flash.o(.text)
    FLASH_Unlock                             0x08001d27   Thumb Code    12  stm32f10x_flash.o(.text)
    FLASH_UnlockBank1                        0x08001d33   Thumb Code    12  stm32f10x_flash.o(.text)
    FLASH_Lock                               0x08001d3f   Thumb Code    14  stm32f10x_flash.o(.text)
    FLASH_LockBank1                          0x08001d4d   Thumb Code    14  stm32f10x_flash.o(.text)
    FLASH_GetBank1Status                     0x08001d5b   Thumb Code    48  stm32f10x_flash.o(.text)
    FLASH_WaitForLastOperation               0x08001d8b   Thumb Code    38  stm32f10x_flash.o(.text)
    FLASH_ErasePage                          0x08001db1   Thumb Code    72  stm32f10x_flash.o(.text)
    FLASH_EraseAllPages                      0x08001df9   Thumb Code    68  stm32f10x_flash.o(.text)
    FLASH_WaitForLastBank1Operation          0x08001e3d   Thumb Code    38  stm32f10x_flash.o(.text)
    FLASH_EraseAllBank1Pages                 0x08001e63   Thumb Code    68  stm32f10x_flash.o(.text)
    FLASH_GetReadOutProtectionStatus         0x08001ea7   Thumb Code    20  stm32f10x_flash.o(.text)
    FLASH_EraseOptionBytes                   0x08001ebb   Thumb Code   150  stm32f10x_flash.o(.text)
    FLASH_ProgramWord                        0x08001f51   Thumb Code   102  stm32f10x_flash.o(.text)
    FLASH_ProgramHalfWord                    0x08001fb7   Thumb Code    60  stm32f10x_flash.o(.text)
    FLASH_ProgramOptionByteData              0x08001ff3   Thumb Code    72  stm32f10x_flash.o(.text)
    FLASH_EnableWriteProtection              0x0800203b   Thumb Code   200  stm32f10x_flash.o(.text)
    FLASH_ReadOutProtection                  0x08002103   Thumb Code   156  stm32f10x_flash.o(.text)
    FLASH_UserOptionByteConfig               0x0800219f   Thumb Code    88  stm32f10x_flash.o(.text)
    FLASH_GetUserOptionByte                  0x080021f7   Thumb Code     8  stm32f10x_flash.o(.text)
    FLASH_GetWriteProtectionOptionByte       0x080021ff   Thumb Code     6  stm32f10x_flash.o(.text)
    FLASH_GetPrefetchBufferStatus            0x08002205   Thumb Code    20  stm32f10x_flash.o(.text)
    FLASH_ITConfig                           0x08002219   Thumb Code    26  stm32f10x_flash.o(.text)
    FLASH_GetFlagStatus                      0x08002233   Thumb Code    42  stm32f10x_flash.o(.text)
    FLASH_ClearFlag                          0x0800225d   Thumb Code     6  stm32f10x_flash.o(.text)
    FLASH_GetStatus                          0x08002263   Thumb Code    48  stm32f10x_flash.o(.text)
    GPIO_DeInit                              0x080022a5   Thumb Code   172  stm32f10x_gpio.o(.text)
    GPIO_AFIODeInit                          0x08002351   Thumb Code    20  stm32f10x_gpio.o(.text)
    GPIO_Init                                0x08002365   Thumb Code   274  stm32f10x_gpio.o(.text)
    GPIO_StructInit                          0x08002477   Thumb Code    16  stm32f10x_gpio.o(.text)
    GPIO_ReadInputDataBit                    0x08002487   Thumb Code    18  stm32f10x_gpio.o(.text)
    GPIO_ReadInputData                       0x08002499   Thumb Code     8  stm32f10x_gpio.o(.text)
    GPIO_ReadOutputDataBit                   0x080024a1   Thumb Code    18  stm32f10x_gpio.o(.text)
    GPIO_ReadOutputData                      0x080024b3   Thumb Code     8  stm32f10x_gpio.o(.text)
    GPIO_SetBits                             0x080024bb   Thumb Code     4  stm32f10x_gpio.o(.text)
    GPIO_ResetBits                           0x080024bf   Thumb Code     4  stm32f10x_gpio.o(.text)
    GPIO_WriteBit                            0x080024c3   Thumb Code    10  stm32f10x_gpio.o(.text)
    GPIO_Write                               0x080024cd   Thumb Code     4  stm32f10x_gpio.o(.text)
    GPIO_PinLockConfig                       0x080024d1   Thumb Code    18  stm32f10x_gpio.o(.text)
    GPIO_EventOutputConfig                   0x080024e3   Thumb Code    26  stm32f10x_gpio.o(.text)
    GPIO_EventOutputCmd                      0x080024fd   Thumb Code     6  stm32f10x_gpio.o(.text)
    GPIO_PinRemapConfig                      0x08002503   Thumb Code   138  stm32f10x_gpio.o(.text)
    GPIO_EXTILineConfig                      0x0800258d   Thumb Code    66  stm32f10x_gpio.o(.text)
    GPIO_ETH_MediaInterfaceConfig            0x080025cf   Thumb Code     6  stm32f10x_gpio.o(.text)
    IWDG_WriteAccessCmd                      0x080025fd   Thumb Code     6  stm32f10x_iwdg.o(.text)
    IWDG_SetPrescaler                        0x08002603   Thumb Code     6  stm32f10x_iwdg.o(.text)
    IWDG_SetReload                           0x08002609   Thumb Code     6  stm32f10x_iwdg.o(.text)
    IWDG_ReloadCounter                       0x0800260f   Thumb Code    10  stm32f10x_iwdg.o(.text)
    IWDG_Enable                              0x08002619   Thumb Code    10  stm32f10x_iwdg.o(.text)
    IWDG_GetFlagStatus                       0x08002623   Thumb Code    20  stm32f10x_iwdg.o(.text)
    PWR_DeInit                               0x0800263d   Thumb Code    22  stm32f10x_pwr.o(.text)
    PWR_BackupAccessCmd                      0x08002653   Thumb Code     6  stm32f10x_pwr.o(.text)
    PWR_PVDCmd                               0x08002659   Thumb Code     6  stm32f10x_pwr.o(.text)
    PWR_PVDLevelConfig                       0x0800265f   Thumb Code    18  stm32f10x_pwr.o(.text)
    PWR_WakeUpPinCmd                         0x08002671   Thumb Code     6  stm32f10x_pwr.o(.text)
    PWR_EnterSTOPMode                        0x08002677   Thumb Code    54  stm32f10x_pwr.o(.text)
    PWR_EnterSTANDBYMode                     0x080026ad   Thumb Code    42  stm32f10x_pwr.o(.text)
    PWR_GetFlagStatus                        0x080026d7   Thumb Code    20  stm32f10x_pwr.o(.text)
    PWR_ClearFlag                            0x080026eb   Thumb Code    14  stm32f10x_pwr.o(.text)
    RCC_DeInit                               0x08002709   Thumb Code    68  stm32f10x_rcc.o(.text)
    RCC_HSEConfig                            0x0800274d   Thumb Code    70  stm32f10x_rcc.o(.text)
    RCC_GetFlagStatus                        0x08002793   Thumb Code    56  stm32f10x_rcc.o(.text)
    RCC_WaitForHSEStartUp                    0x080027cb   Thumb Code    56  stm32f10x_rcc.o(.text)
    RCC_AdjustHSICalibrationValue            0x08002803   Thumb Code    20  stm32f10x_rcc.o(.text)
    RCC_HSICmd                               0x08002817   Thumb Code     6  stm32f10x_rcc.o(.text)
    RCC_PLLConfig                            0x0800281d   Thumb Code    24  stm32f10x_rcc.o(.text)
    RCC_PLLCmd                               0x08002835   Thumb Code     6  stm32f10x_rcc.o(.text)
    RCC_PREDIV1Config                        0x0800283b   Thumb Code    24  stm32f10x_rcc.o(.text)
    RCC_SYSCLKConfig                         0x08002853   Thumb Code    18  stm32f10x_rcc.o(.text)
    RCC_GetSYSCLKSource                      0x08002865   Thumb Code    10  stm32f10x_rcc.o(.text)
    RCC_HCLKConfig                           0x0800286f   Thumb Code    18  stm32f10x_rcc.o(.text)
    RCC_PCLK1Config                          0x08002881   Thumb Code    18  stm32f10x_rcc.o(.text)
    RCC_PCLK2Config                          0x08002893   Thumb Code    20  stm32f10x_rcc.o(.text)
    RCC_ITConfig                             0x080028a7   Thumb Code    26  stm32f10x_rcc.o(.text)
    RCC_USBCLKConfig                         0x080028c1   Thumb Code     6  stm32f10x_rcc.o(.text)
    RCC_ADCCLKConfig                         0x080028c7   Thumb Code    18  stm32f10x_rcc.o(.text)
    RCC_LSEConfig                            0x080028d9   Thumb Code    44  stm32f10x_rcc.o(.text)
    RCC_LSICmd                               0x08002905   Thumb Code     6  stm32f10x_rcc.o(.text)
    RCC_RTCCLKConfig                         0x0800290b   Thumb Code    12  stm32f10x_rcc.o(.text)
    RCC_RTCCLKCmd                            0x08002917   Thumb Code     8  stm32f10x_rcc.o(.text)
    RCC_GetClocksFreq                        0x0800291f   Thumb Code   190  stm32f10x_rcc.o(.text)
    RCC_AHBPeriphClockCmd                    0x080029dd   Thumb Code    26  stm32f10x_rcc.o(.text)
    RCC_APB2PeriphClockCmd                   0x080029f7   Thumb Code    26  stm32f10x_rcc.o(.text)
    RCC_APB1PeriphClockCmd                   0x08002a11   Thumb Code    26  stm32f10x_rcc.o(.text)
    RCC_APB2PeriphResetCmd                   0x08002a2b   Thumb Code    26  stm32f10x_rcc.o(.text)
    RCC_APB1PeriphResetCmd                   0x08002a45   Thumb Code    26  stm32f10x_rcc.o(.text)
    RCC_BackupResetCmd                       0x08002a5f   Thumb Code     8  stm32f10x_rcc.o(.text)
    RCC_ClockSecuritySystemCmd               0x08002a67   Thumb Code     6  stm32f10x_rcc.o(.text)
    RCC_MCOConfig                            0x08002a6d   Thumb Code     6  stm32f10x_rcc.o(.text)
    RCC_ClearFlag                            0x08002a73   Thumb Code    14  stm32f10x_rcc.o(.text)
    RCC_GetITStatus                          0x08002a81   Thumb Code    20  stm32f10x_rcc.o(.text)
    RCC_ClearITPendingBit                    0x08002a95   Thumb Code     6  stm32f10x_rcc.o(.text)
    RTC_ITConfig                             0x08002acd   Thumb Code    26  stm32f10x_rtc.o(.text)
    RTC_EnterConfigMode                      0x08002ae7   Thumb Code    18  stm32f10x_rtc.o(.text)
    RTC_ExitConfigMode                       0x08002af9   Thumb Code    20  stm32f10x_rtc.o(.text)
    RTC_GetCounter                           0x08002b0d   Thumb Code    18  stm32f10x_rtc.o(.text)
    RTC_SetCounter                           0x08002b1f   Thumb Code    26  stm32f10x_rtc.o(.text)
    RTC_SetPrescaler                         0x08002b39   Thumb Code    28  stm32f10x_rtc.o(.text)
    RTC_SetAlarm                             0x08002b55   Thumb Code    26  stm32f10x_rtc.o(.text)
    RTC_GetDivider                           0x08002b6f   Thumb Code    22  stm32f10x_rtc.o(.text)
    RTC_WaitForLastTask                      0x08002b85   Thumb Code    16  stm32f10x_rtc.o(.text)
    RTC_WaitForSynchro                       0x08002b95   Thumb Code    34  stm32f10x_rtc.o(.text)
    RTC_GetFlagStatus                        0x08002bb7   Thumb Code    22  stm32f10x_rtc.o(.text)
    RTC_ClearFlag                            0x08002bcd   Thumb Code    16  stm32f10x_rtc.o(.text)
    RTC_GetITStatus                          0x08002bdd   Thumb Code    32  stm32f10x_rtc.o(.text)
    RTC_ClearITPendingBit                    0x08002bfd   Thumb Code    16  stm32f10x_rtc.o(.text)
    TIM_DeInit                               0x08002c11   Thumb Code   424  stm32f10x_tim.o(.text)
    TIM_TimeBaseInit                         0x08002db9   Thumb Code   122  stm32f10x_tim.o(.text)
    TIM_OC1Init                              0x08002e33   Thumb Code   132  stm32f10x_tim.o(.text)
    TIM_OC2Init                              0x08002eb7   Thumb Code   154  stm32f10x_tim.o(.text)
    TIM_OC3Init                              0x08002f51   Thumb Code   150  stm32f10x_tim.o(.text)
    TIM_OC4Init                              0x08002fe7   Thumb Code   182  stm32f10x_tim.o(.text)
    TIM_SetIC4Prescaler                      0x0800309d   Thumb Code    26  stm32f10x_tim.o(.text)
    TIM_SetIC3Prescaler                      0x08003139   Thumb Code    18  stm32f10x_tim.o(.text)
    TIM_SetIC2Prescaler                      0x080031c5   Thumb Code    26  stm32f10x_tim.o(.text)
    TIM_SetIC1Prescaler                      0x08003261   Thumb Code    18  stm32f10x_tim.o(.text)
    TIM_ICInit                               0x080032df   Thumb Code   150  stm32f10x_tim.o(.text)
    TIM_PWMIConfig                           0x08003375   Thumb Code   124  stm32f10x_tim.o(.text)
    TIM_BDTRConfig                           0x080033f1   Thumb Code    32  stm32f10x_tim.o(.text)
    TIM_TimeBaseStructInit                   0x08003411   Thumb Code    18  stm32f10x_tim.o(.text)
    TIM_OCStructInit                         0x08003423   Thumb Code    20  stm32f10x_tim.o(.text)
    TIM_ICStructInit                         0x08003437   Thumb Code    18  stm32f10x_tim.o(.text)
    TIM_BDTRStructInit                       0x08003449   Thumb Code    40  stm32f10x_tim.o(.text)
    TIM_Cmd                                  0x08003471   Thumb Code    24  stm32f10x_tim.o(.text)
    TIM_CtrlPWMOutputs                       0x08003489   Thumb Code    30  stm32f10x_tim.o(.text)
    TIM_ITConfig                             0x080034a7   Thumb Code    18  stm32f10x_tim.o(.text)
    TIM_GenerateEvent                        0x080034b9   Thumb Code     4  stm32f10x_tim.o(.text)
    TIM_DMAConfig                            0x080034bd   Thumb Code    10  stm32f10x_tim.o(.text)
    TIM_DMACmd                               0x080034c7   Thumb Code    18  stm32f10x_tim.o(.text)
    TIM_InternalClockConfig                  0x080034d9   Thumb Code    12  stm32f10x_tim.o(.text)
    TIM_SelectInputTrigger                   0x080034e5   Thumb Code    18  stm32f10x_tim.o(.text)
    TIM_ITRxExternalClockConfig              0x080034f7   Thumb Code    24  stm32f10x_tim.o(.text)
    TIM_TIxExternalClockConfig               0x0800350f   Thumb Code    62  stm32f10x_tim.o(.text)
    TIM_ETRConfig                            0x0800354d   Thumb Code    28  stm32f10x_tim.o(.text)
    TIM_ETRClockMode1Config                  0x08003569   Thumb Code    54  stm32f10x_tim.o(.text)
    TIM_ETRClockMode2Config                  0x0800359f   Thumb Code    32  stm32f10x_tim.o(.text)
    TIM_PrescalerConfig                      0x080035bf   Thumb Code     6  stm32f10x_tim.o(.text)
    TIM_CounterModeConfig                    0x080035c5   Thumb Code    18  stm32f10x_tim.o(.text)
    TIM_EncoderInterfaceConfig               0x080035d7   Thumb Code    66  stm32f10x_tim.o(.text)
    TIM_ForcedOC1Config                      0x08003619   Thumb Code    18  stm32f10x_tim.o(.text)
    TIM_ForcedOC2Config                      0x0800362b   Thumb Code    26  stm32f10x_tim.o(.text)
    TIM_ForcedOC3Config                      0x08003645   Thumb Code    18  stm32f10x_tim.o(.text)
    TIM_ForcedOC4Config                      0x08003657   Thumb Code    26  stm32f10x_tim.o(.text)
    TIM_ARRPreloadConfig                     0x08003671   Thumb Code    24  stm32f10x_tim.o(.text)
    TIM_SelectCOM                            0x08003689   Thumb Code    24  stm32f10x_tim.o(.text)
    TIM_SelectCCDMA                          0x080036a1   Thumb Code    24  stm32f10x_tim.o(.text)
    TIM_CCPreloadControl                     0x080036b9   Thumb Code    24  stm32f10x_tim.o(.text)
    TIM_OC1PreloadConfig                     0x080036d1   Thumb Code    18  stm32f10x_tim.o(.text)
    TIM_OC2PreloadConfig                     0x080036e3   Thumb Code    26  stm32f10x_tim.o(.text)
    TIM_OC3PreloadConfig                     0x080036fd   Thumb Code    18  stm32f10x_tim.o(.text)
    TIM_OC4PreloadConfig                     0x0800370f   Thumb Code    26  stm32f10x_tim.o(.text)
    TIM_OC1FastConfig                        0x08003729   Thumb Code    18  stm32f10x_tim.o(.text)
    TIM_OC2FastConfig                        0x0800373b   Thumb Code    26  stm32f10x_tim.o(.text)
    TIM_OC3FastConfig                        0x08003755   Thumb Code    18  stm32f10x_tim.o(.text)
    TIM_OC4FastConfig                        0x08003767   Thumb Code    26  stm32f10x_tim.o(.text)
    TIM_ClearOC1Ref                          0x08003781   Thumb Code    18  stm32f10x_tim.o(.text)
    TIM_ClearOC2Ref                          0x08003793   Thumb Code    24  stm32f10x_tim.o(.text)
    TIM_ClearOC3Ref                          0x080037ab   Thumb Code    18  stm32f10x_tim.o(.text)
    TIM_ClearOC4Ref                          0x080037bd   Thumb Code    24  stm32f10x_tim.o(.text)
    TIM_OC1PolarityConfig                    0x080037d5   Thumb Code    18  stm32f10x_tim.o(.text)
    TIM_OC1NPolarityConfig                   0x080037e7   Thumb Code    18  stm32f10x_tim.o(.text)
    TIM_OC2PolarityConfig                    0x080037f9   Thumb Code    26  stm32f10x_tim.o(.text)
    TIM_OC2NPolarityConfig                   0x08003813   Thumb Code    26  stm32f10x_tim.o(.text)
    TIM_OC3PolarityConfig                    0x0800382d   Thumb Code    26  stm32f10x_tim.o(.text)
    TIM_OC3NPolarityConfig                   0x08003847   Thumb Code    26  stm32f10x_tim.o(.text)
    TIM_OC4PolarityConfig                    0x08003861   Thumb Code    26  stm32f10x_tim.o(.text)
    TIM_CCxCmd                               0x0800387b   Thumb Code    30  stm32f10x_tim.o(.text)
    TIM_CCxNCmd                              0x08003899   Thumb Code    30  stm32f10x_tim.o(.text)
    TIM_SelectOCxM                           0x080038b7   Thumb Code    82  stm32f10x_tim.o(.text)
    TIM_UpdateDisableConfig                  0x08003909   Thumb Code    24  stm32f10x_tim.o(.text)
    TIM_UpdateRequestConfig                  0x08003921   Thumb Code    24  stm32f10x_tim.o(.text)
    TIM_SelectHallSensor                     0x08003939   Thumb Code    24  stm32f10x_tim.o(.text)
    TIM_SelectOnePulseMode                   0x08003951   Thumb Code    18  stm32f10x_tim.o(.text)
    TIM_SelectOutputTrigger                  0x08003963   Thumb Code    18  stm32f10x_tim.o(.text)
    TIM_SelectSlaveMode                      0x08003975   Thumb Code    18  stm32f10x_tim.o(.text)
    TIM_SelectMasterSlaveMode                0x08003987   Thumb Code    18  stm32f10x_tim.o(.text)
    TIM_SetCounter                           0x08003999   Thumb Code     4  stm32f10x_tim.o(.text)
    TIM_SetAutoreload                        0x0800399d   Thumb Code     4  stm32f10x_tim.o(.text)
    TIM_SetCompare1                          0x080039a1   Thumb Code     4  stm32f10x_tim.o(.text)
    TIM_SetCompare2                          0x080039a5   Thumb Code     4  stm32f10x_tim.o(.text)
    TIM_SetCompare3                          0x080039a9   Thumb Code     4  stm32f10x_tim.o(.text)
    TIM_SetCompare4                          0x080039ad   Thumb Code     6  stm32f10x_tim.o(.text)
    TIM_SetClockDivision                     0x080039b3   Thumb Code    18  stm32f10x_tim.o(.text)
    TIM_GetCapture1                          0x080039c5   Thumb Code     6  stm32f10x_tim.o(.text)
    TIM_GetCapture2                          0x080039cb   Thumb Code     6  stm32f10x_tim.o(.text)
    TIM_GetCapture3                          0x080039d1   Thumb Code     6  stm32f10x_tim.o(.text)
    TIM_GetCapture4                          0x080039d7   Thumb Code     8  stm32f10x_tim.o(.text)
    TIM_GetCounter                           0x080039df   Thumb Code     6  stm32f10x_tim.o(.text)
    TIM_GetPrescaler                         0x080039e5   Thumb Code     6  stm32f10x_tim.o(.text)
    TIM_GetFlagStatus                        0x080039eb   Thumb Code    18  stm32f10x_tim.o(.text)
    TIM_ClearFlag                            0x080039fd   Thumb Code     6  stm32f10x_tim.o(.text)
    TIM_GetITStatus                          0x08003a03   Thumb Code    34  stm32f10x_tim.o(.text)
    TIM_ClearITPendingBit                    0x08003a25   Thumb Code     6  stm32f10x_tim.o(.text)
    USART_DeInit                             0x08003a2d   Thumb Code   134  stm32f10x_usart.o(.text)
    USART_Init                               0x08003ab3   Thumb Code   210  stm32f10x_usart.o(.text)
    USART_StructInit                         0x08003b85   Thumb Code    24  stm32f10x_usart.o(.text)
    USART_ClockInit                          0x08003b9d   Thumb Code    34  stm32f10x_usart.o(.text)
    USART_ClockStructInit                    0x08003bbf   Thumb Code    12  stm32f10x_usart.o(.text)
    USART_Cmd                                0x08003bcb   Thumb Code    24  stm32f10x_usart.o(.text)
    USART_ITConfig                           0x08003be3   Thumb Code    74  stm32f10x_usart.o(.text)
    USART_DMACmd                             0x08003c2d   Thumb Code    18  stm32f10x_usart.o(.text)
    USART_SetAddress                         0x08003c3f   Thumb Code    18  stm32f10x_usart.o(.text)
    USART_WakeUpConfig                       0x08003c51   Thumb Code    18  stm32f10x_usart.o(.text)
    USART_ReceiverWakeUpCmd                  0x08003c63   Thumb Code    24  stm32f10x_usart.o(.text)
    USART_LINBreakDetectLengthConfig         0x08003c7b   Thumb Code    18  stm32f10x_usart.o(.text)
    USART_LINCmd                             0x08003c8d   Thumb Code    24  stm32f10x_usart.o(.text)
    USART_SendData                           0x08003ca5   Thumb Code     8  stm32f10x_usart.o(.text)
    USART_ReceiveData                        0x08003cad   Thumb Code    10  stm32f10x_usart.o(.text)
    USART_SendBreak                          0x08003cb7   Thumb Code    10  stm32f10x_usart.o(.text)
    USART_SetGuardTime                       0x08003cc1   Thumb Code    16  stm32f10x_usart.o(.text)
    USART_SetPrescaler                       0x08003cd1   Thumb Code    16  stm32f10x_usart.o(.text)
    USART_SmartCardCmd                       0x08003ce1   Thumb Code    24  stm32f10x_usart.o(.text)
    USART_SmartCardNACKCmd                   0x08003cf9   Thumb Code    24  stm32f10x_usart.o(.text)
    USART_HalfDuplexCmd                      0x08003d11   Thumb Code    24  stm32f10x_usart.o(.text)
    USART_OverSampling8Cmd                   0x08003d29   Thumb Code    22  stm32f10x_usart.o(.text)
    USART_OneBitMethodCmd                    0x08003d3f   Thumb Code    24  stm32f10x_usart.o(.text)
    USART_IrDAConfig                         0x08003d57   Thumb Code    18  stm32f10x_usart.o(.text)
    USART_IrDACmd                            0x08003d69   Thumb Code    24  stm32f10x_usart.o(.text)
    USART_GetFlagStatus                      0x08003d81   Thumb Code    26  stm32f10x_usart.o(.text)
    USART_ClearFlag                          0x08003d9b   Thumb Code    18  stm32f10x_usart.o(.text)
    USART_GetITStatus                        0x08003dad   Thumb Code    84  stm32f10x_usart.o(.text)
    USART_ClearITPendingBit                  0x08003e01   Thumb Code    52  stm32f10x_usart.o(.text)
    Reset_Handler                            0x08003e35   Thumb Code     4  startup_stm32f10x_md_vl.o(.text)
    CEC_IRQHandler                           0x08003e4b   Thumb Code     0  startup_stm32f10x_md_vl.o(.text)
    DMA1_Channel1_IRQHandler                 0x08003e4b   Thumb Code     0  startup_stm32f10x_md_vl.o(.text)
    DMA1_Channel2_IRQHandler                 0x08003e4b   Thumb Code     0  startup_stm32f10x_md_vl.o(.text)
    DMA1_Channel3_IRQHandler                 0x08003e4b   Thumb Code     0  startup_stm32f10x_md_vl.o(.text)
    DMA1_Channel4_IRQHandler                 0x08003e4b   Thumb Code     0  startup_stm32f10x_md_vl.o(.text)
    DMA1_Channel5_IRQHandler                 0x08003e4b   Thumb Code     0  startup_stm32f10x_md_vl.o(.text)
    DMA1_Channel6_IRQHandler                 0x08003e4b   Thumb Code     0  startup_stm32f10x_md_vl.o(.text)
    DMA1_Channel7_IRQHandler                 0x08003e4b   Thumb Code     0  startup_stm32f10x_md_vl.o(.text)
    EXTI0_IRQHandler                         0x08003e4b   Thumb Code     0  startup_stm32f10x_md_vl.o(.text)
    EXTI15_10_IRQHandler                     0x08003e4b   Thumb Code     0  startup_stm32f10x_md_vl.o(.text)
    EXTI1_IRQHandler                         0x08003e4b   Thumb Code     0  startup_stm32f10x_md_vl.o(.text)
    EXTI2_IRQHandler                         0x08003e4b   Thumb Code     0  startup_stm32f10x_md_vl.o(.text)
    EXTI3_IRQHandler                         0x08003e4b   Thumb Code     0  startup_stm32f10x_md_vl.o(.text)
    EXTI4_IRQHandler                         0x08003e4b   Thumb Code     0  startup_stm32f10x_md_vl.o(.text)
    EXTI9_5_IRQHandler                       0x08003e4b   Thumb Code     0  startup_stm32f10x_md_vl.o(.text)
    FLASH_IRQHandler                         0x08003e4b   Thumb Code     0  startup_stm32f10x_md_vl.o(.text)
    I2C1_ER_IRQHandler                       0x08003e4b   Thumb Code     0  startup_stm32f10x_md_vl.o(.text)
    I2C1_EV_IRQHandler                       0x08003e4b   Thumb Code     0  startup_stm32f10x_md_vl.o(.text)
    I2C2_ER_IRQHandler                       0x08003e4b   Thumb Code     0  startup_stm32f10x_md_vl.o(.text)
    I2C2_EV_IRQHandler                       0x08003e4b   Thumb Code     0  startup_stm32f10x_md_vl.o(.text)
    PVD_IRQHandler                           0x08003e4b   Thumb Code     0  startup_stm32f10x_md_vl.o(.text)
    RCC_IRQHandler                           0x08003e4b   Thumb Code     0  startup_stm32f10x_md_vl.o(.text)
    RTCAlarm_IRQHandler                      0x08003e4b   Thumb Code     0  startup_stm32f10x_md_vl.o(.text)
    SPI1_IRQHandler                          0x08003e4b   Thumb Code     0  startup_stm32f10x_md_vl.o(.text)
    SPI2_IRQHandler                          0x08003e4b   Thumb Code     0  startup_stm32f10x_md_vl.o(.text)
    TAMPER_IRQHandler                        0x08003e4b   Thumb Code     0  startup_stm32f10x_md_vl.o(.text)
    TIM1_BRK_TIM15_IRQHandler                0x08003e4b   Thumb Code     0  startup_stm32f10x_md_vl.o(.text)
    TIM1_CC_IRQHandler                       0x08003e4b   Thumb Code     0  startup_stm32f10x_md_vl.o(.text)
    TIM1_TRG_COM_TIM17_IRQHandler            0x08003e4b   Thumb Code     0  startup_stm32f10x_md_vl.o(.text)
    TIM1_UP_TIM16_IRQHandler                 0x08003e4b   Thumb Code     0  startup_stm32f10x_md_vl.o(.text)
    TIM2_IRQHandler                          0x08003e4b   Thumb Code     0  startup_stm32f10x_md_vl.o(.text)
    TIM3_IRQHandler                          0x08003e4b   Thumb Code     0  startup_stm32f10x_md_vl.o(.text)
    TIM4_IRQHandler                          0x08003e4b   Thumb Code     0  startup_stm32f10x_md_vl.o(.text)
    TIM6_DAC_IRQHandler                      0x08003e4b   Thumb Code     0  startup_stm32f10x_md_vl.o(.text)
    TIM7_IRQHandler                          0x08003e4b   Thumb Code     0  startup_stm32f10x_md_vl.o(.text)
    WWDG_IRQHandler                          0x08003e4b   Thumb Code     0  startup_stm32f10x_md_vl.o(.text)
    __user_initial_stackheap                 0x08003e4d   Thumb Code     0  startup_stm32f10x_md_vl.o(.text)
    SystemInit                               0x08003f89   Thumb Code    82  system_stm32f10x.o(.text)
    SystemCoreClockUpdate                    0x08003fdb   Thumb Code   138  system_stm32f10x.o(.text)
    __2sprintf                               0x08004085   Thumb Code    34  noretval__2sprintf.o(.text)
    __printf                                 0x080040ad   Thumb Code   104  __printf.o(.text)
    _printf_int_dec                          0x08004115   Thumb Code   102  _printf_dec.o(.text)
    strstr                                   0x0800418d   Thumb Code    36  strstr.o(.text)
    strlen                                   0x080041b1   Thumb Code    62  strlen.o(.text)
    __aeabi_memcpy4                          0x080041ef   Thumb Code     0  rt_memcpy_w.o(.text)
    __aeabi_memcpy8                          0x080041ef   Thumb Code     0  rt_memcpy_w.o(.text)
    __rt_memcpy_w                            0x080041ef   Thumb Code   100  rt_memcpy_w.o(.text)
    _memcpy_lastbytes_aligned                0x08004237   Thumb Code     0  rt_memcpy_w.o(.text)
    __aeabi_memclr                           0x08004253   Thumb Code     0  rt_memclr.o(.text)
    __rt_memclr                              0x08004253   Thumb Code    68  rt_memclr.o(.text)
    _memset                                  0x08004257   Thumb Code     0  rt_memclr.o(.text)
    __aeabi_memclr4                          0x08004297   Thumb Code     0  rt_memclr_w.o(.text)
    __aeabi_memclr8                          0x08004297   Thumb Code     0  rt_memclr_w.o(.text)
    __rt_memclr_w                            0x08004297   Thumb Code    78  rt_memclr_w.o(.text)
    _memset_w                                0x0800429b   Thumb Code     0  rt_memclr_w.o(.text)
    __use_two_region_memory                  0x080042e5   Thumb Code     2  heapauxi.o(.text)
    __rt_heap_escrow$2region                 0x080042e7   Thumb Code     2  heapauxi.o(.text)
    __rt_heap_expand$2region                 0x080042e9   Thumb Code     2  heapauxi.o(.text)
    _printf_int_common                       0x080042eb   Thumb Code   184  _printf_intcommon.o(.text)
    _printf_char_common                      0x080043af   Thumb Code    32  _printf_char_common.o(.text)
    _sputc                                   0x080043d5   Thumb Code    10  _sputc.o(.text)
    __user_setup_stackheap                   0x080043df   Thumb Code    74  sys_stackheap_outer.o(.text)
    exit                                     0x08004429   Thumb Code    12  exit.o(.text)
    __user_libspace                          0x08004435   Thumb Code     8  libspace.o(.text)
    __user_perproc_libspace                  0x08004435   Thumb Code     0  libspace.o(.text)
    __user_perthread_libspace                0x08004435   Thumb Code     0  libspace.o(.text)
    _sys_exit                                0x0800443d   Thumb Code     8  sys_exit.o(.text)
    __I$use$semihosting                      0x08004449   Thumb Code     0  use_no_semi.o(.text)
    __use_no_semihosting_swi                 0x08004449   Thumb Code     2  use_no_semi.o(.text)
    __semihosting_library_function           0x0800444b   Thumb Code     0  indicate_semi.o(.text)
    Region$$Table$$Base                      0x08004480   Number         0  anon$$obj.o(Region$$Table)
    Region$$Table$$Limit                     0x080044a0   Number         0  anon$$obj.o(Region$$Table)
    RxData1                                  0x20000000   Data           1  main.o(.data)
    RxData2                                  0x20000001   Data           1  main.o(.data)
    Rx2len                                   0x20000002   Data           1  main.o(.data)
    TxCounter3                               0x20000004   Data           2  main.o(.data)
    MaxNbrofTx3                              0x20000006   Data           2  main.o(.data)
    TxBuffer3                                0x20000008   Data           4  main.o(.data)
    Com1first                                0x2000000c   Data           1  main.o(.data)
    Com2first                                0x2000000d   Data           1  main.o(.data)
    Com3first                                0x2000000e   Data           1  main.o(.data)
    PowerOn                                  0x2000000f   Data           1  main.o(.data)
    timed                                    0x20000010   Data           1  main.o(.data)
    sysread                                  0x20000011   Data           1  main.o(.data)
    time_send                                0x20000012   Data           1  main.o(.data)
    time_sleep                               0x20000014   Data           2  main.o(.data)
    ADCcount                                 0x20000016   Data           1  main.o(.data)
    ADCTure                                  0x20000017   Data           1  main.o(.data)
    Bat_Low                                  0x20000018   Data           1  main.o(.data)
    HB_Time                                  0x20000019   Data           1  main.o(.data)
    W_Mode                                   0x2000001a   Data           1  main.o(.data)
    W_BaudRate                               0x2000001b   Data           1  main.o(.data)
    W_Parity                                 0x2000001c   Data           1  main.o(.data)
    W_Time                                   0x2000001d   Data           1  main.o(.data)
    W_TimeRe                                 0x2000001e   Data           2  main.o(.data)
    W_Bat                                    0x20000020   Data           2  main.o(.data)
    TimingDelay                              0x20000024   Data           4  main.o(.data)
    SystemCoreClock                          0x2000003c   Data           4  system_stm32f10x.o(.data)
    AHBPrescTable                            0x20000040   Data          16  system_stm32f10x.o(.data)
    RxTmp                                    0x20000050   Data          32  main.o(.bss)
    RxTmp2                                   0x20000070   Data          32  main.o(.bss)
    RxQUE3                                   0x20000090   Data         258  main.o(.bss)
    ADCConvertedValue                        0x20000192   Data          64  main.o(.bss)
    ADCConverted                             0x200001d2   Data          64  main.o(.bss)
    __libspace_start                         0x20000214   Data          96  libspace.o(.bss)
    __temporary_stack_top$libspace           0x20000274   Data           0  libspace.o(.bss)



==============================================================================

Memory Map of the image

  Image Entry point : 0x08000121

  Load Region LR_IROM1 (Base: 0x08000000, Size: 0x000044f0, Max: 0x00010000, ABSOLUTE)

    Execution Region ER_IROM1 (Base: 0x08000000, Size: 0x000044a0, Max: 0x00010000, ABSOLUTE)

    Base Addr    Size         Type   Attr      Idx    E Section Name        Object

    0x08000000   0x00000120   Data   RO          432    RESET               startup_stm32f10x_md_vl.o
    0x08000120   0x00000008   Code   RO          510  * !!!main             c_w.l(__main.o)
    0x08000128   0x00000034   Code   RO          673    !!!scatter          c_w.l(__scatter.o)
    0x0800015c   0x0000001a   Code   RO          675    !!handler_copy      c_w.l(__scatter_copy.o)
    0x08000176   0x00000002   PAD
    0x08000178   0x0000001c   Code   RO          677    !!handler_zi        c_w.l(__scatter_zi.o)
    0x08000194   0x00000000   Code   RO          497    .ARM.Collect$$_printf_percent$$00000000  c_w.l(_printf_percent.o)
    0x08000194   0x00000006   Code   RO          496    .ARM.Collect$$_printf_percent$$00000009  c_w.l(_printf_d.o)
    0x0800019a   0x00000004   Code   RO          519    .ARM.Collect$$_printf_percent$$00000017  c_w.l(_printf_percent_end.o)
    0x0800019e   0x00000002   Code   RO          546    .ARM.Collect$$libinit$$00000000  c_w.l(libinit.o)
    0x080001a0   0x00000000   Code   RO          553    .ARM.Collect$$libinit$$00000002  c_w.l(libinit2.o)
    0x080001a0   0x00000000   Code   RO          556    .ARM.Collect$$libinit$$00000008  c_w.l(libinit2.o)
    0x080001a0   0x00000000   Code   RO          558    .ARM.Collect$$libinit$$0000000A  c_w.l(libinit2.o)
    0x080001a0   0x00000000   Code   RO          560    .ARM.Collect$$libinit$$0000000C  c_w.l(libinit2.o)
    0x080001a0   0x00000000   Code   RO          563    .ARM.Collect$$libinit$$0000000F  c_w.l(libinit2.o)
    0x080001a0   0x00000000   Code   RO          565    .ARM.Collect$$libinit$$00000011  c_w.l(libinit2.o)
    0x080001a0   0x00000000   Code   RO          567    .ARM.Collect$$libinit$$00000013  c_w.l(libinit2.o)
    0x080001a0   0x00000000   Code   RO          569    .ARM.Collect$$libinit$$00000015  c_w.l(libinit2.o)
    0x080001a0   0x00000000   Code   RO          571    .ARM.Collect$$libinit$$00000017  c_w.l(libinit2.o)
    0x080001a0   0x00000000   Code   RO          573    .ARM.Collect$$libinit$$00000019  c_w.l(libinit2.o)
    0x080001a0   0x00000000   Code   RO          575    .ARM.Collect$$libinit$$0000001B  c_w.l(libinit2.o)
    0x080001a0   0x00000000   Code   RO          577    .ARM.Collect$$libinit$$0000001D  c_w.l(libinit2.o)
    0x080001a0   0x00000000   Code   RO          579    .ARM.Collect$$libinit$$0000001F  c_w.l(libinit2.o)
    0x080001a0   0x00000000   Code   RO          581    .ARM.Collect$$libinit$$00000021  c_w.l(libinit2.o)
    0x080001a0   0x00000000   Code   RO          583    .ARM.Collect$$libinit$$00000023  c_w.l(libinit2.o)
    0x080001a0   0x00000000   Code   RO          587    .ARM.Collect$$libinit$$0000002A  c_w.l(libinit2.o)
    0x080001a0   0x00000000   Code   RO          589    .ARM.Collect$$libinit$$0000002C  c_w.l(libinit2.o)
    0x080001a0   0x00000000   Code   RO          591    .ARM.Collect$$libinit$$0000002E  c_w.l(libinit2.o)
    0x080001a0   0x00000000   Code   RO          593    .ARM.Collect$$libinit$$00000030  c_w.l(libinit2.o)
    0x080001a0   0x00000002   Code   RO          594    .ARM.Collect$$libinit$$00000031  c_w.l(libinit2.o)
    0x080001a2   0x00000002   Code   RO          614    .ARM.Collect$$libshutdown$$00000000  c_w.l(libshutdown.o)
    0x080001a4   0x00000000   Code   RO          628    .ARM.Collect$$libshutdown$$00000003  c_w.l(libshutdown2.o)
    0x080001a4   0x00000000   Code   RO          631    .ARM.Collect$$libshutdown$$00000006  c_w.l(libshutdown2.o)
    0x080001a4   0x00000000   Code   RO          634    .ARM.Collect$$libshutdown$$00000009  c_w.l(libshutdown2.o)
    0x080001a4   0x00000000   Code   RO          636    .ARM.Collect$$libshutdown$$0000000B  c_w.l(libshutdown2.o)
    0x080001a4   0x00000000   Code   RO          639    .ARM.Collect$$libshutdown$$0000000E  c_w.l(libshutdown2.o)
    0x080001a4   0x00000002   Code   RO          640    .ARM.Collect$$libshutdown$$0000000F  c_w.l(libshutdown2.o)
    0x080001a6   0x00000000   Code   RO          512    .ARM.Collect$$rtentry$$00000000  c_w.l(rtentry.o)
    0x080001a6   0x00000000   Code   RO          521    .ARM.Collect$$rtentry$$00000002  c_w.l(rtentry2.o)
    0x080001a6   0x00000006   Code   RO          533    .ARM.Collect$$rtentry$$00000004  c_w.l(rtentry4.o)
    0x080001ac   0x00000000   Code   RO          523    .ARM.Collect$$rtentry$$00000009  c_w.l(rtentry2.o)
    0x080001ac   0x00000004   Code   RO          524    .ARM.Collect$$rtentry$$0000000A  c_w.l(rtentry2.o)
    0x080001b0   0x00000000   Code   RO          526    .ARM.Collect$$rtentry$$0000000C  c_w.l(rtentry2.o)
    0x080001b0   0x00000008   Code   RO          527    .ARM.Collect$$rtentry$$0000000D  c_w.l(rtentry2.o)
    0x080001b8   0x00000002   Code   RO          550    .ARM.Collect$$rtexit$$00000000  c_w.l(rtexit.o)
    0x080001ba   0x00000000   Code   RO          596    .ARM.Collect$$rtexit$$00000002  c_w.l(rtexit2.o)
    0x080001ba   0x00000004   Code   RO          597    .ARM.Collect$$rtexit$$00000003  c_w.l(rtexit2.o)
    0x080001be   0x00000006   Code   RO          598    .ARM.Collect$$rtexit$$00000004  c_w.l(rtexit2.o)
    0x080001c4   0x00000130   Code   RO            1    .text               main.o
    0x080002f4   0x000002dc   Code   RO          108    .text               stm32f10x_it.o
    0x080005d0   0x00000b14   Code   RO          128    .text               dev.o
    0x080010e4   0x00000614   Code   RO          144    .text               deal.o
    0x080016f8   0x000000dc   Code   RO          164    .text               misc.o
    0x080017d4   0x0000044e   Code   RO          176    .text               stm32f10x_adc.o
    0x08001c22   0x00000002   PAD
    0x08001c24   0x000000c4   Code   RO          188    .text               stm32f10x_bkp.o
    0x08001ce8   0x000005bc   Code   RO          284    .text               stm32f10x_flash.o
    0x080022a4   0x00000358   Code   RO          296    .text               stm32f10x_gpio.o
    0x080025fc   0x00000040   Code   RO          320    .text               stm32f10x_iwdg.o
    0x0800263c   0x000000cc   Code   RO          332    .text               stm32f10x_pwr.o
    0x08002708   0x000003c4   Code   RO          344    .text               stm32f10x_rcc.o
    0x08002acc   0x00000144   Code   RO          358    .text               stm32f10x_rtc.o
    0x08002c10   0x00000e1a   Code   RO          394    .text               stm32f10x_tim.o
    0x08003a2a   0x00000002   PAD
    0x08003a2c   0x00000408   Code   RO          406    .text               stm32f10x_usart.o
    0x08003e34   0x00000038   Code   RO          433    .text               startup_stm32f10x_md_vl.o
    0x08003e6c   0x00000218   Code   RO          438    .text               system_stm32f10x.o
    0x08004084   0x00000028   Code   RO          470    .text               c_w.l(noretval__2sprintf.o)
    0x080040ac   0x00000068   Code   RO          472    .text               c_w.l(__printf.o)
    0x08004114   0x00000078   Code   RO          474    .text               c_w.l(_printf_dec.o)
    0x0800418c   0x00000024   Code   RO          498    .text               c_w.l(strstr.o)
    0x080041b0   0x0000003e   Code   RO          500    .text               c_w.l(strlen.o)
    0x080041ee   0x00000064   Code   RO          502    .text               c_w.l(rt_memcpy_w.o)
    0x08004252   0x00000044   Code   RO          504    .text               c_w.l(rt_memclr.o)
    0x08004296   0x0000004e   Code   RO          506    .text               c_w.l(rt_memclr_w.o)
    0x080042e4   0x00000006   Code   RO          508    .text               c_w.l(heapauxi.o)
    0x080042ea   0x000000b8   Code   RO          513    .text               c_w.l(_printf_intcommon.o)
    0x080043a2   0x00000002   PAD
    0x080043a4   0x00000030   Code   RO          515    .text               c_w.l(_printf_char_common.o)
    0x080043d4   0x0000000a   Code   RO          517    .text               c_w.l(_sputc.o)
    0x080043de   0x0000004a   Code   RO          537    .text               c_w.l(sys_stackheap_outer.o)
    0x08004428   0x0000000c   Code   RO          539    .text               c_w.l(exit.o)
    0x08004434   0x00000008   Code   RO          547    .text               c_w.l(libspace.o)
    0x0800443c   0x0000000c   Code   RO          606    .text               c_w.l(sys_exit.o)
    0x08004448   0x00000002   Code   RO          617    .text               c_w.l(use_no_semi.o)
    0x0800444a   0x00000000   Code   RO          619    .text               c_w.l(indicate_semi.o)
    0x0800444a   0x00000002   PAD
    0x0800444c   0x00000032   Data   RO          145    .constdata          deal.o
    0x0800447e   0x00000002   PAD
    0x08004480   0x00000020   Data   RO          671    Region$$Table       anon$$obj.o


    Execution Region RW_IRAM1 (Base: 0x20000000, Size: 0x00000878, Max: 0x00002000, ABSOLUTE)

    Base Addr    Size         Type   Attr      Idx    E Section Name        Object

    0x20000000   0x00000028   Data   RW            3    .data               main.o
    0x20000028   0x00000014   Data   RW          345    .data               stm32f10x_rcc.o
    0x2000003c   0x00000014   Data   RW          439    .data               system_stm32f10x.o
    0x20000050   0x000001c2   Zero   RW            2    .bss                main.o
    0x20000212   0x00000002   PAD
    0x20000214   0x00000060   Zero   RW          548    .bss                c_w.l(libspace.o)
    0x20000274   0x00000004   PAD
    0x20000278   0x00000200   Zero   RW          431    HEAP                startup_stm32f10x_md_vl.o
    0x20000478   0x00000400   Zero   RW          430    STACK               startup_stm32f10x_md_vl.o


==============================================================================

Image component sizes


      Code (inc. data)   RO Data    RW Data    ZI Data      Debug   Object Name

      1556        148         50          0          0       3979   deal.o
      2836        104          0          0          0      22462   dev.o
       304         56          0         40        450     289053   main.o
       220         20          0          0          0       1801   misc.o
        56         22        288          0       1536        884   startup_stm32f10x_md_vl.o
      1102         26          0          0          0      10837   stm32f10x_adc.o
       196          8          0          0          0       3464   stm32f10x_bkp.o
      1468         34          0          0          0       8034   stm32f10x_flash.o
       856         40          0          0          0       5649   stm32f10x_gpio.o
       732        102          0          0          0       5319   stm32f10x_it.o
        64          6          0          0          0       1257   stm32f10x_iwdg.o
       204         16          0          0          0       1907   stm32f10x_pwr.o
       964         50          0         20          0       9130   stm32f10x_rcc.o
       324          4          0          0          0       2658   stm32f10x_rtc.o
      3610         88          0          0          0      22132   stm32f10x_tim.o
      1032         22          0          0          0       8372   stm32f10x_usart.o
       536         32          0         20          0       1787   system_stm32f10x.o

    ----------------------------------------------------------------------
     16064        778        372         80       1988     398725   Object Totals
         0          0         32          0          0          0   (incl. Generated)
         4          0          2          0          2          0   (incl. Padding)

    ----------------------------------------------------------------------

      Code (inc. data)   RO Data    RW Data    ZI Data      Debug   Library Member Name

         8          0          0          0          0         68   __main.o
       104          0          0          0          0         84   __printf.o
        52          8          0          0          0          0   __scatter.o
        26          0          0          0          0          0   __scatter_copy.o
        28          0          0          0          0          0   __scatter_zi.o
        48          6          0          0          0         96   _printf_char_common.o
         6          0          0          0          0          0   _printf_d.o
       120         18          0          0          0         92   _printf_dec.o
       184          0          0          0          0         88   _printf_intcommon.o
         0          0          0          0          0          0   _printf_percent.o
         4          0          0          0          0          0   _printf_percent_end.o
        10          0          0          0          0         68   _sputc.o
        12          0          0          0          0         72   exit.o
         6          0          0          0          0        152   heapauxi.o
         0          0          0          0          0          0   indicate_semi.o
         2          0          0          0          0          0   libinit.o
         2          0          0          0          0          0   libinit2.o
         2          0          0          0          0          0   libshutdown.o
         2          0          0          0          0          0   libshutdown2.o
         8          4          0          0         96         68   libspace.o
        40          6          0          0          0         84   noretval__2sprintf.o
        68          0          0          0          0         68   rt_memclr.o
        78          0          0          0          0         80   rt_memclr_w.o
       100          0          0          0          0         80   rt_memcpy_w.o
         0          0          0          0          0          0   rtentry.o
        12          0          0          0          0          0   rtentry2.o
         6          0          0          0          0          0   rtentry4.o
         2          0          0          0          0          0   rtexit.o
        10          0          0          0          0          0   rtexit2.o
        62          0          0          0          0         76   strlen.o
        36          0          0          0          0         80   strstr.o
        12          4          0          0          0         68   sys_exit.o
        74          0          0          0          0         80   sys_stackheap_outer.o
         2          0          0          0          0         68   use_no_semi.o

    ----------------------------------------------------------------------
      1132         46          0          0        100       1472   Library Totals
         6          0          0          0          4          0   (incl. Padding)

    ----------------------------------------------------------------------

      Code (inc. data)   RO Data    RW Data    ZI Data      Debug   Library Name

      1126         46          0          0         96       1472   c_w.l

    ----------------------------------------------------------------------
      1132         46          0          0        100       1472   Library Totals

    ----------------------------------------------------------------------

==============================================================================


      Code (inc. data)   RO Data    RW Data    ZI Data      Debug   

     17196        824        372         80       2088     397129   Grand Totals
     17196        824        372         80       2088     397129   ELF Image Totals
     17196        824        372         80          0          0   ROM Totals

==============================================================================

    Total RO  Size (Code + RO Data)                17568 (  17.16kB)
    Total RW  Size (RW Data + ZI Data)              2168 (   2.12kB)
    Total ROM Size (Code + RO Data + RW Data)      17648 (  17.23kB)

==============================================================================

