Product: MDK-ARM Standard 5.10
Component: ARM Compiler 5.04 update 1 (build 49)
Tool: armlink [5040049]

==============================================================================

Section Cross References

    main.o(.text) refers to dev.o(.text) for RCC_Configuration
    main.o(.text) refers to myadc.o(.text) for myADC_init
    main.o(.text) refers to deal.o(.text) for BTSet
    main.o(.text) refers to quque.o(.text) for InitQue
    main.o(.text) refers to delay.o(.text) for delay_nms
    main.o(.text) refers to stm32f10x_gpio.o(.text) for GPIO_ReadInputDataBit
    main.o(.text) refers to main.o(.bss) for Sys_run
    main.o(.text) refers to main.o(.data) for BT_STA
    stm32f10x_it.o(.text) refers to stm32f10x_gpio.o(.text) for GPIO_ResetBits
    stm32f10x_it.o(.text) refers to dev.o(.text) for EXTI9_5_ENABLE
    stm32f10x_it.o(.text) refers to quque.o(.text) for InsertQue
    stm32f10x_it.o(.text) refers to stm32f10x_usart.o(.text) for USART_GetITStatus
    stm32f10x_it.o(.text) refers to stm32f10x_tim.o(.text) for TIM_GetITStatus
    stm32f10x_it.o(.text) refers to main.o(.data) for TX_FLAG
    stm32f10x_it.o(.text) refers to stm32f10x_it.o(.data) for tmp
    stm32f10x_it.o(.text) refers to main.o(.bss) for IrDARxBuffer1
    stm32f10x_it.o(.text) refers to stm32f10x_exti.o(.text) for EXTI_GetITStatus
    dev.o(.text) refers to _scanf_int.o(.text) for _scanf_int
    dev.o(.text) refers to _scanf_str.o(.text) for _scanf_string
    dev.o(.text) refers to stm32f10x_rcc.o(.text) for RCC_HSICmd
    dev.o(.text) refers to stm32f10x_flash.o(.text) for FLASH_PrefetchBufferCmd
    dev.o(.text) refers to stm32f10x_pwr.o(.text) for PWR_BackupAccessCmd
    dev.o(.text) refers to misc.o(.text) for NVIC_SetVectorTable
    dev.o(.text) refers to stm32f10x_gpio.o(.text) for GPIO_Init
    dev.o(.text) refers to stm32f10x_usart.o(.text) for USART_Init
    dev.o(.text) refers to stm32f10x_tim.o(.text) for TIM_TimeBaseInit
    dev.o(.text) refers to stm32f10x_iwdg.o(.text) for IWDG_WriteAccessCmd
    dev.o(.text) refers to stm32f10x_exti.o(.text) for EXTI_Init
    dev.o(.text) refers to stm32f10x_bkp.o(.text) for BKP_WriteBackupRegister
    dev.o(.text) refers to deal.o(.text) for PowerDown
    dev.o(.text) refers to main.o(.data) for TxCounter1
    dev.o(.text) refers to system_stm32f10x.o(.data) for SystemCoreClock
    dev.o(.text) refers to memseta.o(.text) for __aeabi_memclr4
    dev.o(.text) refers to memcpya.o(.text) for __aeabi_memcpy4
    dev.o(.text) refers to __0sscanf.o(.text) for __0sscanf
    dev.o(.text) refers to strstr.o(.text) for strstr
    deal.o(.text) refers to stm32f10x_gpio.o(.text) for GPIO_ResetBits
    deal.o(.text) refers to dev.o(.text) for PWM_Disable
    deal.o(.text) refers to stm32f10x_bkp.o(.text) for BKP_WriteBackupRegister
    deal.o(.text) refers to stm32f10x_pwr.o(.text) for PWR_EnterSTANDBYMode
    deal.o(.text) refers to main.o(.data) for BL_STA
    deal.o(.text) refers to main.o(.bss) for Dat_dbuf
    deal.o(.text) refers to delay.o(.text) for delay_nms
    deal.o(.text) refers to esam.o(.text) for ESAM_Reset
    deal.o(.text) refers to quque.o(.text) for NumOfQue
    deal.o(.text) refers to myadc.o(.text) for ADC_filter
    deal.o(.text) refers to stm32f10x_flash.o(.text) for FLASH_ProgramWord
    deal.o(.text) refers to stm32f10x_iwdg.o(.text) for IWDG_ReloadCounter
    deal.o(.text) refers to memcpya.o(.text) for __aeabi_memcpy4
    deal.o(.text) refers to strstr.o(.text) for strstr
    deal.o(.text) refers to deal.o(.data) for FLASHStatus
    esam.o(.text) refers to delay.o(.text) for delay_nms
    esam.o(.text) refers to dev.o(.text) for Set_ESAM_power_ON
    esam.o(.text) refers to stm32f10x_gpio.o(.text) for GPIO_ResetBits
    esam.o(.text) refers to stm32f10x_usart.o(.text) for USART_ITConfig
    esam.o(.text) refers to deal.o(.text) for Clear_RxBuffer2
    esam.o(.text) refers to memcpya.o(.text) for __aeabi_memcpy4
    esam.o(.text) refers to main.o(.data) for TxCounter2
    esam.o(.text) refers to main.o(.bss) for RxBuffer2
    esam.o(.text) refers to esam.o(.data) for ESAMRand1
    esam.o(.text) refers to stm32f10x_iwdg.o(.text) for IWDG_ReloadCounter
    myadc.o(.text) refers to memseta.o(.text) for __aeabi_memclr4
    myadc.o(.text) refers to dev.o(.text) for Hex2Bcd
    myadc.o(.text) refers to stm32f10x_gpio.o(.text) for GPIO_SetBits
    myadc.o(.text) refers to stm32f10x_rcc.o(.text) for RCC_AHBPeriphClockCmd
    myadc.o(.text) refers to stm32f10x_dma.o(.text) for DMA_DeInit
    myadc.o(.text) refers to stm32f10x_adc.o(.text) for ADC_Init
    myadc.o(.text) refers to myadc.o(.bss) for ADC_ConvertedValue
    myadc.o(.text) refers to main.o(.data) for Bat_FLAG
    stm32f10x_adc.o(.text) refers to stm32f10x_rcc.o(.text) for RCC_APB2PeriphResetCmd
    stm32f10x_bkp.o(.text) refers to stm32f10x_rcc.o(.text) for RCC_BackupResetCmd
    stm32f10x_can.o(.text) refers to stm32f10x_rcc.o(.text) for RCC_APB1PeriphResetCmd
    stm32f10x_cec.o(.text) refers to stm32f10x_rcc.o(.text) for RCC_APB1PeriphResetCmd
    stm32f10x_dac.o(.text) refers to stm32f10x_rcc.o(.text) for RCC_APB1PeriphResetCmd
    stm32f10x_gpio.o(.text) refers to stm32f10x_rcc.o(.text) for RCC_APB2PeriphResetCmd
    stm32f10x_i2c.o(.text) refers to stm32f10x_rcc.o(.text) for RCC_APB1PeriphResetCmd
    stm32f10x_pwr.o(.text) refers to stm32f10x_rcc.o(.text) for RCC_APB1PeriphResetCmd
    stm32f10x_rcc.o(.text) refers to stm32f10x_rcc.o(.data) for APBAHBPrescTable
    stm32f10x_spi.o(.text) refers to stm32f10x_rcc.o(.text) for RCC_APB2PeriphResetCmd
    stm32f10x_tim.o(.text) refers to stm32f10x_rcc.o(.text) for RCC_APB2PeriphResetCmd
    stm32f10x_usart.o(.text) refers to stm32f10x_rcc.o(.text) for RCC_APB2PeriphResetCmd
    stm32f10x_wwdg.o(.text) refers to stm32f10x_rcc.o(.text) for RCC_APB1PeriphResetCmd
    startup_stm32f10x_md_vl.o(STACK) refers (Special) to system_stm32f10x.o(.text) for SystemInit
    startup_stm32f10x_md_vl.o(HEAP) refers (Special) to system_stm32f10x.o(.text) for SystemInit
    startup_stm32f10x_md_vl.o(RESET) refers (Special) to system_stm32f10x.o(.text) for SystemInit
    startup_stm32f10x_md_vl.o(RESET) refers to startup_stm32f10x_md_vl.o(STACK) for __initial_sp
    startup_stm32f10x_md_vl.o(RESET) refers to startup_stm32f10x_md_vl.o(.text) for Reset_Handler
    startup_stm32f10x_md_vl.o(RESET) refers to stm32f10x_it.o(.text) for NMI_Handler
    startup_stm32f10x_md_vl.o(.text) refers (Special) to system_stm32f10x.o(.text) for SystemInit
    startup_stm32f10x_md_vl.o(.text) refers to entry.o(.ARM.Collect$$$$00000000) for __main
    system_stm32f10x.o(.text) refers to stm32f10x_rcc.o(.text) for RCC_DeInit
    system_stm32f10x.o(.text) refers to stm32f10x_flash.o(.text) for FLASH_PrefetchBufferCmd
    system_stm32f10x.o(.text) refers to system_stm32f10x.o(.data) for SystemCoreClock
    entry.o(.ARM.Collect$$$$00000000) refers (Special) to entry10a.o(.ARM.Collect$$$$0000000D) for __rt_final_cpp
    entry.o(.ARM.Collect$$$$00000000) refers (Special) to entry11a.o(.ARM.Collect$$$$0000000F) for __rt_final_exit
    entry.o(.ARM.Collect$$$$00000000) refers (Special) to entry7b.o(.ARM.Collect$$$$00000008) for _main_clock
    entry.o(.ARM.Collect$$$$00000000) refers (Special) to entry8b.o(.ARM.Collect$$$$0000000A) for _main_cpp_init
    entry.o(.ARM.Collect$$$$00000000) refers (Special) to entry9a.o(.ARM.Collect$$$$0000000B) for _main_init
    entry.o(.ARM.Collect$$$$00000000) refers (Special) to entry5.o(.ARM.Collect$$$$00000004) for _main_scatterload
    entry.o(.ARM.Collect$$$$00000000) refers (Special) to entry2.o(.ARM.Collect$$$$00000001) for _main_stk
    __0sscanf.o(.text) refers to scanf_char.o(.text) for __vfscanf_char
    __0sscanf.o(.text) refers to _sgetc.o(.text) for _sgetc
    _scanf_int.o(.text) refers to _chval.o(.text) for _chval
    entry2.o(.ARM.Collect$$$$00000001) refers to entry2.o(.ARM.Collect$$$$00002712) for __lit__00000000
    entry2.o(.ARM.Collect$$$$00002712) refers to startup_stm32f10x_md_vl.o(STACK) for __initial_sp
    entry2.o(__vectab_stack_and_reset_area) refers to startup_stm32f10x_md_vl.o(STACK) for __initial_sp
    entry2.o(__vectab_stack_and_reset_area) refers to entry.o(.ARM.Collect$$$$00000000) for __main
    entry5.o(.ARM.Collect$$$$00000004) refers to init.o(.text) for __scatterload
    entry9a.o(.ARM.Collect$$$$0000000B) refers to main.o(.text) for main
    entry9b.o(.ARM.Collect$$$$0000000C) refers to main.o(.text) for main
    scanf_char.o(.text) refers to _scanf.o(.text) for __vfscanf
    scanf_char.o(.text) refers to isspace_c.o(.text) for isspace
    init.o(.text) refers to entry5.o(.ARM.Collect$$$$00000004) for __main_after_scatterload
    isspace_c.o(.text) refers to ctype_c.o(.text) for __ctype_lookup
    _scanf.o(.text) refers (Weak) to _scanf_int.o(.text) for _scanf_int
    _scanf.o(.text) refers (Weak) to _scanf_str.o(.text) for _scanf_string
    ctype_c.o(.text) refers to ctype_c.o(.constdata) for .constdata


==============================================================================

Removing Unused input sections from the image.

    Removing stm32f10x_can.o(.text), (2544 bytes).
    Removing stm32f10x_cec.o(.text), (288 bytes).
    Removing stm32f10x_crc.o(.text), (72 bytes).
    Removing stm32f10x_dac.o(.text), (528 bytes).
    Removing stm32f10x_dbgmcu.o(.text), (48 bytes).
    Removing stm32f10x_i2c.o(.text), (1028 bytes).
    Removing stm32f10x_rtc.o(.text), (328 bytes).
    Removing stm32f10x_sdio.o(.text), (468 bytes).
    Removing stm32f10x_spi.o(.text), (780 bytes).
    Removing stm32f10x_wwdg.o(.text), (136 bytes).
    Removing startup_stm32f10x_md_vl.o(HEAP), (512 bytes).
    Removing core_cm3.o(.emb_text), (32 bytes).

12 unused section(s) (total 6764 bytes) removed from the image.

==============================================================================

Image Symbol Table

    Local Symbols

    Symbol Name                              Value     Ov Type        Size  Object(Section)

    ../clib/microlib/ctype/ctype.c           0x00000000   Number         0  ctype_c.o ABSOLUTE
    ../clib/microlib/ctype/ctype.c           0x00000000   Number         0  isspace_c.o ABSOLUTE
    ../clib/microlib/init/entry.s            0x00000000   Number         0  entry7b.o ABSOLUTE
    ../clib/microlib/init/entry.s            0x00000000   Number         0  entry7a.o ABSOLUTE
    ../clib/microlib/init/entry.s            0x00000000   Number         0  entry11b.o ABSOLUTE
    ../clib/microlib/init/entry.s            0x00000000   Number         0  entry11a.o ABSOLUTE
    ../clib/microlib/init/entry.s            0x00000000   Number         0  entry8a.o ABSOLUTE
    ../clib/microlib/init/entry.s            0x00000000   Number         0  entry10b.o ABSOLUTE
    ../clib/microlib/init/entry.s            0x00000000   Number         0  entry9b.o ABSOLUTE
    ../clib/microlib/init/entry.s            0x00000000   Number         0  entry2.o ABSOLUTE
    ../clib/microlib/init/entry.s            0x00000000   Number         0  entry9a.o ABSOLUTE
    ../clib/microlib/init/entry.s            0x00000000   Number         0  entry8b.o ABSOLUTE
    ../clib/microlib/init/entry.s            0x00000000   Number         0  entry10a.o ABSOLUTE
    ../clib/microlib/init/entry.s            0x00000000   Number         0  entry5.o ABSOLUTE
    ../clib/microlib/init/entry.s            0x00000000   Number         0  entry.o ABSOLUTE
    ../clib/microlib/string/memcpy.c         0x00000000   Number         0  memcpya.o ABSOLUTE
    ../clib/microlib/string/memcpy.c         0x00000000   Number         0  memcpyb.o ABSOLUTE
    ../clib/microlib/string/memset.c         0x00000000   Number         0  memseta.o ABSOLUTE
    ../clib/microlib/string/strstr.c         0x00000000   Number         0  strstr.o ABSOLUTE
    ../clib/scanf.c                          0x00000000   Number         0  _scanf.o ABSOLUTE
    ../clib/scanf.c                          0x00000000   Number         0  _scanf_str.o ABSOLUTE
    ../clib/scanf.c                          0x00000000   Number         0  _chval.o ABSOLUTE
    ../clib/scanf.c                          0x00000000   Number         0  _scanf_int.o ABSOLUTE
    ../clib/scanf.c                          0x00000000   Number         0  scanf_char.o ABSOLUTE
    ../clib/scanf.c                          0x00000000   Number         0  _sgetc.o ABSOLUTE
    ../clib/scanf.c                          0x00000000   Number         0  __0sscanf.o ABSOLUTE
    ..\..\Libraries\CMSIS\CM3\CoreSupport\core_cm3.c 0x00000000   Number         0  core_cm3.o ABSOLUTE
    ..\..\Libraries\CMSIS\CM3\DeviceSupport\ST\STM32F10x\startup\arm\startup_stm32f10x_md_vl.s 0x00000000   Number         0  startup_stm32f10x_md_vl.o ABSOLUTE
    ..\..\Libraries\STM32F10x_StdPeriph_Driver\src\misc.c 0x00000000   Number         0  misc.o ABSOLUTE
    ..\..\Libraries\STM32F10x_StdPeriph_Driver\src\stm32f10x_adc.c 0x00000000   Number         0  stm32f10x_adc.o ABSOLUTE
    ..\..\Libraries\STM32F10x_StdPeriph_Driver\src\stm32f10x_bkp.c 0x00000000   Number         0  stm32f10x_bkp.o ABSOLUTE
    ..\..\Libraries\STM32F10x_StdPeriph_Driver\src\stm32f10x_can.c 0x00000000   Number         0  stm32f10x_can.o ABSOLUTE
    ..\..\Libraries\STM32F10x_StdPeriph_Driver\src\stm32f10x_cec.c 0x00000000   Number         0  stm32f10x_cec.o ABSOLUTE
    ..\..\Libraries\STM32F10x_StdPeriph_Driver\src\stm32f10x_crc.c 0x00000000   Number         0  stm32f10x_crc.o ABSOLUTE
    ..\..\Libraries\STM32F10x_StdPeriph_Driver\src\stm32f10x_dac.c 0x00000000   Number         0  stm32f10x_dac.o ABSOLUTE
    ..\..\Libraries\STM32F10x_StdPeriph_Driver\src\stm32f10x_dbgmcu.c 0x00000000   Number         0  stm32f10x_dbgmcu.o ABSOLUTE
    ..\..\Libraries\STM32F10x_StdPeriph_Driver\src\stm32f10x_dma.c 0x00000000   Number         0  stm32f10x_dma.o ABSOLUTE
    ..\..\Libraries\STM32F10x_StdPeriph_Driver\src\stm32f10x_exti.c 0x00000000   Number         0  stm32f10x_exti.o ABSOLUTE
    ..\..\Libraries\STM32F10x_StdPeriph_Driver\src\stm32f10x_flash.c 0x00000000   Number         0  stm32f10x_flash.o ABSOLUTE
    ..\..\Libraries\STM32F10x_StdPeriph_Driver\src\stm32f10x_gpio.c 0x00000000   Number         0  stm32f10x_gpio.o ABSOLUTE
    ..\..\Libraries\STM32F10x_StdPeriph_Driver\src\stm32f10x_i2c.c 0x00000000   Number         0  stm32f10x_i2c.o ABSOLUTE
    ..\..\Libraries\STM32F10x_StdPeriph_Driver\src\stm32f10x_iwdg.c 0x00000000   Number         0  stm32f10x_iwdg.o ABSOLUTE
    ..\..\Libraries\STM32F10x_StdPeriph_Driver\src\stm32f10x_pwr.c 0x00000000   Number         0  stm32f10x_pwr.o ABSOLUTE
    ..\..\Libraries\STM32F10x_StdPeriph_Driver\src\stm32f10x_rcc.c 0x00000000   Number         0  stm32f10x_rcc.o ABSOLUTE
    ..\..\Libraries\STM32F10x_StdPeriph_Driver\src\stm32f10x_rtc.c 0x00000000   Number         0  stm32f10x_rtc.o ABSOLUTE
    ..\..\Libraries\STM32F10x_StdPeriph_Driver\src\stm32f10x_sdio.c 0x00000000   Number         0  stm32f10x_sdio.o ABSOLUTE
    ..\..\Libraries\STM32F10x_StdPeriph_Driver\src\stm32f10x_spi.c 0x00000000   Number         0  stm32f10x_spi.o ABSOLUTE
    ..\..\Libraries\STM32F10x_StdPeriph_Driver\src\stm32f10x_tim.c 0x00000000   Number         0  stm32f10x_tim.o ABSOLUTE
    ..\..\Libraries\STM32F10x_StdPeriph_Driver\src\stm32f10x_usart.c 0x00000000   Number         0  stm32f10x_usart.o ABSOLUTE
    ..\..\Libraries\STM32F10x_StdPeriph_Driver\src\stm32f10x_wwdg.c 0x00000000   Number         0  stm32f10x_wwdg.o ABSOLUTE
    ..\..\User\SRC\ESAM.c                    0x00000000   Number         0  esam.o ABSOLUTE
    ..\..\User\SRC\Quque.c                   0x00000000   Number         0  quque.o ABSOLUTE
    ..\..\User\SRC\deal.c                    0x00000000   Number         0  deal.o ABSOLUTE
    ..\..\User\SRC\delay.c                   0x00000000   Number         0  delay.o ABSOLUTE
    ..\..\User\SRC\dev.c                     0x00000000   Number         0  dev.o ABSOLUTE
    ..\..\User\SRC\main.c                    0x00000000   Number         0  main.o ABSOLUTE
    ..\..\User\SRC\myadc.c                   0x00000000   Number         0  myadc.o ABSOLUTE
    ..\..\User\SRC\stm32f10x_it.c            0x00000000   Number         0  stm32f10x_it.o ABSOLUTE
    ..\..\User\SRC\system_stm32f10x.c        0x00000000   Number         0  system_stm32f10x.o ABSOLUTE
    ..\\..\\Libraries\\CMSIS\\CM3\\CoreSupport\\core_cm3.c 0x00000000   Number         0  core_cm3.o ABSOLUTE
    dc.s                                     0x00000000   Number         0  dc.o ABSOLUTE
    handlers.s                               0x00000000   Number         0  handlers.o ABSOLUTE
    init.s                                   0x00000000   Number         0  init.o ABSOLUTE
    RESET                                    0x08000000   Section      288  startup_stm32f10x_md_vl.o(RESET)
    .ARM.Collect$$$$00000000                 0x08000120   Section        0  entry.o(.ARM.Collect$$$$00000000)
    .ARM.Collect$$$$00000001                 0x08000120   Section        4  entry2.o(.ARM.Collect$$$$00000001)
    .ARM.Collect$$$$00000004                 0x08000124   Section        4  entry5.o(.ARM.Collect$$$$00000004)
    .ARM.Collect$$$$00000008                 0x08000128   Section        0  entry7b.o(.ARM.Collect$$$$00000008)
    .ARM.Collect$$$$0000000A                 0x08000128   Section        0  entry8b.o(.ARM.Collect$$$$0000000A)
    .ARM.Collect$$$$0000000B                 0x08000128   Section        8  entry9a.o(.ARM.Collect$$$$0000000B)
    .ARM.Collect$$$$0000000D                 0x08000130   Section        0  entry10a.o(.ARM.Collect$$$$0000000D)
    .ARM.Collect$$$$0000000F                 0x08000130   Section        0  entry11a.o(.ARM.Collect$$$$0000000F)
    .ARM.Collect$$$$00002712                 0x08000130   Section        4  entry2.o(.ARM.Collect$$$$00002712)
    __lit__00000000                          0x08000130   Data           4  entry2.o(.ARM.Collect$$$$00002712)
    .text                                    0x08000134   Section        0  main.o(.text)
    .text                                    0x080001c8   Section        0  stm32f10x_it.o(.text)
    .text                                    0x08000714   Section        0  dev.o(.text)
    NVIC_SetPriority                         0x08000715   Thumb Code    32  dev.o(.text)
    .text                                    0x08001188   Section        0  deal.o(.text)
    .text                                    0x08001bbc   Section        0  delay.o(.text)
    .text                                    0x08001bf4   Section        0  esam.o(.text)
    .text                                    0x08002924   Section        0  myadc.o(.text)
    ADC_GPIO_Config                          0x08002a4b   Thumb Code    42  myadc.o(.text)
    ADC_Mode_Config                          0x08002a75   Thumb Code   208  myadc.o(.text)
    .text                                    0x08002b78   Section        0  quque.o(.text)
    .text                                    0x08002e2c   Section        0  misc.o(.text)
    .text                                    0x08002f08   Section        0  stm32f10x_adc.o(.text)
    .text                                    0x08003358   Section        0  stm32f10x_bkp.o(.text)
    .text                                    0x0800341c   Section        0  stm32f10x_dma.o(.text)
    .text                                    0x08003670   Section        0  stm32f10x_exti.o(.text)
    .text                                    0x0800378c   Section        0  stm32f10x_flash.o(.text)
    .text                                    0x08003d48   Section        0  stm32f10x_gpio.o(.text)
    .text                                    0x080040a4   Section        0  stm32f10x_iwdg.o(.text)
    .text                                    0x080040e4   Section        0  stm32f10x_pwr.o(.text)
    .text                                    0x080041b0   Section        0  stm32f10x_rcc.o(.text)
    .text                                    0x08004574   Section        0  stm32f10x_tim.o(.text)
    TI4_Config                               0x08004a1b   Thumb Code   130  stm32f10x_tim.o(.text)
    TI3_Config                               0x08004aaf   Thumb Code   122  stm32f10x_tim.o(.text)
    TI2_Config                               0x08004b43   Thumb Code   130  stm32f10x_tim.o(.text)
    TI1_Config                               0x08004bd7   Thumb Code   108  stm32f10x_tim.o(.text)
    .text                                    0x08005390   Section        0  stm32f10x_usart.o(.text)
    .text                                    0x08005798   Section       28  startup_stm32f10x_md_vl.o(.text)
    .text                                    0x080057b4   Section        0  system_stm32f10x.o(.text)
    SetSysClockTo24                          0x080057b5   Thumb Code   278  system_stm32f10x.o(.text)
    SetSysClock                              0x080058cb   Thumb Code     8  system_stm32f10x.o(.text)
    .text                                    0x080059d0   Section        0  memcpya.o(.text)
    .text                                    0x080059f4   Section        0  memseta.o(.text)
    .text                                    0x08005a18   Section        0  strstr.o(.text)
    .text                                    0x08005a3c   Section        0  __0sscanf.o(.text)
    .text                                    0x08005a74   Section        0  _scanf_int.o(.text)
    .text                                    0x08005bc0   Section        0  _scanf_str.o(.text)
    .text                                    0x08005c9a   Section        0  _chval.o(.text)
    .text                                    0x08005cb8   Section        0  scanf_char.o(.text)
    _scanf_char_input                        0x08005cb9   Thumb Code    12  scanf_char.o(.text)
    .text                                    0x08005ce0   Section        0  _sgetc.o(.text)
    .text                                    0x08005d20   Section       36  init.o(.text)
    .text                                    0x08005d44   Section        0  isspace_c.o(.text)
    .text                                    0x08005d50   Section        0  _scanf.o(.text)
    .text                                    0x08006078   Section        0  ctype_c.o(.text)
    i.__scatterload_copy                     0x080060a0   Section       14  handlers.o(i.__scatterload_copy)
    i.__scatterload_null                     0x080060ae   Section        2  handlers.o(i.__scatterload_null)
    i.__scatterload_zeroinit                 0x080060b0   Section       14  handlers.o(i.__scatterload_zeroinit)
    .constdata                               0x080060be   Section       64  ctype_c.o(.constdata)
    .data                                    0x20000000   Section      102  main.o(.data)
    .data                                    0x20000066   Section        2  stm32f10x_it.o(.data)
    .data                                    0x20000068   Section        1  deal.o(.data)
    .data                                    0x20000069   Section       56  esam.o(.data)
    .data                                    0x200000a1   Section       20  stm32f10x_rcc.o(.data)
    APBAHBPrescTable                         0x200000a1   Data          16  stm32f10x_rcc.o(.data)
    ADCPrescTable                            0x200000b1   Data           4  stm32f10x_rcc.o(.data)
    .data                                    0x200000b8   Section       20  system_stm32f10x.o(.data)
    .bss                                     0x200000cc   Section     3378  main.o(.bss)
    .bss                                     0x20000dfe   Section       24  myadc.o(.bss)
    STACK                                    0x20000e18   Section     1024  startup_stm32f10x_md_vl.o(STACK)

    Global Symbols

    Symbol Name                              Value     Ov Type        Size  Object(Section)

    BuildAttributes$$THM_ISAv4$P$D$K$B$S$PE$A:L22UL41UL21$X:L11$S22US41US21$IEEE1$IW$USESV6$~STKCKD$USESV7$~SHL$OSPACE$EBA8$MICROLIB$REQ8$PRES8$EABIv2 0x00000000   Number         0  anon$$obj.o ABSOLUTE
    __ARM_use_no_argv                        0x00000000   Number         0  main.o ABSOLUTE
    __cpp_initialize__aeabi_                  - Undefined Weak Reference
    __cxa_finalize                            - Undefined Weak Reference
    __decompress                              - Undefined Weak Reference
    _clock_init                               - Undefined Weak Reference
    _microlib_exit                            - Undefined Weak Reference
    _scanf_longlong                           - Undefined Weak Reference
    _scanf_real                               - Undefined Weak Reference
    __Vectors_Size                           0x00000120   Number         0  startup_stm32f10x_md_vl.o ABSOLUTE
    __Vectors                                0x08000000   Data           4  startup_stm32f10x_md_vl.o(RESET)
    __Vectors_End                            0x08000120   Data           0  startup_stm32f10x_md_vl.o(RESET)
    __main                                   0x08000121   Thumb Code     0  entry.o(.ARM.Collect$$$$00000000)
    _main_stk                                0x08000121   Thumb Code     0  entry2.o(.ARM.Collect$$$$00000001)
    _main_scatterload                        0x08000125   Thumb Code     0  entry5.o(.ARM.Collect$$$$00000004)
    __main_after_scatterload                 0x08000129   Thumb Code     0  entry5.o(.ARM.Collect$$$$00000004)
    _main_clock                              0x08000129   Thumb Code     0  entry7b.o(.ARM.Collect$$$$00000008)
    _main_cpp_init                           0x08000129   Thumb Code     0  entry8b.o(.ARM.Collect$$$$0000000A)
    _main_init                               0x08000129   Thumb Code     0  entry9a.o(.ARM.Collect$$$$0000000B)
    __rt_final_cpp                           0x08000131   Thumb Code     0  entry10a.o(.ARM.Collect$$$$0000000D)
    __rt_final_exit                          0x08000131   Thumb Code     0  entry11a.o(.ARM.Collect$$$$0000000F)
    main                                     0x08000135   Thumb Code   118  main.o(.text)
    NMI_Handler                              0x080001c9   Thumb Code     2  stm32f10x_it.o(.text)
    HardFault_Handler                        0x080001cb   Thumb Code     4  stm32f10x_it.o(.text)
    MemManage_Handler                        0x080001cf   Thumb Code     4  stm32f10x_it.o(.text)
    BusFault_Handler                         0x080001d3   Thumb Code     4  stm32f10x_it.o(.text)
    UsageFault_Handler                       0x080001d7   Thumb Code     4  stm32f10x_it.o(.text)
    SVC_Handler                              0x080001db   Thumb Code     2  stm32f10x_it.o(.text)
    DebugMon_Handler                         0x080001dd   Thumb Code     2  stm32f10x_it.o(.text)
    PendSV_Handler                           0x080001df   Thumb Code     2  stm32f10x_it.o(.text)
    SysTick_Handler                          0x080001e1   Thumb Code   666  stm32f10x_it.o(.text)
    USART1_IRQHandler                        0x0800047b   Thumb Code    90  stm32f10x_it.o(.text)
    USART2_IRQHandler                        0x080004d5   Thumb Code    96  stm32f10x_it.o(.text)
    USART3_IRQHandler                        0x08000535   Thumb Code    96  stm32f10x_it.o(.text)
    TIM3_IRQHandler                          0x08000595   Thumb Code   318  stm32f10x_it.o(.text)
    EXTI9_5_IRQHandler                       0x080006d3   Thumb Code    40  stm32f10x_it.o(.text)
    RCC_Configuration                        0x08000735   Thumb Code   170  dev.o(.text)
    NVIC_Configuration                       0x080007df   Thumb Code   138  dev.o(.text)
    GPIO_Configuration                       0x08000869   Thumb Code   418  dev.o(.text)
    USART_Configuration                      0x08000a0b   Thumb Code   140  dev.o(.text)
    ISO7816_Enable                           0x08000a97   Thumb Code   184  dev.o(.text)
    ISO7816_Disable                          0x08000b4f   Thumb Code    80  dev.o(.text)
    SetUartState                             0x08000b9f   Thumb Code   182  dev.o(.text)
    USART1send                               0x08000c55   Thumb Code    48  dev.o(.text)
    USART2send                               0x08000c85   Thumb Code    48  dev.o(.text)
    USART3send                               0x08000cb5   Thumb Code    48  dev.o(.text)
    TIM_Configuration                        0x08000ce5   Thumb Code   166  dev.o(.text)
    PWM_Disable                              0x08000d8b   Thumb Code    14  dev.o(.text)
    PWM_Enable                               0x08000d99   Thumb Code    12  dev.o(.text)
    IWDG_Configuration                       0x08000da5   Thumb Code    52  dev.o(.text)
    IR_GPIO_Init                             0x08000dd9   Thumb Code   144  dev.o(.text)
    EXTI9_5_DISABLE                          0x08000e69   Thumb Code    30  dev.o(.text)
    EXTI9_5_ENABLE                           0x08000e87   Thumb Code    32  dev.o(.text)
    Check_Rst                                0x08000ea7   Thumb Code    86  dev.o(.text)
    SysTick_Configuration                    0x08000efd   Thumb Code   140  dev.o(.text)
    Hex2Bcd                                  0x08000f89   Thumb Code    26  dev.o(.text)
    Bcd2Hex                                  0x08000fa3   Thumb Code    20  dev.o(.text)
    GetBuildTime                             0x08000fb7   Thumb Code   194  dev.o(.text)
    Set_IRDA_power_ON                        0x08001079   Thumb Code    38  dev.o(.text)
    Set_IRDA_power_OFF                       0x0800109f   Thumb Code    24  dev.o(.text)
    Set_RS485_power_ON                       0x080010b7   Thumb Code    20  dev.o(.text)
    Set_RS485_power_OFF                      0x080010cb   Thumb Code    20  dev.o(.text)
    Set_ESAM_power_ON                        0x080010df   Thumb Code    24  dev.o(.text)
    Set_ESAM_power_OFF                       0x080010f7   Thumb Code    24  dev.o(.text)
    PowerDown                                0x08001189   Thumb Code    76  deal.o(.text)
    do_contrl_pro                            0x080011d5   Thumb Code    18  deal.o(.text)
    Clear_RxBuffer3                          0x080011e7   Thumb Code    28  deal.o(.text)
    CheckSum                                 0x08001203   Thumb Code    28  deal.o(.text)
    CheckHE                                  0x0800121f   Thumb Code   410  deal.o(.text)
    Return_BT                                0x080013b9   Thumb Code   408  deal.o(.text)
    AF0_Lib_Proc                             0x08001551   Thumb Code   252  deal.o(.text)
    SendOneByte                              0x0800164d   Thumb Code    62  deal.o(.text)
    SendBytes                                0x0800168b   Thumb Code    26  deal.o(.text)
    AF1_Lib_Proc                             0x080016a5   Thumb Code   174  deal.o(.text)
    ESAM_Info                                0x08001753   Thumb Code    20  deal.o(.text)
    AF2_Lib_Proc                             0x08001767   Thumb Code   392  deal.o(.text)
    AF3_Lib_Proc                             0x080018ef   Thumb Code     2  deal.o(.text)
    BT_Analysis                              0x080018f1   Thumb Code    60  deal.o(.text)
    Time_Comp                                0x0800192d   Thumb Code   152  deal.o(.text)
    PowerUp                                  0x080019c5   Thumb Code    32  deal.o(.text)
    PowerOff                                 0x080019e5   Thumb Code    26  deal.o(.text)
    Set_BL_Enter                             0x080019ff   Thumb Code    38  deal.o(.text)
    Set_BL_Exit                              0x08001a25   Thumb Code    22  deal.o(.text)
    Clear_RxBuffer2                          0x08001a3b   Thumb Code    28  deal.o(.text)
    FlashWrite                               0x08001a57   Thumb Code    34  deal.o(.text)
    Wait_BTlink                              0x08001a79   Thumb Code    64  deal.o(.text)
    WriteFLAG                                0x08001ab9   Thumb Code    32  deal.o(.text)
    LoadFlash                                0x08001ad9   Thumb Code    18  deal.o(.text)
    BTSet                                    0x08001aeb   Thumb Code   136  deal.o(.text)
    delay_nms                                0x08001bbd   Thumb Code    30  delay.o(.text)
    delay_nus                                0x08001bdb   Thumb Code    26  delay.o(.text)
    ESAM_Reset                               0x08001bf5   Thumb Code    50  esam.o(.text)
    SendToESAM                               0x08001c27   Thumb Code    48  esam.o(.text)
    ISO7816wait                              0x08001c57   Thumb Code    46  esam.o(.text)
    doISO7816_TPDU_T0                        0x08001c85   Thumb Code   466  esam.o(.text)
    ReadRand1                                0x08001e57   Thumb Code    66  esam.o(.text)
    ReadEncData1_Private                     0x08001e99   Thumb Code   192  esam.o(.text)
    ReadEncData1_Public                      0x08001f59   Thumb Code   314  esam.o(.text)
    CompEncData1                             0x08002093   Thumb Code    40  esam.o(.text)
    ReadEncData2_Private                     0x080020bb   Thumb Code   206  esam.o(.text)
    ReadEncData2_Publice                     0x08002189   Thumb Code   206  esam.o(.text)
    Clear_IrDARxBuffer1                      0x08002257   Thumb Code    28  esam.o(.text)
    IrDASend                                 0x08002273   Thumb Code    30  esam.o(.text)
    IrDAwait                                 0x08002291   Thumb Code    54  esam.o(.text)
    Mem_Reverse                              0x080022c7   Thumb Code    62  esam.o(.text)
    Pact645_Analysis                         0x08002305   Thumb Code   276  esam.o(.text)
    GetDBInfo                                0x08002419   Thumb Code   236  esam.o(.text)
    Pact645_Analysis2                        0x08002505   Thumb Code   206  esam.o(.text)
    DoVerifica                               0x080025d3   Thumb Code   320  esam.o(.text)
    ReadCounter                              0x08002713   Thumb Code    68  esam.o(.text)
    ReadESAMID                               0x08002757   Thumb Code    60  esam.o(.text)
    ReadESAMSta                              0x08002793   Thumb Code    44  esam.o(.text)
    Get_ESAM_Data                            0x080027bf   Thumb Code   238  esam.o(.text)
    ADC_filter                               0x08002925   Thumb Code   294  myadc.o(.text)
    myADC_init                               0x08002b45   Thumb Code    12  myadc.o(.text)
    InitQue                                  0x08002b79   Thumb Code    30  quque.o(.text)
    ResetQue                                 0x08002b97   Thumb Code    12  quque.o(.text)
    IsFull                                   0x08002ba3   Thumb Code    36  quque.o(.text)
    InsertQue                                0x08002bc7   Thumb Code    50  quque.o(.text)
    IsEmpty                                  0x08002bf9   Thumb Code    22  quque.o(.text)
    OutQueOneByte                            0x08002c0f   Thumb Code    52  quque.o(.text)
    OutQue                                   0x08002c43   Thumb Code   286  quque.o(.text)
    AllOutQue                                0x08002d61   Thumb Code   126  quque.o(.text)
    NumOfQue                                 0x08002ddf   Thumb Code    76  quque.o(.text)
    NVIC_PriorityGroupConfig                 0x08002e2d   Thumb Code    10  misc.o(.text)
    NVIC_Init                                0x08002e37   Thumb Code   100  misc.o(.text)
    NVIC_SetVectorTable                      0x08002e9b   Thumb Code    14  misc.o(.text)
    NVIC_SystemLPConfig                      0x08002ea9   Thumb Code    34  misc.o(.text)
    SysTick_CLKSourceConfig                  0x08002ecb   Thumb Code    40  misc.o(.text)
    ADC_DeInit                               0x08002f09   Thumb Code    78  stm32f10x_adc.o(.text)
    ADC_Init                                 0x08002f57   Thumb Code    70  stm32f10x_adc.o(.text)
    ADC_StructInit                           0x08002f9d   Thumb Code    18  stm32f10x_adc.o(.text)
    ADC_Cmd                                  0x08002faf   Thumb Code    22  stm32f10x_adc.o(.text)
    ADC_DMACmd                               0x08002fc5   Thumb Code    22  stm32f10x_adc.o(.text)
    ADC_ITConfig                             0x08002fdb   Thumb Code    24  stm32f10x_adc.o(.text)
    ADC_ResetCalibration                     0x08002ff3   Thumb Code    10  stm32f10x_adc.o(.text)
    ADC_GetResetCalibrationStatus            0x08002ffd   Thumb Code    20  stm32f10x_adc.o(.text)
    ADC_StartCalibration                     0x08003011   Thumb Code    10  stm32f10x_adc.o(.text)
    ADC_GetCalibrationStatus                 0x0800301b   Thumb Code    20  stm32f10x_adc.o(.text)
    ADC_SoftwareStartConvCmd                 0x0800302f   Thumb Code    22  stm32f10x_adc.o(.text)
    ADC_GetSoftwareStartConvStatus           0x08003045   Thumb Code    20  stm32f10x_adc.o(.text)
    ADC_DiscModeChannelCountConfig           0x08003059   Thumb Code    24  stm32f10x_adc.o(.text)
    ADC_DiscModeCmd                          0x08003071   Thumb Code    22  stm32f10x_adc.o(.text)
    ADC_RegularChannelConfig                 0x08003087   Thumb Code   184  stm32f10x_adc.o(.text)
    ADC_ExternalTrigConvCmd                  0x0800313f   Thumb Code    22  stm32f10x_adc.o(.text)
    ADC_GetConversionValue                   0x08003155   Thumb Code     8  stm32f10x_adc.o(.text)
    ADC_GetDualModeConversionValue           0x0800315d   Thumb Code     8  stm32f10x_adc.o(.text)
    ADC_AutoInjectedConvCmd                  0x08003165   Thumb Code    22  stm32f10x_adc.o(.text)
    ADC_InjectedDiscModeCmd                  0x0800317b   Thumb Code    22  stm32f10x_adc.o(.text)
    ADC_ExternalTrigInjectedConvConfig       0x08003191   Thumb Code    16  stm32f10x_adc.o(.text)
    ADC_ExternalTrigInjectedConvCmd          0x080031a1   Thumb Code    22  stm32f10x_adc.o(.text)
    ADC_SoftwareStartInjectedConvCmd         0x080031b7   Thumb Code    22  stm32f10x_adc.o(.text)
    ADC_GetSoftwareStartInjectedConvCmdStatus 0x080031cd   Thumb Code    20  stm32f10x_adc.o(.text)
    ADC_InjectedChannelConfig                0x080031e1   Thumb Code   130  stm32f10x_adc.o(.text)
    ADC_InjectedSequencerLengthConfig        0x08003263   Thumb Code    24  stm32f10x_adc.o(.text)
    ADC_SetInjectedOffset                    0x0800327b   Thumb Code    20  stm32f10x_adc.o(.text)
    ADC_GetInjectedConversionValue           0x0800328f   Thumb Code    28  stm32f10x_adc.o(.text)
    ADC_AnalogWatchdogCmd                    0x080032ab   Thumb Code    16  stm32f10x_adc.o(.text)
    ADC_AnalogWatchdogThresholdsConfig       0x080032bb   Thumb Code     6  stm32f10x_adc.o(.text)
    ADC_AnalogWatchdogSingleChannelConfig    0x080032c1   Thumb Code    16  stm32f10x_adc.o(.text)
    ADC_TempSensorVrefintCmd                 0x080032d1   Thumb Code    64  stm32f10x_adc.o(.text)
    ADC_GetFlagStatus                        0x08003311   Thumb Code    18  stm32f10x_adc.o(.text)
    ADC_ClearFlag                            0x08003323   Thumb Code     6  stm32f10x_adc.o(.text)
    ADC_GetITStatus                          0x08003329   Thumb Code    36  stm32f10x_adc.o(.text)
    ADC_ClearITPendingBit                    0x0800334d   Thumb Code    10  stm32f10x_adc.o(.text)
    BKP_DeInit                               0x08003359   Thumb Code    16  stm32f10x_bkp.o(.text)
    BKP_TamperPinLevelConfig                 0x08003369   Thumb Code     6  stm32f10x_bkp.o(.text)
    BKP_TamperPinCmd                         0x0800336f   Thumb Code     8  stm32f10x_bkp.o(.text)
    BKP_ITConfig                             0x08003377   Thumb Code     8  stm32f10x_bkp.o(.text)
    BKP_RTCOutputConfig                      0x0800337f   Thumb Code    22  stm32f10x_bkp.o(.text)
    BKP_SetRTCCalibrationValue               0x08003395   Thumb Code    22  stm32f10x_bkp.o(.text)
    BKP_WriteBackupRegister                  0x080033ab   Thumb Code    24  stm32f10x_bkp.o(.text)
    BKP_ReadBackupRegister                   0x080033c3   Thumb Code    26  stm32f10x_bkp.o(.text)
    BKP_GetFlagStatus                        0x080033dd   Thumb Code    10  stm32f10x_bkp.o(.text)
    BKP_ClearFlag                            0x080033e7   Thumb Code    18  stm32f10x_bkp.o(.text)
    BKP_GetITStatus                          0x080033f9   Thumb Code    10  stm32f10x_bkp.o(.text)
    BKP_ClearITPendingBit                    0x08003403   Thumb Code    18  stm32f10x_bkp.o(.text)
    DMA_DeInit                               0x0800341d   Thumb Code   324  stm32f10x_dma.o(.text)
    DMA_Init                                 0x08003561   Thumb Code    60  stm32f10x_dma.o(.text)
    DMA_StructInit                           0x0800359d   Thumb Code    26  stm32f10x_dma.o(.text)
    DMA_Cmd                                  0x080035b7   Thumb Code    24  stm32f10x_dma.o(.text)
    DMA_ITConfig                             0x080035cf   Thumb Code    18  stm32f10x_dma.o(.text)
    DMA_SetCurrDataCounter                   0x080035e1   Thumb Code     4  stm32f10x_dma.o(.text)
    DMA_GetCurrDataCounter                   0x080035e5   Thumb Code     8  stm32f10x_dma.o(.text)
    DMA_GetFlagStatus                        0x080035ed   Thumb Code    40  stm32f10x_dma.o(.text)
    DMA_ClearFlag                            0x08003615   Thumb Code    22  stm32f10x_dma.o(.text)
    DMA_GetITStatus                          0x0800362b   Thumb Code    40  stm32f10x_dma.o(.text)
    DMA_ClearITPendingBit                    0x08003653   Thumb Code    22  stm32f10x_dma.o(.text)
    EXTI_DeInit                              0x08003671   Thumb Code    28  stm32f10x_exti.o(.text)
    EXTI_Init                                0x0800368d   Thumb Code   142  stm32f10x_exti.o(.text)
    EXTI_StructInit                          0x0800371b   Thumb Code    16  stm32f10x_exti.o(.text)
    EXTI_GenerateSWInterrupt                 0x0800372b   Thumb Code    16  stm32f10x_exti.o(.text)
    EXTI_GetFlagStatus                       0x0800373b   Thumb Code    22  stm32f10x_exti.o(.text)
    EXTI_ClearFlag                           0x08003751   Thumb Code     8  stm32f10x_exti.o(.text)
    EXTI_GetITStatus                         0x08003759   Thumb Code    34  stm32f10x_exti.o(.text)
    EXTI_ClearITPendingBit                   0x0800377b   Thumb Code     8  stm32f10x_exti.o(.text)
    FLASH_SetLatency                         0x0800378d   Thumb Code    18  stm32f10x_flash.o(.text)
    FLASH_HalfCycleAccessCmd                 0x0800379f   Thumb Code    22  stm32f10x_flash.o(.text)
    FLASH_PrefetchBufferCmd                  0x080037b5   Thumb Code    22  stm32f10x_flash.o(.text)
    FLASH_Unlock                             0x080037cb   Thumb Code    12  stm32f10x_flash.o(.text)
    FLASH_UnlockBank1                        0x080037d7   Thumb Code    12  stm32f10x_flash.o(.text)
    FLASH_Lock                               0x080037e3   Thumb Code    14  stm32f10x_flash.o(.text)
    FLASH_LockBank1                          0x080037f1   Thumb Code    14  stm32f10x_flash.o(.text)
    FLASH_GetBank1Status                     0x080037ff   Thumb Code    48  stm32f10x_flash.o(.text)
    FLASH_WaitForLastOperation               0x0800382f   Thumb Code    38  stm32f10x_flash.o(.text)
    FLASH_ErasePage                          0x08003855   Thumb Code    72  stm32f10x_flash.o(.text)
    FLASH_EraseAllPages                      0x0800389d   Thumb Code    68  stm32f10x_flash.o(.text)
    FLASH_WaitForLastBank1Operation          0x080038e1   Thumb Code    38  stm32f10x_flash.o(.text)
    FLASH_EraseAllBank1Pages                 0x08003907   Thumb Code    68  stm32f10x_flash.o(.text)
    FLASH_GetReadOutProtectionStatus         0x0800394b   Thumb Code    20  stm32f10x_flash.o(.text)
    FLASH_EraseOptionBytes                   0x0800395f   Thumb Code   150  stm32f10x_flash.o(.text)
    FLASH_ProgramWord                        0x080039f5   Thumb Code   102  stm32f10x_flash.o(.text)
    FLASH_ProgramHalfWord                    0x08003a5b   Thumb Code    60  stm32f10x_flash.o(.text)
    FLASH_ProgramOptionByteData              0x08003a97   Thumb Code    72  stm32f10x_flash.o(.text)
    FLASH_EnableWriteProtection              0x08003adf   Thumb Code   200  stm32f10x_flash.o(.text)
    FLASH_ReadOutProtection                  0x08003ba7   Thumb Code   156  stm32f10x_flash.o(.text)
    FLASH_UserOptionByteConfig               0x08003c43   Thumb Code    88  stm32f10x_flash.o(.text)
    FLASH_GetUserOptionByte                  0x08003c9b   Thumb Code     8  stm32f10x_flash.o(.text)
    FLASH_GetWriteProtectionOptionByte       0x08003ca3   Thumb Code     6  stm32f10x_flash.o(.text)
    FLASH_GetPrefetchBufferStatus            0x08003ca9   Thumb Code    20  stm32f10x_flash.o(.text)
    FLASH_ITConfig                           0x08003cbd   Thumb Code    26  stm32f10x_flash.o(.text)
    FLASH_GetFlagStatus                      0x08003cd7   Thumb Code    42  stm32f10x_flash.o(.text)
    FLASH_ClearFlag                          0x08003d01   Thumb Code     6  stm32f10x_flash.o(.text)
    FLASH_GetStatus                          0x08003d07   Thumb Code    48  stm32f10x_flash.o(.text)
    GPIO_DeInit                              0x08003d49   Thumb Code   172  stm32f10x_gpio.o(.text)
    GPIO_AFIODeInit                          0x08003df5   Thumb Code    20  stm32f10x_gpio.o(.text)
    GPIO_Init                                0x08003e09   Thumb Code   278  stm32f10x_gpio.o(.text)
    GPIO_StructInit                          0x08003f1f   Thumb Code    16  stm32f10x_gpio.o(.text)
    GPIO_ReadInputDataBit                    0x08003f2f   Thumb Code    18  stm32f10x_gpio.o(.text)
    GPIO_ReadInputData                       0x08003f41   Thumb Code     8  stm32f10x_gpio.o(.text)
    GPIO_ReadOutputDataBit                   0x08003f49   Thumb Code    18  stm32f10x_gpio.o(.text)
    GPIO_ReadOutputData                      0x08003f5b   Thumb Code     8  stm32f10x_gpio.o(.text)
    GPIO_SetBits                             0x08003f63   Thumb Code     4  stm32f10x_gpio.o(.text)
    GPIO_ResetBits                           0x08003f67   Thumb Code     4  stm32f10x_gpio.o(.text)
    GPIO_WriteBit                            0x08003f6b   Thumb Code    10  stm32f10x_gpio.o(.text)
    GPIO_Write                               0x08003f75   Thumb Code     4  stm32f10x_gpio.o(.text)
    GPIO_PinLockConfig                       0x08003f79   Thumb Code    18  stm32f10x_gpio.o(.text)
    GPIO_EventOutputConfig                   0x08003f8b   Thumb Code    26  stm32f10x_gpio.o(.text)
    GPIO_EventOutputCmd                      0x08003fa5   Thumb Code     6  stm32f10x_gpio.o(.text)
    GPIO_PinRemapConfig                      0x08003fab   Thumb Code   138  stm32f10x_gpio.o(.text)
    GPIO_EXTILineConfig                      0x08004035   Thumb Code    66  stm32f10x_gpio.o(.text)
    GPIO_ETH_MediaInterfaceConfig            0x08004077   Thumb Code     8  stm32f10x_gpio.o(.text)
    IWDG_WriteAccessCmd                      0x080040a5   Thumb Code     6  stm32f10x_iwdg.o(.text)
    IWDG_SetPrescaler                        0x080040ab   Thumb Code     6  stm32f10x_iwdg.o(.text)
    IWDG_SetReload                           0x080040b1   Thumb Code     6  stm32f10x_iwdg.o(.text)
    IWDG_ReloadCounter                       0x080040b7   Thumb Code    10  stm32f10x_iwdg.o(.text)
    IWDG_Enable                              0x080040c1   Thumb Code    10  stm32f10x_iwdg.o(.text)
    IWDG_GetFlagStatus                       0x080040cb   Thumb Code    20  stm32f10x_iwdg.o(.text)
    PWR_DeInit                               0x080040e5   Thumb Code    22  stm32f10x_pwr.o(.text)
    PWR_BackupAccessCmd                      0x080040fb   Thumb Code     6  stm32f10x_pwr.o(.text)
    PWR_PVDCmd                               0x08004101   Thumb Code     6  stm32f10x_pwr.o(.text)
    PWR_PVDLevelConfig                       0x08004107   Thumb Code    18  stm32f10x_pwr.o(.text)
    PWR_WakeUpPinCmd                         0x08004119   Thumb Code     8  stm32f10x_pwr.o(.text)
    PWR_EnterSTOPMode                        0x08004121   Thumb Code    54  stm32f10x_pwr.o(.text)
    PWR_EnterSTANDBYMode                     0x08004157   Thumb Code    42  stm32f10x_pwr.o(.text)
    PWR_GetFlagStatus                        0x08004181   Thumb Code    20  stm32f10x_pwr.o(.text)
    PWR_ClearFlag                            0x08004195   Thumb Code    14  stm32f10x_pwr.o(.text)
    RCC_DeInit                               0x080041b1   Thumb Code    68  stm32f10x_rcc.o(.text)
    RCC_HSEConfig                            0x080041f5   Thumb Code    70  stm32f10x_rcc.o(.text)
    RCC_GetFlagStatus                        0x0800423b   Thumb Code    56  stm32f10x_rcc.o(.text)
    RCC_WaitForHSEStartUp                    0x08004273   Thumb Code    56  stm32f10x_rcc.o(.text)
    RCC_AdjustHSICalibrationValue            0x080042ab   Thumb Code    20  stm32f10x_rcc.o(.text)
    RCC_HSICmd                               0x080042bf   Thumb Code     6  stm32f10x_rcc.o(.text)
    RCC_PLLConfig                            0x080042c5   Thumb Code    24  stm32f10x_rcc.o(.text)
    RCC_PLLCmd                               0x080042dd   Thumb Code     6  stm32f10x_rcc.o(.text)
    RCC_PREDIV1Config                        0x080042e3   Thumb Code    24  stm32f10x_rcc.o(.text)
    RCC_SYSCLKConfig                         0x080042fb   Thumb Code    18  stm32f10x_rcc.o(.text)
    RCC_GetSYSCLKSource                      0x0800430d   Thumb Code    10  stm32f10x_rcc.o(.text)
    RCC_HCLKConfig                           0x08004317   Thumb Code    18  stm32f10x_rcc.o(.text)
    RCC_PCLK1Config                          0x08004329   Thumb Code    18  stm32f10x_rcc.o(.text)
    RCC_PCLK2Config                          0x0800433b   Thumb Code    20  stm32f10x_rcc.o(.text)
    RCC_ITConfig                             0x0800434f   Thumb Code    26  stm32f10x_rcc.o(.text)
    RCC_USBCLKConfig                         0x08004369   Thumb Code     8  stm32f10x_rcc.o(.text)
    RCC_ADCCLKConfig                         0x08004371   Thumb Code    18  stm32f10x_rcc.o(.text)
    RCC_LSEConfig                            0x08004383   Thumb Code    50  stm32f10x_rcc.o(.text)
    RCC_LSICmd                               0x080043b5   Thumb Code     6  stm32f10x_rcc.o(.text)
    RCC_RTCCLKConfig                         0x080043bb   Thumb Code    12  stm32f10x_rcc.o(.text)
    RCC_RTCCLKCmd                            0x080043c7   Thumb Code     8  stm32f10x_rcc.o(.text)
    RCC_GetClocksFreq                        0x080043cf   Thumb Code   190  stm32f10x_rcc.o(.text)
    RCC_AHBPeriphClockCmd                    0x0800448d   Thumb Code    26  stm32f10x_rcc.o(.text)
    RCC_APB2PeriphClockCmd                   0x080044a7   Thumb Code    26  stm32f10x_rcc.o(.text)
    RCC_APB1PeriphClockCmd                   0x080044c1   Thumb Code    26  stm32f10x_rcc.o(.text)
    RCC_APB2PeriphResetCmd                   0x080044db   Thumb Code    26  stm32f10x_rcc.o(.text)
    RCC_APB1PeriphResetCmd                   0x080044f5   Thumb Code    26  stm32f10x_rcc.o(.text)
    RCC_BackupResetCmd                       0x0800450f   Thumb Code     8  stm32f10x_rcc.o(.text)
    RCC_ClockSecuritySystemCmd               0x08004517   Thumb Code     6  stm32f10x_rcc.o(.text)
    RCC_MCOConfig                            0x0800451d   Thumb Code     6  stm32f10x_rcc.o(.text)
    RCC_ClearFlag                            0x08004523   Thumb Code    14  stm32f10x_rcc.o(.text)
    RCC_GetITStatus                          0x08004531   Thumb Code    20  stm32f10x_rcc.o(.text)
    RCC_ClearITPendingBit                    0x08004545   Thumb Code     6  stm32f10x_rcc.o(.text)
    TIM_DeInit                               0x08004575   Thumb Code   424  stm32f10x_tim.o(.text)
    TIM_TimeBaseInit                         0x0800471d   Thumb Code   122  stm32f10x_tim.o(.text)
    TIM_OC1Init                              0x08004797   Thumb Code   132  stm32f10x_tim.o(.text)
    TIM_OC2Init                              0x0800481b   Thumb Code   154  stm32f10x_tim.o(.text)
    TIM_OC3Init                              0x080048b5   Thumb Code   150  stm32f10x_tim.o(.text)
    TIM_OC4Init                              0x0800494b   Thumb Code   182  stm32f10x_tim.o(.text)
    TIM_SetIC4Prescaler                      0x08004a01   Thumb Code    26  stm32f10x_tim.o(.text)
    TIM_SetIC3Prescaler                      0x08004a9d   Thumb Code    18  stm32f10x_tim.o(.text)
    TIM_SetIC2Prescaler                      0x08004b29   Thumb Code    26  stm32f10x_tim.o(.text)
    TIM_SetIC1Prescaler                      0x08004bc5   Thumb Code    18  stm32f10x_tim.o(.text)
    TIM_ICInit                               0x08004c43   Thumb Code   150  stm32f10x_tim.o(.text)
    TIM_PWMIConfig                           0x08004cd9   Thumb Code   124  stm32f10x_tim.o(.text)
    TIM_BDTRConfig                           0x08004d55   Thumb Code    32  stm32f10x_tim.o(.text)
    TIM_TimeBaseStructInit                   0x08004d75   Thumb Code    18  stm32f10x_tim.o(.text)
    TIM_OCStructInit                         0x08004d87   Thumb Code    20  stm32f10x_tim.o(.text)
    TIM_ICStructInit                         0x08004d9b   Thumb Code    18  stm32f10x_tim.o(.text)
    TIM_BDTRStructInit                       0x08004dad   Thumb Code    40  stm32f10x_tim.o(.text)
    TIM_Cmd                                  0x08004dd5   Thumb Code    24  stm32f10x_tim.o(.text)
    TIM_CtrlPWMOutputs                       0x08004ded   Thumb Code    30  stm32f10x_tim.o(.text)
    TIM_ITConfig                             0x08004e0b   Thumb Code    18  stm32f10x_tim.o(.text)
    TIM_GenerateEvent                        0x08004e1d   Thumb Code     4  stm32f10x_tim.o(.text)
    TIM_DMAConfig                            0x08004e21   Thumb Code    10  stm32f10x_tim.o(.text)
    TIM_DMACmd                               0x08004e2b   Thumb Code    18  stm32f10x_tim.o(.text)
    TIM_InternalClockConfig                  0x08004e3d   Thumb Code    12  stm32f10x_tim.o(.text)
    TIM_SelectInputTrigger                   0x08004e49   Thumb Code    18  stm32f10x_tim.o(.text)
    TIM_ITRxExternalClockConfig              0x08004e5b   Thumb Code    24  stm32f10x_tim.o(.text)
    TIM_TIxExternalClockConfig               0x08004e73   Thumb Code    62  stm32f10x_tim.o(.text)
    TIM_ETRConfig                            0x08004eb1   Thumb Code    28  stm32f10x_tim.o(.text)
    TIM_ETRClockMode1Config                  0x08004ecd   Thumb Code    54  stm32f10x_tim.o(.text)
    TIM_ETRClockMode2Config                  0x08004f03   Thumb Code    32  stm32f10x_tim.o(.text)
    TIM_PrescalerConfig                      0x08004f23   Thumb Code     6  stm32f10x_tim.o(.text)
    TIM_CounterModeConfig                    0x08004f29   Thumb Code    18  stm32f10x_tim.o(.text)
    TIM_EncoderInterfaceConfig               0x08004f3b   Thumb Code    66  stm32f10x_tim.o(.text)
    TIM_ForcedOC1Config                      0x08004f7d   Thumb Code    18  stm32f10x_tim.o(.text)
    TIM_ForcedOC2Config                      0x08004f8f   Thumb Code    26  stm32f10x_tim.o(.text)
    TIM_ForcedOC3Config                      0x08004fa9   Thumb Code    18  stm32f10x_tim.o(.text)
    TIM_ForcedOC4Config                      0x08004fbb   Thumb Code    26  stm32f10x_tim.o(.text)
    TIM_ARRPreloadConfig                     0x08004fd5   Thumb Code    24  stm32f10x_tim.o(.text)
    TIM_SelectCOM                            0x08004fed   Thumb Code    24  stm32f10x_tim.o(.text)
    TIM_SelectCCDMA                          0x08005005   Thumb Code    24  stm32f10x_tim.o(.text)
    TIM_CCPreloadControl                     0x0800501d   Thumb Code    24  stm32f10x_tim.o(.text)
    TIM_OC1PreloadConfig                     0x08005035   Thumb Code    18  stm32f10x_tim.o(.text)
    TIM_OC2PreloadConfig                     0x08005047   Thumb Code    26  stm32f10x_tim.o(.text)
    TIM_OC3PreloadConfig                     0x08005061   Thumb Code    18  stm32f10x_tim.o(.text)
    TIM_OC4PreloadConfig                     0x08005073   Thumb Code    26  stm32f10x_tim.o(.text)
    TIM_OC1FastConfig                        0x0800508d   Thumb Code    18  stm32f10x_tim.o(.text)
    TIM_OC2FastConfig                        0x0800509f   Thumb Code    26  stm32f10x_tim.o(.text)
    TIM_OC3FastConfig                        0x080050b9   Thumb Code    18  stm32f10x_tim.o(.text)
    TIM_OC4FastConfig                        0x080050cb   Thumb Code    26  stm32f10x_tim.o(.text)
    TIM_ClearOC1Ref                          0x080050e5   Thumb Code    18  stm32f10x_tim.o(.text)
    TIM_ClearOC2Ref                          0x080050f7   Thumb Code    24  stm32f10x_tim.o(.text)
    TIM_ClearOC3Ref                          0x0800510f   Thumb Code    18  stm32f10x_tim.o(.text)
    TIM_ClearOC4Ref                          0x08005121   Thumb Code    24  stm32f10x_tim.o(.text)
    TIM_OC1PolarityConfig                    0x08005139   Thumb Code    18  stm32f10x_tim.o(.text)
    TIM_OC1NPolarityConfig                   0x0800514b   Thumb Code    18  stm32f10x_tim.o(.text)
    TIM_OC2PolarityConfig                    0x0800515d   Thumb Code    26  stm32f10x_tim.o(.text)
    TIM_OC2NPolarityConfig                   0x08005177   Thumb Code    26  stm32f10x_tim.o(.text)
    TIM_OC3PolarityConfig                    0x08005191   Thumb Code    26  stm32f10x_tim.o(.text)
    TIM_OC3NPolarityConfig                   0x080051ab   Thumb Code    26  stm32f10x_tim.o(.text)
    TIM_OC4PolarityConfig                    0x080051c5   Thumb Code    26  stm32f10x_tim.o(.text)
    TIM_CCxCmd                               0x080051df   Thumb Code    30  stm32f10x_tim.o(.text)
    TIM_CCxNCmd                              0x080051fd   Thumb Code    30  stm32f10x_tim.o(.text)
    TIM_SelectOCxM                           0x0800521b   Thumb Code    82  stm32f10x_tim.o(.text)
    TIM_UpdateDisableConfig                  0x0800526d   Thumb Code    24  stm32f10x_tim.o(.text)
    TIM_UpdateRequestConfig                  0x08005285   Thumb Code    24  stm32f10x_tim.o(.text)
    TIM_SelectHallSensor                     0x0800529d   Thumb Code    24  stm32f10x_tim.o(.text)
    TIM_SelectOnePulseMode                   0x080052b5   Thumb Code    18  stm32f10x_tim.o(.text)
    TIM_SelectOutputTrigger                  0x080052c7   Thumb Code    18  stm32f10x_tim.o(.text)
    TIM_SelectSlaveMode                      0x080052d9   Thumb Code    18  stm32f10x_tim.o(.text)
    TIM_SelectMasterSlaveMode                0x080052eb   Thumb Code    18  stm32f10x_tim.o(.text)
    TIM_SetCounter                           0x080052fd   Thumb Code     4  stm32f10x_tim.o(.text)
    TIM_SetAutoreload                        0x08005301   Thumb Code     4  stm32f10x_tim.o(.text)
    TIM_SetCompare1                          0x08005305   Thumb Code     4  stm32f10x_tim.o(.text)
    TIM_SetCompare2                          0x08005309   Thumb Code     4  stm32f10x_tim.o(.text)
    TIM_SetCompare3                          0x0800530d   Thumb Code     4  stm32f10x_tim.o(.text)
    TIM_SetCompare4                          0x08005311   Thumb Code     6  stm32f10x_tim.o(.text)
    TIM_SetClockDivision                     0x08005317   Thumb Code    18  stm32f10x_tim.o(.text)
    TIM_GetCapture1                          0x08005329   Thumb Code     6  stm32f10x_tim.o(.text)
    TIM_GetCapture2                          0x0800532f   Thumb Code     6  stm32f10x_tim.o(.text)
    TIM_GetCapture3                          0x08005335   Thumb Code     6  stm32f10x_tim.o(.text)
    TIM_GetCapture4                          0x0800533b   Thumb Code     8  stm32f10x_tim.o(.text)
    TIM_GetCounter                           0x08005343   Thumb Code     6  stm32f10x_tim.o(.text)
    TIM_GetPrescaler                         0x08005349   Thumb Code     6  stm32f10x_tim.o(.text)
    TIM_GetFlagStatus                        0x0800534f   Thumb Code    18  stm32f10x_tim.o(.text)
    TIM_ClearFlag                            0x08005361   Thumb Code     6  stm32f10x_tim.o(.text)
    TIM_GetITStatus                          0x08005367   Thumb Code    34  stm32f10x_tim.o(.text)
    TIM_ClearITPendingBit                    0x08005389   Thumb Code     6  stm32f10x_tim.o(.text)
    USART_DeInit                             0x08005391   Thumb Code   134  stm32f10x_usart.o(.text)
    USART_Init                               0x08005417   Thumb Code   210  stm32f10x_usart.o(.text)
    USART_StructInit                         0x080054e9   Thumb Code    24  stm32f10x_usart.o(.text)
    USART_ClockInit                          0x08005501   Thumb Code    34  stm32f10x_usart.o(.text)
    USART_ClockStructInit                    0x08005523   Thumb Code    12  stm32f10x_usart.o(.text)
    USART_Cmd                                0x0800552f   Thumb Code    24  stm32f10x_usart.o(.text)
    USART_ITConfig                           0x08005547   Thumb Code    74  stm32f10x_usart.o(.text)
    USART_DMACmd                             0x08005591   Thumb Code    18  stm32f10x_usart.o(.text)
    USART_SetAddress                         0x080055a3   Thumb Code    18  stm32f10x_usart.o(.text)
    USART_WakeUpConfig                       0x080055b5   Thumb Code    18  stm32f10x_usart.o(.text)
    USART_ReceiverWakeUpCmd                  0x080055c7   Thumb Code    24  stm32f10x_usart.o(.text)
    USART_LINBreakDetectLengthConfig         0x080055df   Thumb Code    18  stm32f10x_usart.o(.text)
    USART_LINCmd                             0x080055f1   Thumb Code    24  stm32f10x_usart.o(.text)
    USART_SendData                           0x08005609   Thumb Code     8  stm32f10x_usart.o(.text)
    USART_ReceiveData                        0x08005611   Thumb Code    10  stm32f10x_usart.o(.text)
    USART_SendBreak                          0x0800561b   Thumb Code    10  stm32f10x_usart.o(.text)
    USART_SetGuardTime                       0x08005625   Thumb Code    16  stm32f10x_usart.o(.text)
    USART_SetPrescaler                       0x08005635   Thumb Code    16  stm32f10x_usart.o(.text)
    USART_SmartCardCmd                       0x08005645   Thumb Code    24  stm32f10x_usart.o(.text)
    USART_SmartCardNACKCmd                   0x0800565d   Thumb Code    24  stm32f10x_usart.o(.text)
    USART_HalfDuplexCmd                      0x08005675   Thumb Code    24  stm32f10x_usart.o(.text)
    USART_OverSampling8Cmd                   0x0800568d   Thumb Code    22  stm32f10x_usart.o(.text)
    USART_OneBitMethodCmd                    0x080056a3   Thumb Code    24  stm32f10x_usart.o(.text)
    USART_IrDAConfig                         0x080056bb   Thumb Code    18  stm32f10x_usart.o(.text)
    USART_IrDACmd                            0x080056cd   Thumb Code    24  stm32f10x_usart.o(.text)
    USART_GetFlagStatus                      0x080056e5   Thumb Code    26  stm32f10x_usart.o(.text)
    USART_ClearFlag                          0x080056ff   Thumb Code    18  stm32f10x_usart.o(.text)
    USART_GetITStatus                        0x08005711   Thumb Code    84  stm32f10x_usart.o(.text)
    USART_ClearITPendingBit                  0x08005765   Thumb Code    52  stm32f10x_usart.o(.text)
    Reset_Handler                            0x08005799   Thumb Code     4  startup_stm32f10x_md_vl.o(.text)
    ADC1_IRQHandler                          0x080057af   Thumb Code     0  startup_stm32f10x_md_vl.o(.text)
    CEC_IRQHandler                           0x080057af   Thumb Code     0  startup_stm32f10x_md_vl.o(.text)
    DMA1_Channel1_IRQHandler                 0x080057af   Thumb Code     0  startup_stm32f10x_md_vl.o(.text)
    DMA1_Channel2_IRQHandler                 0x080057af   Thumb Code     0  startup_stm32f10x_md_vl.o(.text)
    DMA1_Channel3_IRQHandler                 0x080057af   Thumb Code     0  startup_stm32f10x_md_vl.o(.text)
    DMA1_Channel4_IRQHandler                 0x080057af   Thumb Code     0  startup_stm32f10x_md_vl.o(.text)
    DMA1_Channel5_IRQHandler                 0x080057af   Thumb Code     0  startup_stm32f10x_md_vl.o(.text)
    DMA1_Channel6_IRQHandler                 0x080057af   Thumb Code     0  startup_stm32f10x_md_vl.o(.text)
    DMA1_Channel7_IRQHandler                 0x080057af   Thumb Code     0  startup_stm32f10x_md_vl.o(.text)
    EXTI0_IRQHandler                         0x080057af   Thumb Code     0  startup_stm32f10x_md_vl.o(.text)
    EXTI15_10_IRQHandler                     0x080057af   Thumb Code     0  startup_stm32f10x_md_vl.o(.text)
    EXTI1_IRQHandler                         0x080057af   Thumb Code     0  startup_stm32f10x_md_vl.o(.text)
    EXTI2_IRQHandler                         0x080057af   Thumb Code     0  startup_stm32f10x_md_vl.o(.text)
    EXTI3_IRQHandler                         0x080057af   Thumb Code     0  startup_stm32f10x_md_vl.o(.text)
    EXTI4_IRQHandler                         0x080057af   Thumb Code     0  startup_stm32f10x_md_vl.o(.text)
    FLASH_IRQHandler                         0x080057af   Thumb Code     0  startup_stm32f10x_md_vl.o(.text)
    I2C1_ER_IRQHandler                       0x080057af   Thumb Code     0  startup_stm32f10x_md_vl.o(.text)
    I2C1_EV_IRQHandler                       0x080057af   Thumb Code     0  startup_stm32f10x_md_vl.o(.text)
    I2C2_ER_IRQHandler                       0x080057af   Thumb Code     0  startup_stm32f10x_md_vl.o(.text)
    I2C2_EV_IRQHandler                       0x080057af   Thumb Code     0  startup_stm32f10x_md_vl.o(.text)
    PVD_IRQHandler                           0x080057af   Thumb Code     0  startup_stm32f10x_md_vl.o(.text)
    RCC_IRQHandler                           0x080057af   Thumb Code     0  startup_stm32f10x_md_vl.o(.text)
    RTCAlarm_IRQHandler                      0x080057af   Thumb Code     0  startup_stm32f10x_md_vl.o(.text)
    RTC_IRQHandler                           0x080057af   Thumb Code     0  startup_stm32f10x_md_vl.o(.text)
    SPI1_IRQHandler                          0x080057af   Thumb Code     0  startup_stm32f10x_md_vl.o(.text)
    SPI2_IRQHandler                          0x080057af   Thumb Code     0  startup_stm32f10x_md_vl.o(.text)
    TAMPER_IRQHandler                        0x080057af   Thumb Code     0  startup_stm32f10x_md_vl.o(.text)
    TIM1_BRK_TIM15_IRQHandler                0x080057af   Thumb Code     0  startup_stm32f10x_md_vl.o(.text)
    TIM1_CC_IRQHandler                       0x080057af   Thumb Code     0  startup_stm32f10x_md_vl.o(.text)
    TIM1_TRG_COM_TIM17_IRQHandler            0x080057af   Thumb Code     0  startup_stm32f10x_md_vl.o(.text)
    TIM1_UP_TIM16_IRQHandler                 0x080057af   Thumb Code     0  startup_stm32f10x_md_vl.o(.text)
    TIM2_IRQHandler                          0x080057af   Thumb Code     0  startup_stm32f10x_md_vl.o(.text)
    TIM4_IRQHandler                          0x080057af   Thumb Code     0  startup_stm32f10x_md_vl.o(.text)
    TIM6_DAC_IRQHandler                      0x080057af   Thumb Code     0  startup_stm32f10x_md_vl.o(.text)
    TIM7_IRQHandler                          0x080057af   Thumb Code     0  startup_stm32f10x_md_vl.o(.text)
    WWDG_IRQHandler                          0x080057af   Thumb Code     0  startup_stm32f10x_md_vl.o(.text)
    SystemInit                               0x080058d3   Thumb Code    82  system_stm32f10x.o(.text)
    SystemCoreClockUpdate                    0x08005925   Thumb Code   138  system_stm32f10x.o(.text)
    __aeabi_memcpy                           0x080059d1   Thumb Code    36  memcpya.o(.text)
    __aeabi_memcpy4                          0x080059d1   Thumb Code     0  memcpya.o(.text)
    __aeabi_memcpy8                          0x080059d1   Thumb Code     0  memcpya.o(.text)
    __aeabi_memset                           0x080059f5   Thumb Code    14  memseta.o(.text)
    __aeabi_memset4                          0x080059f5   Thumb Code     0  memseta.o(.text)
    __aeabi_memset8                          0x080059f5   Thumb Code     0  memseta.o(.text)
    __aeabi_memclr                           0x08005a03   Thumb Code     4  memseta.o(.text)
    __aeabi_memclr4                          0x08005a03   Thumb Code     0  memseta.o(.text)
    __aeabi_memclr8                          0x08005a03   Thumb Code     0  memseta.o(.text)
    _memset$wrapper                          0x08005a07   Thumb Code    18  memseta.o(.text)
    strstr                                   0x08005a19   Thumb Code    36  strstr.o(.text)
    __0sscanf                                0x08005a3d   Thumb Code    48  __0sscanf.o(.text)
    _scanf_int                               0x08005a75   Thumb Code   332  _scanf_int.o(.text)
    _scanf_string                            0x08005bc1   Thumb Code   218  _scanf_str.o(.text)
    _chval                                   0x08005c9b   Thumb Code    28  _chval.o(.text)
    __vfscanf_char                           0x08005cc5   Thumb Code    20  scanf_char.o(.text)
    _sgetc                                   0x08005ce1   Thumb Code    30  _sgetc.o(.text)
    _sbackspace                              0x08005cff   Thumb Code    34  _sgetc.o(.text)
    __scatterload                            0x08005d21   Thumb Code    28  init.o(.text)
    __scatterload_rt2                        0x08005d21   Thumb Code     0  init.o(.text)
    isspace                                  0x08005d45   Thumb Code    10  isspace_c.o(.text)
    __vfscanf                                0x08005d51   Thumb Code   802  _scanf.o(.text)
    __ctype_lookup                           0x08006079   Thumb Code    34  ctype_c.o(.text)
    __scatterload_copy                       0x080060a1   Thumb Code    14  handlers.o(i.__scatterload_copy)
    __scatterload_null                       0x080060af   Thumb Code     2  handlers.o(i.__scatterload_null)
    __scatterload_zeroinit                   0x080060b1   Thumb Code    14  handlers.o(i.__scatterload_zeroinit)
    __ctype_categories                       0x080060be   Data          64  ctype_c.o(.constdata)
    Region$$Table$$Base                      0x08006100   Number         0  anon$$obj.o(Region$$Table)
    Region$$Table$$Limit                     0x08006120   Number         0  anon$$obj.o(Region$$Table)
    BuildTime                                0x20000000   Data           7  main.o(.data)
    TxBuffer1                                0x20000008   Data           4  main.o(.data)
    TxBuffer2                                0x2000000c   Data           4  main.o(.data)
    TxBuffer3                                0x20000010   Data           4  main.o(.data)
    TxCounter1                               0x20000014   Data           2  main.o(.data)
    RxCounter1                               0x20000016   Data           2  main.o(.data)
    TxCounter2                               0x20000018   Data           2  main.o(.data)
    RxCounter2                               0x2000001a   Data           2  main.o(.data)
    TxCounter3                               0x2000001c   Data           2  main.o(.data)
    RxCounter3                               0x2000001e   Data           2  main.o(.data)
    MaxNbrofTx1                              0x20000020   Data           2  main.o(.data)
    MaxNbrofTx2                              0x20000022   Data           2  main.o(.data)
    MaxNbrofTx3                              0x20000024   Data           2  main.o(.data)
    Sys_config                               0x20000026   Data           5  main.o(.data)
    BL_STA                                   0x2000002b   Data           1  main.o(.data)
    LED_STA                                  0x2000002c   Data           1  main.o(.data)
    timed                                    0x2000002d   Data           1  main.o(.data)
    sysread                                  0x2000002e   Data           1  main.o(.data)
    time_sleep                               0x20000030   Data           4  main.o(.data)
    BL_TIME                                  0x20000034   Data           2  main.o(.data)
    POW_TIME                                 0x20000036   Data           2  main.o(.data)
    M_Time                                   0x20000038   Data           2  main.o(.data)
    GET_ESAM                                 0x2000003a   Data           1  main.o(.data)
    Bat_Low                                  0x2000003b   Data           1  main.o(.data)
    Bat_FLAG                                 0x2000003c   Data           1  main.o(.data)
    W_Mode                                   0x2000003d   Data           1  main.o(.data)
    W_BaudRate                               0x2000003e   Data           1  main.o(.data)
    W_Parity                                 0x2000003f   Data           1  main.o(.data)
    W_Time                                   0x20000040   Data           1  main.o(.data)
    W_Code                                   0x20000041   Data           4  main.o(.data)
    W_Bat                                    0x20000046   Data           2  main.o(.data)
    RZ_Counter                               0x20000048   Data           4  main.o(.data)
    BYTE                                     0x2000004c   Data           1  main.o(.data)
    TX_FLAG                                  0x2000004d   Data           1  main.o(.data)
    RX_FLAG                                  0x2000004e   Data           1  main.o(.data)
    CountTX                                  0x2000004f   Data           1  main.o(.data)
    Send_bit                                 0x20000050   Data           1  main.o(.data)
    Tx_bit                                   0x20000051   Data           1  main.o(.data)
    Tx_Parity                                0x20000052   Data           1  main.o(.data)
    tmp_data                                 0x20000053   Data           1  main.o(.data)
    CountRX                                  0x20000054   Data           1  main.o(.data)
    Receive_bit                              0x20000055   Data           1  main.o(.data)
    Rx_Start                                 0x20000056   Data           1  main.o(.data)
    Rx_Parity                                0x20000057   Data           1  main.o(.data)
    Rx_Parity_tmp                            0x20000058   Data           1  main.o(.data)
    IrDARxCounter                            0x2000005a   Data           2  main.o(.data)
    IR_BaudRate_Time                         0x2000005c   Data           2  main.o(.data)
    POW_RS485                                0x2000005e   Data           1  main.o(.data)
    POW_IR                                   0x2000005f   Data           1  main.o(.data)
    POW_ESAM                                 0x20000060   Data           1  main.o(.data)
    Ver_flag                                 0x20000061   Data           1  main.o(.data)
    BT_STA                                   0x20000062   Data           1  main.o(.data)
    BT_BlinkT                                0x20000064   Data           2  main.o(.data)
    n                                        0x20000066   Data           1  stm32f10x_it.o(.data)
    tmp                                      0x20000067   Data           1  stm32f10x_it.o(.data)
    FLASHStatus                              0x20000068   Data           1  deal.o(.data)
    ESAMID                                   0x20000069   Data           8  esam.o(.data)
    ESAMRand1                                0x20000071   Data           8  esam.o(.data)
    ESAMEncData1                             0x20000079   Data           8  esam.o(.data)
    ESAMEncData2                             0x20000081   Data           8  esam.o(.data)
    DBRand2                                  0x20000089   Data           8  esam.o(.data)
    DBEncData1                               0x20000091   Data           8  esam.o(.data)
    DBESAMID                                 0x20000099   Data           8  esam.o(.data)
    SystemCoreClock                          0x200000b8   Data           4  system_stm32f10x.o(.data)
    AHBPrescTable                            0x200000bc   Data          16  system_stm32f10x.o(.data)
    IrDARxQUE                                0x200000cc   Data         516  main.o(.bss)
    RS485RxQUE                               0x200002d0   Data         516  main.o(.bss)
    RxBuffer2                                0x200004d4   Data         512  main.o(.bss)
    RxBuffer3                                0x200006d4   Data         512  main.o(.bss)
    Dat_dbuf                                 0x200008d4   Data         530  main.o(.bss)
    Sys_run                                  0x20000ae8   Data          12  main.o(.bss)
    ReturnFeame                              0x20000af4   Data         266  main.o(.bss)
    IrDARxBuffer1                            0x20000bfe   Data         512  main.o(.bss)
    ADC_ConvertedValue                       0x20000dfe   Data          24  myadc.o(.bss)
    __initial_sp                             0x20001218   Data           0  startup_stm32f10x_md_vl.o(STACK)



==============================================================================

Memory Map of the image

  Image Entry point : 0x08000121

  Load Region LR_IROM1 (Base: 0x08000000, Size: 0x000061ec, Max: 0x00010000, ABSOLUTE)

    Execution Region ER_IROM1 (Base: 0x08000000, Size: 0x00006120, Max: 0x00010000, ABSOLUTE)

    Base Addr    Size         Type   Attr      Idx    E Section Name        Object

    0x08000000   0x00000120   Data   RO          585    RESET               startup_stm32f10x_md_vl.o
    0x08000120   0x00000000   Code   RO          619  * .ARM.Collect$$$$00000000  mc_w.l(entry.o)
    0x08000120   0x00000004   Code   RO          636    .ARM.Collect$$$$00000001  mc_w.l(entry2.o)
    0x08000124   0x00000004   Code   RO          639    .ARM.Collect$$$$00000004  mc_w.l(entry5.o)
    0x08000128   0x00000000   Code   RO          641    .ARM.Collect$$$$00000008  mc_w.l(entry7b.o)
    0x08000128   0x00000000   Code   RO          643    .ARM.Collect$$$$0000000A  mc_w.l(entry8b.o)
    0x08000128   0x00000008   Code   RO          644    .ARM.Collect$$$$0000000B  mc_w.l(entry9a.o)
    0x08000130   0x00000000   Code   RO          646    .ARM.Collect$$$$0000000D  mc_w.l(entry10a.o)
    0x08000130   0x00000000   Code   RO          648    .ARM.Collect$$$$0000000F  mc_w.l(entry11a.o)
    0x08000130   0x00000004   Code   RO          637    .ARM.Collect$$$$00002712  mc_w.l(entry2.o)
    0x08000134   0x00000094   Code   RO            1    .text               main.o
    0x080001c8   0x0000054c   Code   RO          112    .text               stm32f10x_it.o
    0x08000714   0x00000a74   Code   RO          131    .text               dev.o
    0x08001188   0x00000a34   Code   RO          154    .text               deal.o
    0x08001bbc   0x00000038   Code   RO          180    .text               delay.o
    0x08001bf4   0x00000d30   Code   RO          192    .text               esam.o
    0x08002924   0x00000254   Code   RO          207    .text               myadc.o
    0x08002b78   0x000002b2   Code   RO          222    .text               quque.o
    0x08002e2a   0x00000002   PAD
    0x08002e2c   0x000000dc   Code   RO          234    .text               misc.o
    0x08002f08   0x0000044e   Code   RO          329    .text               stm32f10x_adc.o
    0x08003356   0x00000002   PAD
    0x08003358   0x000000c4   Code   RO          341    .text               stm32f10x_bkp.o
    0x0800341c   0x00000254   Code   RO          413    .text               stm32f10x_dma.o
    0x08003670   0x0000011c   Code   RO          425    .text               stm32f10x_exti.o
    0x0800378c   0x000005bc   Code   RO          437    .text               stm32f10x_flash.o
    0x08003d48   0x0000035c   Code   RO          449    .text               stm32f10x_gpio.o
    0x080040a4   0x00000040   Code   RO          473    .text               stm32f10x_iwdg.o
    0x080040e4   0x000000cc   Code   RO          485    .text               stm32f10x_pwr.o
    0x080041b0   0x000003c4   Code   RO          497    .text               stm32f10x_rcc.o
    0x08004574   0x00000e1a   Code   RO          547    .text               stm32f10x_tim.o
    0x0800538e   0x00000002   PAD
    0x08005390   0x00000408   Code   RO          559    .text               stm32f10x_usart.o
    0x08005798   0x0000001c   Code   RO          586    .text               startup_stm32f10x_md_vl.o
    0x080057b4   0x0000021c   Code   RO          591    .text               system_stm32f10x.o
    0x080059d0   0x00000024   Code   RO          622    .text               mc_w.l(memcpya.o)
    0x080059f4   0x00000024   Code   RO          624    .text               mc_w.l(memseta.o)
    0x08005a18   0x00000024   Code   RO          626    .text               mc_w.l(strstr.o)
    0x08005a3c   0x00000038   Code   RO          630    .text               mc_w.l(__0sscanf.o)
    0x08005a74   0x0000014c   Code   RO          632    .text               mc_w.l(_scanf_int.o)
    0x08005bc0   0x000000da   Code   RO          634    .text               mc_w.l(_scanf_str.o)
    0x08005c9a   0x0000001c   Code   RO          650    .text               mc_w.l(_chval.o)
    0x08005cb6   0x00000002   PAD
    0x08005cb8   0x00000028   Code   RO          652    .text               mc_w.l(scanf_char.o)
    0x08005ce0   0x00000040   Code   RO          654    .text               mc_w.l(_sgetc.o)
    0x08005d20   0x00000024   Code   RO          656    .text               mc_w.l(init.o)
    0x08005d44   0x0000000a   Code   RO          658    .text               mc_w.l(isspace_c.o)
    0x08005d4e   0x00000002   PAD
    0x08005d50   0x00000328   Code   RO          660    .text               mc_w.l(_scanf.o)
    0x08006078   0x00000028   Code   RO          662    .text               mc_w.l(ctype_c.o)
    0x080060a0   0x0000000e   Code   RO          667    i.__scatterload_copy  mc_w.l(handlers.o)
    0x080060ae   0x00000002   Code   RO          668    i.__scatterload_null  mc_w.l(handlers.o)
    0x080060b0   0x0000000e   Code   RO          669    i.__scatterload_zeroinit  mc_w.l(handlers.o)
    0x080060be   0x00000040   Data   RO          663    .constdata          mc_w.l(ctype_c.o)
    0x080060fe   0x00000002   PAD
    0x08006100   0x00000020   Data   RO          665    Region$$Table       anon$$obj.o


    Execution Region RW_IRAM1 (Base: 0x20000000, Size: 0x00001218, Max: 0x00002000, ABSOLUTE)

    Base Addr    Size         Type   Attr      Idx    E Section Name        Object

    0x20000000   0x00000066   Data   RW            3    .data               main.o
    0x20000066   0x00000002   Data   RW          113    .data               stm32f10x_it.o
    0x20000068   0x00000001   Data   RW          155    .data               deal.o
    0x20000069   0x00000038   Data   RW          193    .data               esam.o
    0x200000a1   0x00000014   Data   RW          498    .data               stm32f10x_rcc.o
    0x200000b5   0x00000003   PAD
    0x200000b8   0x00000014   Data   RW          592    .data               system_stm32f10x.o
    0x200000cc   0x00000d32   Zero   RW            2    .bss                main.o
    0x20000dfe   0x00000018   Zero   RW          208    .bss                myadc.o
    0x20000e16   0x00000002   PAD
    0x20000e18   0x00000400   Zero   RW          583    STACK               startup_stm32f10x_md_vl.o


==============================================================================

Image component sizes


      Code (inc. data)   RO Data    RW Data    ZI Data      Debug   Object Name

      2612        182          0          1          0      21747   deal.o
        56          0          0          0          0        662   delay.o
      2676        216          0          0          0      21796   dev.o
      3376        326          0         56          0      10116   esam.o
       148         30          0        102       3378     278830   main.o
       220         22          0          0          0     279877   misc.o
       596         40          0          0         24       1977   myadc.o
       690          0          0          0          0       2844   quque.o
        28          4        288          0       1024        924   startup_stm32f10x_md_vl.o
      1102         26          0          0          0      10913   stm32f10x_adc.o
       196          8          0          0          0       3544   stm32f10x_bkp.o
       596          8          0          0          0       4410   stm32f10x_dma.o
       284         10          0          0          0       2311   stm32f10x_exti.o
      1468         34          0          0          0       8114   stm32f10x_flash.o
       860         38          0          0          0       5725   stm32f10x_gpio.o
      1356        178          0          2          0       8422   stm32f10x_it.o
        64          6          0          0          0       1293   stm32f10x_iwdg.o
       204         14          0          0          0       1947   stm32f10x_pwr.o
       964         42          0         20          0       9246   stm32f10x_rcc.o
      3610         88          0          0          0      22208   stm32f10x_tim.o
      1032         22          0          0          0       8452   stm32f10x_usart.o
       540         34          0         20          0       1895   system_stm32f10x.o

    ----------------------------------------------------------------------
     22684       1328        320        204       4428     707253   Object Totals
         0          0         32          0          0          0   (incl. Generated)
         6          0          0          3          2          0   (incl. Padding)

    ----------------------------------------------------------------------

      Code (inc. data)   RO Data    RW Data    ZI Data      Debug   Library Member Name

        56          8          0          0          0         84   __0sscanf.o
        28          0          0          0          0         68   _chval.o
       808          6          0          0          0        112   _scanf.o
       332          0          0          0          0         96   _scanf_int.o
       218          0          0          0          0         96   _scanf_str.o
        64          0          0          0          0         84   _sgetc.o
        40          6         64          0          0         68   ctype_c.o
         0          0          0          0          0          0   entry.o
         0          0          0          0          0          0   entry10a.o
         0          0          0          0          0          0   entry11a.o
         8          4          0          0          0          0   entry2.o
         4          0          0          0          0          0   entry5.o
         0          0          0          0          0          0   entry7b.o
         0          0          0          0          0          0   entry8b.o
         8          4          0          0          0          0   entry9a.o
        30          0          0          0          0          0   handlers.o
        36          8          0          0          0         68   init.o
        10          0          0          0          0         68   isspace_c.o
        36          0          0          0          0         68   memcpya.o
        36          0          0          0          0        108   memseta.o
        40          8          0          0          0         84   scanf_char.o
        36          0          0          0          0         80   strstr.o

    ----------------------------------------------------------------------
      1794         44         66          0          0       1084   Library Totals
         4          0          2          0          0          0   (incl. Padding)

    ----------------------------------------------------------------------

      Code (inc. data)   RO Data    RW Data    ZI Data      Debug   Library Name

      1790         44         64          0          0       1084   mc_w.l

    ----------------------------------------------------------------------
      1794         44         66          0          0       1084   Library Totals

    ----------------------------------------------------------------------

==============================================================================


      Code (inc. data)   RO Data    RW Data    ZI Data      Debug   

     24478       1372        386        204       4428     705421   Grand Totals
     24478       1372        386        204       4428     705421   ELF Image Totals
     24478       1372        386        204          0          0   ROM Totals

==============================================================================

    Total RO  Size (Code + RO Data)                24864 (  24.28kB)
    Total RW  Size (RW Data + ZI Data)              4632 (   4.52kB)
    Total ROM Size (Code + RO Data + RW Data)      25068 (  24.48kB)

==============================================================================

