<html>
<body>
<pre>
<h1>µVision Build Log</h1>
<h2>Project:</h2>
F:\Bluetooth\Source\Project\Pro\BL_IR.uvproj
Project File Date:  08/15/2012

<h2>Output:</h2>
Rebuild target 'BL_IR'
compiling main.c...
d:\Keil\ARM\Inc\ST\STM32F10x\stm32f10x.h(96): error:  #35: #error directive: "Please select first the target STM32F10x device used in your application (in stm32f10x.h file)"
compiling stm32f10x_it.c...
..\..\User\SRC\stm32f10x_it.c(25): error:  #5: cannot open source input file "stm32f10x_it.h": No such file or directory
compiling misc.c...
..\..\Libraries\STM32F10x_StdPeriph_Driver\src\misc.c(24): error:  #5: cannot open source input file "misc.h": No such file or directory
compiling stm32f10x_adc.c...
..\..\Libraries\STM32F10x_StdPeriph_Driver\src\stm32f10x_adc.c(23): error:  #5: cannot open source input file "stm32f10x_adc.h": No such file or directory
compiling stm32f10x_bkp.c...
..\..\Libraries\STM32F10x_StdPeriph_Driver\src\stm32f10x_bkp.c(23): error:  #5: cannot open source input file "stm32f10x_bkp.h": No such file or directory
compiling stm32f10x_can.c...
..\..\Libraries\STM32F10x_StdPeriph_Driver\src\stm32f10x_can.c(23): error:  #5: cannot open source input file "stm32f10x_can.h": No such file or directory
compiling stm32f10x_cec.c...
..\..\Libraries\STM32F10x_StdPeriph_Driver\src\stm32f10x_cec.c(23): error:  #5: cannot open source input file "stm32f10x_cec.h": No such file or directory
compiling stm32f10x_crc.c...
..\..\Libraries\STM32F10x_StdPeriph_Driver\src\stm32f10x_crc.c(23): error:  #5: cannot open source input file "stm32f10x_crc.h": No such file or directory
compiling stm32f10x_dac.c...
..\..\Libraries\STM32F10x_StdPeriph_Driver\src\stm32f10x_dac.c(23): error:  #5: cannot open source input file "stm32f10x_dac.h": No such file or directory
compiling stm32f10x_dbgmcu.c...
..\..\Libraries\STM32F10x_StdPeriph_Driver\src\stm32f10x_dbgmcu.c(23): error:  #5: cannot open source input file "stm32f10x_dbgmcu.h": No such file or directory
compiling stm32f10x_dma.c...
..\..\Libraries\STM32F10x_StdPeriph_Driver\src\stm32f10x_dma.c(23): error:  #5: cannot open source input file "stm32f10x_dma.h": No such file or directory
compiling stm32f10x_exti.c...
..\..\Libraries\STM32F10x_StdPeriph_Driver\src\stm32f10x_exti.c(23): error:  #5: cannot open source input file "stm32f10x_exti.h": No such file or directory
compiling stm32f10x_flash.c...
..\..\Libraries\STM32F10x_StdPeriph_Driver\src\stm32f10x_flash.c(23): error:  #5: cannot open source input file "stm32f10x_flash.h": No such file or directory
compiling stm32f10x_fsmc.c...
..\..\Libraries\STM32F10x_StdPeriph_Driver\src\stm32f10x_fsmc.c(23): error:  #5: cannot open source input file "stm32f10x_fsmc.h": No such file or directory
compiling stm32f10x_gpio.c...
..\..\Libraries\STM32F10x_StdPeriph_Driver\src\stm32f10x_gpio.c(23): error:  #5: cannot open source input file "stm32f10x_gpio.h": No such file or directory
compiling stm32f10x_i2c.c...
..\..\Libraries\STM32F10x_StdPeriph_Driver\src\stm32f10x_i2c.c(23): error:  #5: cannot open source input file "stm32f10x_i2c.h": No such file or directory
compiling stm32f10x_iwdg.c...
..\..\Libraries\STM32F10x_StdPeriph_Driver\src\stm32f10x_iwdg.c(23): error:  #5: cannot open source input file "stm32f10x_iwdg.h": No such file or directory
compiling stm32f10x_pwr.c...
..\..\Libraries\STM32F10x_StdPeriph_Driver\src\stm32f10x_pwr.c(23): error:  #5: cannot open source input file "stm32f10x_pwr.h": No such file or directory
compiling stm32f10x_rcc.c...
..\..\Libraries\STM32F10x_StdPeriph_Driver\src\stm32f10x_rcc.c(23): error:  #5: cannot open source input file "stm32f10x_rcc.h": No such file or directory
compiling stm32f10x_rtc.c...
..\..\Libraries\STM32F10x_StdPeriph_Driver\src\stm32f10x_rtc.c(23): error:  #5: cannot open source input file "stm32f10x_rtc.h": No such file or directory
compiling stm32f10x_sdio.c...
..\..\Libraries\STM32F10x_StdPeriph_Driver\src\stm32f10x_sdio.c(23): error:  #5: cannot open source input file "stm32f10x_sdio.h": No such file or directory
compiling stm32f10x_spi.c...
..\..\Libraries\STM32F10x_StdPeriph_Driver\src\stm32f10x_spi.c(23): error:  #5: cannot open source input file "stm32f10x_spi.h": No such file or directory
compiling stm32f10x_tim.c...
..\..\Libraries\STM32F10x_StdPeriph_Driver\src\stm32f10x_tim.c(23): error:  #5: cannot open source input file "stm32f10x_tim.h": No such file or directory
compiling stm32f10x_usart.c...
..\..\Libraries\STM32F10x_StdPeriph_Driver\src\stm32f10x_usart.c(23): error:  #5: cannot open source input file "stm32f10x_usart.h": No such file or directory
compiling stm32f10x_wwdg.c...
..\..\Libraries\STM32F10x_StdPeriph_Driver\src\stm32f10x_wwdg.c(23): error:  #5: cannot open source input file "stm32f10x_wwdg.h": No such file or directory
assembling startup_stm32f10x_ld.s...
compiling system_stm32f10x.c...
d:\Keil\ARM\Inc\ST\STM32F10x\stm32f10x.h(96): error:  #35: #error directive: "Please select first the target STM32F10x device used in your application (in stm32f10x.h file)"
compiling core_cm3.c...
Target not created
Rebuild target 'BL_IR'
compiling main.c...
d:\Keil\ARM\Inc\ST\STM32F10x\stm32f10x.h(8297): error:  #5: cannot open source input file "stm32f10x_conf.h": No such file or directory
compiling stm32f10x_it.c...
..\..\User\SRC\stm32f10x_it.c(25): error:  #5: cannot open source input file "stm32f10x_it.h": No such file or directory
compiling misc.c...
..\..\Libraries\STM32F10x_StdPeriph_Driver\src\misc.c(24): error:  #5: cannot open source input file "misc.h": No such file or directory
compiling stm32f10x_adc.c...
..\..\Libraries\STM32F10x_StdPeriph_Driver\src\stm32f10x_adc.c(23): error:  #5: cannot open source input file "stm32f10x_adc.h": No such file or directory
compiling stm32f10x_bkp.c...
..\..\Libraries\STM32F10x_StdPeriph_Driver\src\stm32f10x_bkp.c(23): error:  #5: cannot open source input file "stm32f10x_bkp.h": No such file or directory
compiling stm32f10x_can.c...
..\..\Libraries\STM32F10x_StdPeriph_Driver\src\stm32f10x_can.c(23): error:  #5: cannot open source input file "stm32f10x_can.h": No such file or directory
compiling stm32f10x_cec.c...
..\..\Libraries\STM32F10x_StdPeriph_Driver\src\stm32f10x_cec.c(23): error:  #5: cannot open source input file "stm32f10x_cec.h": No such file or directory
compiling stm32f10x_crc.c...
..\..\Libraries\STM32F10x_StdPeriph_Driver\src\stm32f10x_crc.c(23): error:  #5: cannot open source input file "stm32f10x_crc.h": No such file or directory
compiling stm32f10x_dac.c...
..\..\Libraries\STM32F10x_StdPeriph_Driver\src\stm32f10x_dac.c(23): error:  #5: cannot open source input file "stm32f10x_dac.h": No such file or directory
compiling stm32f10x_dbgmcu.c...
..\..\Libraries\STM32F10x_StdPeriph_Driver\src\stm32f10x_dbgmcu.c(23): error:  #5: cannot open source input file "stm32f10x_dbgmcu.h": No such file or directory
compiling stm32f10x_dma.c...
..\..\Libraries\STM32F10x_StdPeriph_Driver\src\stm32f10x_dma.c(23): error:  #5: cannot open source input file "stm32f10x_dma.h": No such file or directory
compiling stm32f10x_exti.c...
..\..\Libraries\STM32F10x_StdPeriph_Driver\src\stm32f10x_exti.c(23): error:  #5: cannot open source input file "stm32f10x_exti.h": No such file or directory
compiling stm32f10x_flash.c...
..\..\Libraries\STM32F10x_StdPeriph_Driver\src\stm32f10x_flash.c(23): error:  #5: cannot open source input file "stm32f10x_flash.h": No such file or directory
compiling stm32f10x_fsmc.c...
..\..\Libraries\STM32F10x_StdPeriph_Driver\src\stm32f10x_fsmc.c(23): error:  #5: cannot open source input file "stm32f10x_fsmc.h": No such file or directory
compiling stm32f10x_gpio.c...
..\..\Libraries\STM32F10x_StdPeriph_Driver\src\stm32f10x_gpio.c(23): error:  #5: cannot open source input file "stm32f10x_gpio.h": No such file or directory
compiling stm32f10x_i2c.c...
..\..\Libraries\STM32F10x_StdPeriph_Driver\src\stm32f10x_i2c.c(23): error:  #5: cannot open source input file "stm32f10x_i2c.h": No such file or directory
compiling stm32f10x_iwdg.c...
..\..\Libraries\STM32F10x_StdPeriph_Driver\src\stm32f10x_iwdg.c(23): error:  #5: cannot open source input file "stm32f10x_iwdg.h": No such file or directory
compiling stm32f10x_pwr.c...
..\..\Libraries\STM32F10x_StdPeriph_Driver\src\stm32f10x_pwr.c(23): error:  #5: cannot open source input file "stm32f10x_pwr.h": No such file or directory
compiling stm32f10x_rcc.c...
..\..\Libraries\STM32F10x_StdPeriph_Driver\src\stm32f10x_rcc.c(23): error:  #5: cannot open source input file "stm32f10x_rcc.h": No such file or directory
compiling stm32f10x_rtc.c...
..\..\Libraries\STM32F10x_StdPeriph_Driver\src\stm32f10x_rtc.c(23): error:  #5: cannot open source input file "stm32f10x_rtc.h": No such file or directory
compiling stm32f10x_sdio.c...
..\..\Libraries\STM32F10x_StdPeriph_Driver\src\stm32f10x_sdio.c(23): error:  #5: cannot open source input file "stm32f10x_sdio.h": No such file or directory
compiling stm32f10x_spi.c...
..\..\Libraries\STM32F10x_StdPeriph_Driver\src\stm32f10x_spi.c(23): error:  #5: cannot open source input file "stm32f10x_spi.h": No such file or directory
compiling stm32f10x_tim.c...
..\..\Libraries\STM32F10x_StdPeriph_Driver\src\stm32f10x_tim.c(23): error:  #5: cannot open source input file "stm32f10x_tim.h": No such file or directory
compiling stm32f10x_usart.c...
..\..\Libraries\STM32F10x_StdPeriph_Driver\src\stm32f10x_usart.c(23): error:  #5: cannot open source input file "stm32f10x_usart.h": No such file or directory
compiling stm32f10x_wwdg.c...
..\..\Libraries\STM32F10x_StdPeriph_Driver\src\stm32f10x_wwdg.c(23): error:  #5: cannot open source input file "stm32f10x_wwdg.h": No such file or directory
assembling startup_stm32f10x_ld.s...
compiling system_stm32f10x.c...
d:\Keil\ARM\Inc\ST\STM32F10x\stm32f10x.h(8297): error:  #5: cannot open source input file "stm32f10x_conf.h": No such file or directory
compiling core_cm3.c...
Target not created
Rebuild target 'BL_IR'
compiling main.c...
..\..\User\SRC\main.c(24): error:  #5: cannot open source input file "stm32_eval.h": No such file or directory
compiling stm32f10x_it.c...
compiling misc.c...
compiling stm32f10x_adc.c...
compiling stm32f10x_bkp.c...
compiling stm32f10x_can.c...
compiling stm32f10x_cec.c...
compiling stm32f10x_crc.c...
compiling stm32f10x_dac.c...
compiling stm32f10x_dbgmcu.c...
compiling stm32f10x_dma.c...
compiling stm32f10x_exti.c...
compiling stm32f10x_flash.c...
compiling stm32f10x_fsmc.c...
compiling stm32f10x_gpio.c...
compiling stm32f10x_i2c.c...
compiling stm32f10x_iwdg.c...
compiling stm32f10x_pwr.c...
compiling stm32f10x_rcc.c...
compiling stm32f10x_rtc.c...
compiling stm32f10x_sdio.c...
compiling stm32f10x_spi.c...
compiling stm32f10x_tim.c...
compiling stm32f10x_usart.c...
compiling stm32f10x_wwdg.c...
assembling startup_stm32f10x_ld.s...
compiling system_stm32f10x.c...
compiling core_cm3.c...
Target not created
Rebuild target 'BL_IR'
compiling main.c...
compiling stm32f10x_it.c...
compiling misc.c...
compiling stm32f10x_adc.c...
compiling stm32f10x_bkp.c...
compiling stm32f10x_can.c...
compiling stm32f10x_cec.c...
compiling stm32f10x_crc.c...
compiling stm32f10x_dac.c...
compiling stm32f10x_dbgmcu.c...
compiling stm32f10x_dma.c...
compiling stm32f10x_exti.c...
compiling stm32f10x_flash.c...
compiling stm32f10x_fsmc.c...
compiling stm32f10x_gpio.c...
compiling stm32f10x_i2c.c...
compiling stm32f10x_iwdg.c...
compiling stm32f10x_pwr.c...
compiling stm32f10x_rcc.c...
compiling stm32f10x_rtc.c...
compiling stm32f10x_sdio.c...
compiling stm32f10x_spi.c...
compiling stm32f10x_tim.c...
compiling stm32f10x_usart.c...
compiling stm32f10x_wwdg.c...
assembling startup_stm32f10x_ld.s...
compiling system_stm32f10x.c...
compiling core_cm3.c...
linking...
Program Size: Code=2752 RO-data=268 RW-data=44 ZI-data=1636  
FromELF: creating hex file...
"..\OBJ\BL_IR.axf" - 0 Error(s), 0 Warning(s).
Rebuild target 'BL_IR'
compiling main.c...
compiling stm32f10x_it.c...
compiling dev.c...
..\..\User\SRC\dev.c(147): error:  #20: identifier "TIM2_IRQChannel" is undefined
..\..\User\SRC\dev.c(155): error:  #20: identifier "USART3_IRQChannel" is undefined
..\..\User\SRC\dev.c(162): error:  #20: identifier "USART2_IRQChannel" is undefined
..\..\User\SRC\dev.c(169): error:  #20: identifier "RTC_IRQChannel" is undefined
..\..\User\SRC\dev.c(177): error:  #20: identifier "USART1_IRQChannel" is undefined
..\..\User\SRC\dev.c(306): warning:  #223-D: function "I2C_SCL_1" declared implicitly
..\..\User\SRC\dev.c(307): warning:  #223-D: function "I2C_SDA_1" declared implicitly
..\..\User\SRC\dev.c(583): error:  #20: identifier "TxCounter1" is undefined
..\..\User\SRC\dev.c(584): error:  #20: identifier "MaxNbrofTx1" is undefined
..\..\User\SRC\dev.c(585): error:  #20: identifier "TxBuffer1" is undefined
..\..\User\SRC\dev.c(591): error:  #20: identifier "TxCounter2" is undefined
..\..\User\SRC\dev.c(592): error:  #20: identifier "MaxNbrofTx2" is undefined
..\..\User\SRC\dev.c(593): error:  #20: identifier "TxBuffer2" is undefined
..\..\User\SRC\dev.c(598): error:  #20: identifier "TxCounter3" is undefined
..\..\User\SRC\dev.c(599): error:  #20: identifier "MaxNbrofTx3" is undefined
..\..\User\SRC\dev.c(600): error:  #20: identifier "TxBuffer3" is undefined
..\..\User\SRC\dev.c(601): warning:  #223-D: function "GPIO_COMLED_ON" declared implicitly
..\..\User\SRC\dev.c(604): warning:  #223-D: function "GPIO_COMLED_OFF" declared implicitly
..\..\User\SRC\dev.c(635): error:  #20: identifier "TIME_1S" is undefined
..\..\User\SRC\dev.c(644): error:  #20: identifier "TIME_250MS" is undefined
..\..\User\SRC\dev.c(652): error:  #20: identifier "TIME_25MS" is undefined
..\..\User\SRC\dev.c(660): error:  #20: identifier "TIME_10MS" is undefined
..\..\User\SRC\dev.c(779): warning:  #223-D: function "I2C_SDA_1" declared implicitly
..\..\User\SRC\dev.c(782): warning:  #223-D: function "I2C_SCL_1" declared implicitly
..\..\User\SRC\dev.c(784): warning:  #223-D: function "I2C_SDA_STATE" declared implicitly
..\..\User\SRC\dev.c(787): error:  #20: identifier "I2C_BUSY" is undefined
..\..\User\SRC\dev.c(789): warning:  #223-D: function "I2C_SDA_0" declared implicitly
..\..\User\SRC\dev.c(792): warning:  #223-D: function "I2C_SCL_0" declared implicitly
..\..\User\SRC\dev.c(797): error:  #20: identifier "I2C_ERR" is undefined
..\..\User\SRC\dev.c(799): error:  #20: identifier "I2C_READY" is undefined
..\..\User\SRC\dev.c(810): warning:  #223-D: function "I2C_SDA_0" declared implicitly
..\..\User\SRC\dev.c(813): warning:  #223-D: function "I2C_SCL_1" declared implicitly
..\..\User\SRC\dev.c(815): warning:  #223-D: function "I2C_SDA_1" declared implicitly
..\..\User\SRC\dev.c(821): warning:  #223-D: function "I2C_SDA_0" declared implicitly
..\..\User\SRC\dev.c(823): warning:  #223-D: function "I2C_SCL_1" declared implicitly
..\..\User\SRC\dev.c(825): warning:  #223-D: function "I2C_SCL_0" declared implicitly
..\..\User\SRC\dev.c(830): warning:  #223-D: function "I2C_SDA_1" declared implicitly
..\..\User\SRC\dev.c(832): warning:  #223-D: function "I2C_SCL_1" declared implicitly
..\..\User\SRC\dev.c(834): warning:  #223-D: function "I2C_SCL_0" declared implicitly
..\..\User\SRC\dev.c(848): warning:  #223-D: function "I2C_SCL_0" declared implicitly
..\..\User\SRC\dev.c(854): warning:  #223-D: function "I2C_SDA_1" declared implicitly
..\..\User\SRC\dev.c(858): warning:  #223-D: function "I2C_SDA_0" declared implicitly
..\..\User\SRC\dev.c(865): warning:  #223-D: function "I2C_SCL_1" declared implicitly
..\..\User\SRC\dev.c(872): warning:  #223-D: function "I2C_SDA_1" declared implicitly
..\..\User\SRC\dev.c(874): warning:  #223-D: function "I2C_SCL_1" declared implicitly
..\..\User\SRC\dev.c(876): warning:  #223-D: function "I2C_SDA_STATE" declared implicitly
..\..\User\SRC\dev.c(880): error:  #20: identifier "I2C_NACK" is undefined
..\..\User\SRC\dev.c(886): error:  #20: identifier "I2C_ACK" is undefined
..\..\User\SRC\dev.c(899): warning:  #223-D: function "I2C_SDA_1" declared implicitly
..\..\User\SRC\dev.c(900): warning:  #223-D: function "I2C_SCL_0" declared implicitly
..\..\User\SRC\dev.c(904): warning:  #223-D: function "I2C_SCL_1" declared implicitly
..\..\User\SRC\dev.c(907): warning:  #223-D: function "I2C_SDA_STATE" declared implicitly
..\..\User\SRC\dev.c(929): error:  #20: identifier "I2C_READY" is undefined
..\..\User\SRC\dev.c(932): error:  #20: identifier "EEPROM_ADDRESS" is undefined
..\..\User\SRC\dev.c(934): error:  #20: identifier "I2C_ACK" is undefined
..\..\User\SRC\dev.c(955): error:  #20: identifier "I2C_READY" is undefined
..\..\User\SRC\dev.c(960): error:  #20: identifier "EEPROM_ADDRESS" is undefined
..\..\User\SRC\dev.c(964): error:  #20: identifier "EEPROM_ADDRESS" is undefined
..\..\User\SRC\dev.c(967): error:  #20: identifier "I2C_ACK" is undefined
compiling misc.c...
compiling stm32f10x_adc.c...
compiling stm32f10x_bkp.c...
compiling stm32f10x_can.c...
compiling stm32f10x_cec.c...
compiling stm32f10x_crc.c...
compiling stm32f10x_dac.c...
Project build/rebuild aborted.
Target not created
Rebuild target 'BL_IR'
compiling main.c...
compiling stm32f10x_it.c...
compiling dev.c...
..\..\User\SRC\dev.c(147): error:  #20: identifier "TIM2_IRQChannel" is undefined
..\..\User\SRC\dev.c(155): error:  #20: identifier "USART3_IRQChannel" is undefined
..\..\User\SRC\dev.c(162): error:  #20: identifier "USART2_IRQChannel" is undefined
..\..\User\SRC\dev.c(169): error:  #20: identifier "RTC_IRQChannel" is undefined
..\..\User\SRC\dev.c(177): error:  #20: identifier "USART1_IRQChannel" is undefined
..\..\User\SRC\dev.c(583): error:  #20: identifier "TxCounter1" is undefined
..\..\User\SRC\dev.c(584): error:  #20: identifier "MaxNbrofTx1" is undefined
..\..\User\SRC\dev.c(585): error:  #20: identifier "TxBuffer1" is undefined
..\..\User\SRC\dev.c(591): error:  #20: identifier "TxCounter2" is undefined
..\..\User\SRC\dev.c(592): error:  #20: identifier "MaxNbrofTx2" is undefined
..\..\User\SRC\dev.c(593): error:  #20: identifier "TxBuffer2" is undefined
..\..\User\SRC\dev.c(598): error:  #20: identifier "TxCounter3" is undefined
..\..\User\SRC\dev.c(599): error:  #20: identifier "MaxNbrofTx3" is undefined
..\..\User\SRC\dev.c(600): error:  #20: identifier "TxBuffer3" is undefined
..\..\User\SRC\dev.c(601): warning:  #223-D: function "GPIO_COMLED_ON" declared implicitly
..\..\User\SRC\dev.c(604): warning:  #223-D: function "GPIO_COMLED_OFF" declared implicitly
..\..\User\SRC\dev.c(635): error:  #20: identifier "TIME_1S" is undefined
..\..\User\SRC\dev.c(644): error:  #20: identifier "TIME_250MS" is undefined
..\..\User\SRC\dev.c(652): error:  #20: identifier "TIME_25MS" is undefined
..\..\User\SRC\dev.c(660): error:  #20: identifier "TIME_10MS" is undefined
..\..\User\SRC\dev.c(1191): warning:  #223-D: function "GPIO_IO_0" declared implicitly
..\..\User\SRC\dev.c(1192): warning:  #223-D: function "Delay" declared implicitly
..\..\User\SRC\dev.c(1193): warning:  #223-D: function "GPIO_IO_1" declared implicitly
..\..\User\SRC\dev.c(1195): warning:  #223-D: function "GPIO_IO_T" declared implicitly
..\..\User\SRC\dev.c(1204): warning:  #223-D: function "GPIO_IO_F" declared implicitly
..\..\User\SRC\dev.c(1272): error:  #20: identifier "RH_data" is undefined
..\..\User\SRC\dev.c(1273): error:  #20: identifier "Tempr_data" is undefined
compiling misc.c...
compiling stm32f10x_adc.c...
compiling stm32f10x_bkp.c...
compiling stm32f10x_can.c...
compiling stm32f10x_cec.c...
compiling stm32f10x_crc.c...
compiling stm32f10x_dac.c...
Project build/rebuild aborted.
Target not created
Rebuild target 'BL_IR'
compiling main.c...
compiling stm32f10x_it.c...
compiling dev.c...
..\..\User\SRC\dev.c(147): error:  #20: identifier "TIM2_IRQChannel" is undefined
..\..\User\SRC\dev.c(155): error:  #20: identifier "USART3_IRQChannel" is undefined
..\..\User\SRC\dev.c(162): error:  #20: identifier "USART2_IRQChannel" is undefined
..\..\User\SRC\dev.c(169): error:  #20: identifier "RTC_IRQChannel" is undefined
..\..\User\SRC\dev.c(177): error:  #20: identifier "USART1_IRQChannel" is undefined
..\..\User\SRC\dev.c(583): error:  #20: identifier "TxCounter1" is undefined
..\..\User\SRC\dev.c(584): error:  #20: identifier "MaxNbrofTx1" is undefined
..\..\User\SRC\dev.c(585): error:  #20: identifier "TxBuffer1" is undefined
..\..\User\SRC\dev.c(591): error:  #20: identifier "TxCounter2" is undefined
..\..\User\SRC\dev.c(592): error:  #20: identifier "MaxNbrofTx2" is undefined
..\..\User\SRC\dev.c(593): error:  #20: identifier "TxBuffer2" is undefined
..\..\User\SRC\dev.c(598): error:  #20: identifier "TxCounter3" is undefined
..\..\User\SRC\dev.c(599): error:  #20: identifier "MaxNbrofTx3" is undefined
..\..\User\SRC\dev.c(600): error:  #20: identifier "TxBuffer3" is undefined
..\..\User\SRC\dev.c(601): warning:  #223-D: function "GPIO_COMLED_ON" declared implicitly
..\..\User\SRC\dev.c(604): warning:  #223-D: function "GPIO_COMLED_OFF" declared implicitly
..\..\User\SRC\dev.c(635): error:  #20: identifier "TIME_1S" is undefined
..\..\User\SRC\dev.c(644): error:  #20: identifier "TIME_250MS" is undefined
..\..\User\SRC\dev.c(652): error:  #20: identifier "TIME_25MS" is undefined
..\..\User\SRC\dev.c(660): error:  #20: identifier "TIME_10MS" is undefined
..\..\User\SRC\dev.c(1191): warning:  #223-D: function "GPIO_IO_0" declared implicitly
..\..\User\SRC\dev.c(1192): warning:  #223-D: function "Delay" declared implicitly
..\..\User\SRC\dev.c(1193): warning:  #223-D: function "GPIO_IO_1" declared implicitly
..\..\User\SRC\dev.c(1195): warning:  #223-D: function "GPIO_IO_T" declared implicitly
..\..\User\SRC\dev.c(1204): warning:  #223-D: function "GPIO_IO_F" declared implicitly
..\..\User\SRC\dev.c(1272): error:  #20: identifier "RH_data" is undefined
..\..\User\SRC\dev.c(1273): error:  #20: identifier "Tempr_data" is undefined
compiling misc.c...
compiling stm32f10x_adc.c...
compiling stm32f10x_bkp.c...
compiling stm32f10x_can.c...
compiling stm32f10x_cec.c...
compiling stm32f10x_crc.c...
compiling stm32f10x_dac.c...
compiling stm32f10x_dbgmcu.c...
compiling stm32f10x_dma.c...
compiling stm32f10x_exti.c...
compiling stm32f10x_flash.c...
compiling stm32f10x_fsmc.c...
compiling stm32f10x_gpio.c...
compiling stm32f10x_i2c.c...
compiling stm32f10x_iwdg.c...
compiling stm32f10x_pwr.c...
compiling stm32f10x_rcc.c...
compiling stm32f10x_rtc.c...
compiling stm32f10x_sdio.c...
compiling stm32f10x_spi.c...
compiling stm32f10x_tim.c...
compiling stm32f10x_usart.c...
compiling stm32f10x_wwdg.c...
assembling startup_stm32f10x_ld.s...
compiling system_stm32f10x.c...
compiling core_cm3.c...
Target not created
Rebuild target 'BL_IR'
compiling main.c...
compiling stm32f10x_it.c...
compiling dev.c...
..\..\User\SRC\dev.c(155): error:  #20: identifier "USART3_IRQn" is undefined
..\..\User\SRC\dev.c(583): error:  #20: identifier "TxCounter1" is undefined
..\..\User\SRC\dev.c(584): error:  #20: identifier "MaxNbrofTx1" is undefined
..\..\User\SRC\dev.c(585): error:  #20: identifier "TxBuffer1" is undefined
..\..\User\SRC\dev.c(591): error:  #20: identifier "TxCounter2" is undefined
..\..\User\SRC\dev.c(592): error:  #20: identifier "MaxNbrofTx2" is undefined
..\..\User\SRC\dev.c(593): error:  #20: identifier "TxBuffer2" is undefined
..\..\User\SRC\dev.c(598): error:  #20: identifier "TxCounter3" is undefined
..\..\User\SRC\dev.c(599): error:  #20: identifier "MaxNbrofTx3" is undefined
..\..\User\SRC\dev.c(600): error:  #20: identifier "TxBuffer3" is undefined
..\..\User\SRC\dev.c(601): warning:  #223-D: function "GPIO_COMLED_ON" declared implicitly
..\..\User\SRC\dev.c(604): warning:  #223-D: function "GPIO_COMLED_OFF" declared implicitly
..\..\User\SRC\dev.c(635): error:  #20: identifier "TIME_1S" is undefined
..\..\User\SRC\dev.c(644): error:  #20: identifier "TIME_250MS" is undefined
..\..\User\SRC\dev.c(652): error:  #20: identifier "TIME_25MS" is undefined
..\..\User\SRC\dev.c(660): error:  #20: identifier "TIME_10MS" is undefined
..\..\User\SRC\dev.c(1191): warning:  #223-D: function "GPIO_IO_0" declared implicitly
..\..\User\SRC\dev.c(1192): warning:  #223-D: function "Delay" declared implicitly
..\..\User\SRC\dev.c(1193): warning:  #223-D: function "GPIO_IO_1" declared implicitly
..\..\User\SRC\dev.c(1195): warning:  #223-D: function "GPIO_IO_T" declared implicitly
..\..\User\SRC\dev.c(1204): warning:  #223-D: function "GPIO_IO_F" declared implicitly
..\..\User\SRC\dev.c(1272): error:  #20: identifier "RH_data" is undefined
..\..\User\SRC\dev.c(1273): error:  #20: identifier "Tempr_data" is undefined
compiling misc.c...
compiling stm32f10x_adc.c...
compiling stm32f10x_bkp.c...
compiling stm32f10x_can.c...
Project build/rebuild aborted.
Target not created
Rebuild target 'BL_IR'
compiling main.c...
compiling stm32f10x_it.c...
compiling dev.c...
..\..\User\SRC\dev.c(583): error:  #20: identifier "TxCounter1" is undefined
..\..\User\SRC\dev.c(584): error:  #20: identifier "MaxNbrofTx1" is undefined
..\..\User\SRC\dev.c(585): error:  #20: identifier "TxBuffer1" is undefined
..\..\User\SRC\dev.c(591): error:  #20: identifier "TxCounter2" is undefined
..\..\User\SRC\dev.c(592): error:  #20: identifier "MaxNbrofTx2" is undefined
..\..\User\SRC\dev.c(593): error:  #20: identifier "TxBuffer2" is undefined
..\..\User\SRC\dev.c(598): error:  #20: identifier "TxCounter3" is undefined
..\..\User\SRC\dev.c(599): error:  #20: identifier "MaxNbrofTx3" is undefined
..\..\User\SRC\dev.c(600): error:  #20: identifier "TxBuffer3" is undefined
..\..\User\SRC\dev.c(601): warning:  #223-D: function "GPIO_COMLED_ON" declared implicitly
..\..\User\SRC\dev.c(604): warning:  #223-D: function "GPIO_COMLED_OFF" declared implicitly
..\..\User\SRC\dev.c(635): error:  #20: identifier "TIME_1S" is undefined
..\..\User\SRC\dev.c(644): error:  #20: identifier "TIME_250MS" is undefined
..\..\User\SRC\dev.c(652): error:  #20: identifier "TIME_25MS" is undefined
..\..\User\SRC\dev.c(660): error:  #20: identifier "TIME_10MS" is undefined
..\..\User\SRC\dev.c(1191): warning:  #223-D: function "GPIO_IO_0" declared implicitly
..\..\User\SRC\dev.c(1192): warning:  #223-D: function "Delay" declared implicitly
..\..\User\SRC\dev.c(1193): warning:  #223-D: function "GPIO_IO_1" declared implicitly
..\..\User\SRC\dev.c(1195): warning:  #223-D: function "GPIO_IO_T" declared implicitly
..\..\User\SRC\dev.c(1204): warning:  #223-D: function "GPIO_IO_F" declared implicitly
..\..\User\SRC\dev.c(1272): error:  #20: identifier "RH_data" is undefined
..\..\User\SRC\dev.c(1273): error:  #20: identifier "Tempr_data" is undefined
compiling misc.c...
compiling stm32f10x_adc.c...
Project build/rebuild aborted.
Target not created
Rebuild target 'BL_IR'
compiling main.c...
compiling stm32f10x_it.c...
compiling dev.c...
..\..\User\SRC\dev.c(635): error:  #20: identifier "TIME_1S" is undefined
..\..\User\SRC\dev.c(644): error:  #20: identifier "TIME_250MS" is undefined
..\..\User\SRC\dev.c(652): error:  #20: identifier "TIME_25MS" is undefined
..\..\User\SRC\dev.c(660): error:  #20: identifier "TIME_10MS" is undefined
..\..\User\SRC\dev.c(1191): warning:  #223-D: function "GPIO_IO_0" declared implicitly
..\..\User\SRC\dev.c(1192): warning:  #223-D: function "Delay" declared implicitly
..\..\User\SRC\dev.c(1193): warning:  #223-D: function "GPIO_IO_1" declared implicitly
..\..\User\SRC\dev.c(1195): warning:  #223-D: function "GPIO_IO_T" declared implicitly
..\..\User\SRC\dev.c(1204): warning:  #223-D: function "GPIO_IO_F" declared implicitly
..\..\User\SRC\dev.c(1272): error:  #20: identifier "RH_data" is undefined
..\..\User\SRC\dev.c(1273): error:  #20: identifier "Tempr_data" is undefined
compiling misc.c...
Project build/rebuild aborted.
Target not created
Rebuild target 'BL_IR'
compiling main.c...
compiling stm32f10x_it.c...
compiling dev.c...
..\..\User\SRC\dev.c(635): error:  #20: identifier "TIME_1S" is undefined
..\..\User\SRC\dev.c(644): error:  #20: identifier "TIME_250MS" is undefined
..\..\User\SRC\dev.c(652): error:  #20: identifier "TIME_25MS" is undefined
..\..\User\SRC\dev.c(660): error:  #20: identifier "TIME_10MS" is undefined
compiling misc.c...
compiling stm32f10x_adc.c...
compiling stm32f10x_bkp.c...
Project build/rebuild aborted.
Target not created
Rebuild target 'BL_IR'
compiling main.c...
compiling stm32f10x_it.c...
compiling dev.c...
compiling misc.c...
compiling stm32f10x_adc.c...
compiling stm32f10x_bkp.c...
compiling stm32f10x_can.c...
compiling stm32f10x_cec.c...
compiling stm32f10x_crc.c...
compiling stm32f10x_dac.c...
compiling stm32f10x_dbgmcu.c...
Project build/rebuild aborted.
Target not created
Rebuild target 'BL_IR'
compiling main.c...
compiling stm32f10x_it.c...
compiling dev.c...
compiling misc.c...
compiling stm32f10x_adc.c...
Project build/rebuild aborted.
Target not created
Rebuild target 'BL_IR'
compiling main.c...
compiling stm32f10x_it.c...
compiling dev.c...
..\..\User\SRC\dev.c(341): error:  #20: identifier "USART_Parity_None" is undefined
compiling misc.c...
compiling stm32f10x_adc.c...
compiling stm32f10x_bkp.c...
Project build/rebuild aborted.
Target not created
Rebuild target 'BL_IR'
compiling main.c...
compiling stm32f10x_it.c...
compiling dev.c...
compiling misc.c...
compiling stm32f10x_adc.c...
compiling stm32f10x_bkp.c...
Project build/rebuild aborted.
Target not created
Rebuild target 'BL_IR'
compiling main.c...
compiling stm32f10x_it.c...
compiling dev.c...
compiling misc.c...
compiling stm32f10x_adc.c...
Project build/rebuild aborted.
Target not created
Rebuild target 'BL_IR'
compiling main.c...
compiling stm32f10x_it.c...
compiling dev.c...
..\..\User\SRC\dev.c(322): warning:  #177-D: variable "USART_ClockInitStructure" was declared but never referenced
compiling misc.c...
compiling stm32f10x_adc.c...
compiling stm32f10x_bkp.c...
compiling stm32f10x_can.c...
compiling stm32f10x_cec.c...
compiling stm32f10x_crc.c...
compiling stm32f10x_dac.c...
compiling stm32f10x_dbgmcu.c...
compiling stm32f10x_dma.c...
compiling stm32f10x_exti.c...
compiling stm32f10x_flash.c...
compiling stm32f10x_gpio.c...
compiling stm32f10x_i2c.c...
compiling stm32f10x_iwdg.c...
compiling stm32f10x_pwr.c...
compiling stm32f10x_rcc.c...
compiling stm32f10x_rtc.c...
compiling stm32f10x_sdio.c...
compiling stm32f10x_spi.c...
compiling stm32f10x_tim.c...
compiling stm32f10x_usart.c...
compiling stm32f10x_wwdg.c...
assembling startup_stm32f10x_ld.s...
compiling system_stm32f10x.c...
compiling core_cm3.c...
linking...
Program Size: Code=844 RO-data=268 RW-data=20 ZI-data=1636  
FromELF: creating hex file...
"..\OBJ\BL_IR.axf" - 0 Error(s), 1 Warning(s).
Rebuild target 'BL_IR'
compiling main.c...
compiling stm32f10x_it.c...
compiling dev.c...
..\..\User\SRC\dev.c(327): warning:  #177-D: variable "USART_ClockInitStructure" was declared but never referenced
compiling misc.c...
compiling stm32f10x_adc.c...
compiling stm32f10x_bkp.c...
compiling stm32f10x_can.c...
compiling stm32f10x_cec.c...
compiling stm32f10x_crc.c...
compiling stm32f10x_dac.c...
compiling stm32f10x_dbgmcu.c...
compiling stm32f10x_dma.c...
compiling stm32f10x_exti.c...
compiling stm32f10x_flash.c...
compiling stm32f10x_gpio.c...
compiling stm32f10x_i2c.c...
compiling stm32f10x_iwdg.c...
compiling stm32f10x_pwr.c...
compiling stm32f10x_rcc.c...
compiling stm32f10x_rtc.c...
compiling stm32f10x_sdio.c...
compiling stm32f10x_spi.c...
compiling stm32f10x_tim.c...
compiling stm32f10x_usart.c...
compiling stm32f10x_wwdg.c...
assembling startup_stm32f10x_ld.s...
compiling system_stm32f10x.c...
compiling core_cm3.c...
linking...
Program Size: Code=844 RO-data=268 RW-data=20 ZI-data=1636  
FromELF: creating hex file...
"..\OBJ\BL_IR.axf" - 0 Error(s), 1 Warning(s).
Rebuild target 'BL_IR'
compiling main.c...
compiling stm32f10x_it.c...
compiling dev.c...
..\..\User\SRC\dev.c(327): warning:  #177-D: variable "USART_ClockInitStructure" was declared but never referenced
compiling misc.c...
compiling stm32f10x_adc.c...
compiling stm32f10x_bkp.c...
compiling stm32f10x_can.c...
Project build/rebuild aborted.
Target not created
